03-22 14:51:57.180 E/BufferQueueProducer(18488): [SurfaceTexture-0-18488-44](id:483800000038,api:0,p:-1,c:18488) detachBuffer: BufferQueue has no connected producer
03-22 14:51:57.183 E/BufferQueueProducer(18488): [SurfaceTexture-0-18488-46](id:48380000003a,api:0,p:-1,c:18488) detachBuffer: BufferQueue has no connected producer
03-22 14:52:00.975 E/BufferQueueProducer(18488): [SurfaceTexture-0-18488-48](id:48380000003c,api:0,p:-1,c:18488) detachBuffer: BufferQueue has no connected producer
03-22 14:52:00.980 E/BufferQueueProducer(18488): [SurfaceTexture-0-18488-52](id:483800000040,api:0,p:-1,c:18488) detachBuffer: BufferQueue has no connected producer
03-22 14:52:16.504 E/BufferQueueProducer(18488): [SurfaceTexture-0-18488-54](id:483800000042,api:0,p:-1,c:18488) detachBuffer: BufferQueue has no connected producer
03-22 14:52:45.332 E/libOpenSLES(18934): Configuration error: unknown key
03-22 14:52:48.293 E/libOpenSLES(18934): frameworks/wilhelm/src/itf/IPlay.cpp:204: pthread_mutex_lock_timeout_np returned 110
03-22 14:52:48.452 E/libOpenSLES(18934): Configuration error: unknown key
03-22 14:52:50.343 E/BufferQueueProducer(18488): [SurfaceTexture-0-18488-60](id:483800000048,api:0,p:-1,c:18488) detachBuffer: BufferQueue has no connected producer
03-22 14:52:52.526 E/libOpenSLES(18934): frameworks/wilhelm/src/itf/IPlay.cpp:204: pthread_mutex_lock_timeout_np returned 110
03-22 14:52:52.547 E/libOpenSLES(18934): frameworks/wilhelm/src/itf/IPlay.cpp:204: pthread_mutex_lock_timeout_np returned 110
03-22 14:52:52.692 E/libOpenSLES(18934): Configuration error: unknown key
03-22 14:52:56.968 E/BufferQueueProducer(18488): [SurfaceTexture-0-18488-68](id:483800000051,api:0,p:-1,c:18488) detachBuffer: BufferQueue has no connected producer
03-22 14:52:59.989 E/BufferQueueProducer(18488): [SurfaceTexture-0-18488-62](id:48380000004a,api:0,p:-1,c:18488) detachBuffer: BufferQueue has no connected producer
03-22 14:53:14.235 E/BufferQueueProducer(18488): [SurfaceTexture-0-18488-70](id:483800000053,api:0,p:-1,c:18488) detachBuffer: BufferQueue has no connected producer
03-22 14:53:57.236 E/BufferQueueProducer(18488): [SurfaceTexture-0-18488-58](id:483800000046,api:0,p:-1,c:18488) detachBuffer: BufferQueue has no connected producer
03-22 14:53:57.240 E/BufferQueueProducer(18488): [SurfaceTexture-0-18488-56](id:483800000044,api:0,p:-1,c:18488) detachBuffer: BufferQueue has no connected producer
03-22 14:54:10.415 E/BufferQueueProducer(18488): [SurfaceTexture-0-18488-72](id:483800000056,api:0,p:-1,c:18488) detachBuffer: BufferQueue has no connected producer
03-22 14:54:17.484 E/BufferQueueProducer(18488): [SurfaceTexture-0-18488-74](id:483800000059,api:0,p:-1,c:18488) detachBuffer: BufferQueue has no connected producer
03-22 14:54:33.976 E/BufferQueueProducer(18488): [SurfaceTexture-0-18488-66](id:48380000004e,api:0,p:-1,c:18488) detachBuffer: BufferQueue has no connected producer
03-22 14:54:33.978 E/BufferQueueProducer(18488): [SurfaceTexture-0-18488-63](id:48380000004b,api:0,p:-1,c:18488) detachBuffer: BufferQueue has been abandoned
03-22 14:54:50.944 E/BufferQueueProducer(18488): [SurfaceTexture-0-18488-78](id:48380000005f,api:0,p:-1,c:18488) detachBuffer: BufferQueue has no connected producer
03-22 14:55:02.874 E/BufferQueueProducer(18488): [SurfaceTexture-0-18488-80](id:483800000061,api:0,p:-1,c:18488) detachBuffer: BufferQueue has no connected producer
03-22 14:55:19.105 E/SQLiteCastStore(26325): Skip saving CastDeviceInfo: "Nearby device" (__cast_nearby___V_82d23c0c-588d-43d3-bfea-ff224acc5869)
03-22 14:55:59.644 E/BufferQueueProducer(18488): [SurfaceTexture-0-18488-82](id:483800000064,api:0,p:-1,c:18488) detachBuffer: BufferQueue has no connected producer
03-22 14:56:10.430 E/BufferQueueProducer(18488): [SurfaceTexture-0-18488-84](id:483800000066,api:0,p:-1,c:18488) detachBuffer: BufferQueue has no connected producer
03-22 14:56:24.508 E/BufferQueueProducer(18488): [SurfaceTexture-0-18488-86](id:483800000068,api:0,p:-1,c:18488) detachBuffer: BufferQueue has no connected producer
03-22 14:56:34.697 E/BufferQueueProducer(18488): [SurfaceTexture-0-18488-76](id:48380000005b,api:0,p:-1,c:18488) detachBuffer: BufferQueue has no connected producer
03-22 14:58:31.449 E/BufferQueueProducer(18488): [SurfaceTexture-0-18488-89](id:48380000006e,api:0,p:-1,c:18488) detachBuffer: BufferQueue has no connected producer
03-22 14:58:31.454 E/BufferQueueProducer(18488): [SurfaceTexture-0-18488-88](id:48380000006d,api:0,p:-1,c:18488) detachBuffer: BufferQueue has no connected producer
03-22 15:00:19.110 E/SQLiteCastStore(26325): Skip saving CastDeviceInfo: "Nearby device" (__cast_nearby___V_82d23c0c-588d-43d3-bfea-ff224acc5869)
03-22 15:01:18.167 E/BufferQueueProducer(18488): [SurfaceTexture-0-18488-92](id:48380000007b,api:0,p:-1,c:18488) detachBuffer: BufferQueue has no connected producer
03-22 15:01:18.174 E/BufferQueueProducer(18488): [SurfaceTexture-0-18488-93](id:48380000007c,api:0,p:-1,c:18488) detachBuffer: BufferQueue has no connected producer
03-22 15:01:56.257 E/a.firefox:medi(25549): Not starting debugger since process cannot load the jdwp agent.
03-22 15:01:56.397 E/ion     (25549): ioctl c0044901 failed with code -1: Inappropriate ioctl for device
03-22 15:02:19.375 E/BufferQueueProducer(18488): [SurfaceTexture-0-18488-98](id:483800000083,api:0,p:-1,c:18488) detachBuffer: BufferQueue has no connected producer
03-22 15:02:42.076 E/.shazam.androi(25918): Not starting debugger since process cannot load the jdwp agent.
03-22 15:03:28.823 E/BufferQueueProducer(18488): [SurfaceTexture-0-18488-102](id:483800000089,api:0,p:-1,c:18488) detachBuffer: BufferQueue has no connected producer
03-22 15:03:31.578 E/BufferQueueProducer(18488): [SurfaceTexture-0-18488-106](id:48380000008e,api:0,p:-1,c:18488) detachBuffer: BufferQueue has no connected producer
03-22 15:03:32.906 E/BufferQueueProducer(18488): [SurfaceTexture-0-18488-110](id:483800000092,api:0,p:-1,c:18488) detachBuffer: BufferQueue has no connected producer
03-22 15:03:35.158 E/BufferQueueProducer(18488): [SurfaceTexture-0-18488-114](id:483800000096,api:0,p:-1,c:18488) detachBuffer: BufferQueue has no connected producer
03-22 15:03:46.069 E/BufferQueueProducer(18488): [SurfaceTexture-0-18488-100](id:483800000087,api:0,p:-1,c:18488) detachBuffer: BufferQueue has no connected producer
03-22 15:03:46.078 E/BufferQueueProducer(18488): [SurfaceTexture-0-18488-108](id:483800000090,api:0,p:-1,c:18488) detachBuffer: BufferQueue has no connected producer
03-22 15:03:46.084 E/BufferQueueProducer(18488): [SurfaceTexture-0-18488-104](id:48380000008c,api:0,p:-1,c:18488) detachBuffer: BufferQueue has no connected producer
03-22 15:03:46.090 E/BufferQueueProducer(18488): [SurfaceTexture-0-18488-112](id:483800000094,api:0,p:-1,c:18488) detachBuffer: BufferQueue has no connected producer
03-22 15:04:00.769 E/BufferQueueProducer(18488): [SurfaceTexture-0-18488-116](id:483800000098,api:0,p:-1,c:18488) detachBuffer: BufferQueue has no connected producer
03-22 15:04:18.742 E/BufferQueueProducer(18488): [SurfaceTexture-0-18488-118](id:48380000009e,api:0,p:-1,c:18488) detachBuffer: BufferQueue has no connected producer
03-22 15:04:22.416 E/BufferQueueProducer(18488): [SurfaceTexture-0-18488-120](id:4838000000a1,api:0,p:-1,c:18488) detachBuffer: BufferQueue has no connected producer
03-22 15:05:19.121 E/SQLiteCastStore(26325): Skip saving CastDeviceInfo: "Nearby device" (__cast_nearby___V_82d23c0c-588d-43d3-bfea-ff224acc5869)
03-22 15:05:32.589 E/BufferQueueProducer(18488): [SurfaceTexture-0-18488-122](id:4838000000aa,api:0,p:-1,c:18488) detachBuffer: BufferQueue has no connected producer
03-22 15:05:39.209 E/BufferQueueProducer(18488): [SurfaceTexture-0-18488-124](id:4838000000ad,api:0,p:-1,c:18488) detachBuffer: BufferQueue has no connected producer
03-22 15:05:59.239 E/BufferQueueProducer(18488): [SurfaceTexture-0-18488-126](id:4838000000b0,api:0,p:-1,c:18488) detachBuffer: BufferQueue has no connected producer
03-22 15:06:13.662 E/BufferQueueProducer(18488): [SurfaceTexture-0-18488-128](id:4838000000b3,api:0,p:-1,c:18488) detachBuffer: BufferQueue has no connected producer
03-22 15:06:53.211 E/BufferQueueProducer(18488): [SurfaceTexture-0-18488-130](id:4838000000b7,api:0,p:-1,c:18488) detachBuffer: BufferQueue has no connected producer
03-22 15:10:19.125 E/SQLiteCastStore(26325): Skip saving CastDeviceInfo: "Nearby device" (__cast_nearby___V_82d23c0c-588d-43d3-bfea-ff224acc5869)
03-22 15:14:10.258 E/BufferQueueProducer(18488): [SurfaceTexture-0-18488-132](id:4838000000cb,api:0,p:-1,c:18488) detachBuffer: BufferQueue has no connected producer
03-22 15:15:19.139 E/SQLiteCastStore(26325): Skip saving CastDeviceInfo: "Nearby device" (__cast_nearby___V_82d23c0c-588d-43d3-bfea-ff224acc5869)
03-22 15:18:28.246 E/BufferQueueProducer(18488): [SurfaceTexture-0-18488-134](id:4838000000de,api:0,p:-1,c:18488) detachBuffer: BufferQueue has no connected producer
03-22 15:19:43.486 E/BufferQueueProducer(18488): [SurfaceTexture-0-18488-136](id:4838000000e1,api:0,p:-1,c:18488) detachBuffer: BufferQueue has no connected producer
03-22 15:19:49.283 E/BufferQueueProducer(18488): [SurfaceTexture-0-18488-140](id:4838000000e5,api:0,p:-1,c:18488) detachBuffer: BufferQueue has no connected producer
03-22 15:19:50.412 E/BufferQueueProducer(18488): [SurfaceTexture-0-18488-138](id:4838000000e3,api:0,p:-1,c:18488) detachBuffer: BufferQueue has no connected producer
03-22 15:20:19.142 E/SQLiteCastStore(26325): Skip saving CastDeviceInfo: "Nearby device" (__cast_nearby___V_82d23c0c-588d-43d3-bfea-ff224acc5869)
03-22 15:20:24.233 E/BufferQueueProducer(18488): [SurfaceTexture-0-18488-142](id:4838000000e8,api:0,p:-1,c:18488) detachBuffer: BufferQueue has no connected producer
03-22 15:20:29.566 E/BufferQueueProducer(18488): [SurfaceTexture-0-18488-144](id:4838000000ea,api:0,p:-1,c:18488) detachBuffer: BufferQueue has no connected producer
03-22 15:25:19.149 E/SQLiteCastStore(26325): Skip saving CastDeviceInfo: "Nearby device" (__cast_nearby___V_82d23c0c-588d-43d3-bfea-ff224acc5869)
03-22 15:26:21.259 E/BufferQueueProducer(18488): [SurfaceTexture-0-18488-146](id:4838000000fb,api:0,p:-1,c:18488) detachBuffer: BufferQueue has no connected producer
03-22 15:27:22.318 E/a.firefox:medi(5893): Not starting debugger since process cannot load the jdwp agent.
03-22 15:27:22.633 E/ion     (5893): ioctl c0044901 failed with code -1: Inappropriate ioctl for device
03-22 15:27:27.730 E/BufferQueueProducer(18488): [SurfaceTexture-0-18488-148](id:483800000105,api:0,p:-1,c:18488) detachBuffer: BufferQueue has no connected producer
03-22 15:27:30.781 E/BufferQueueProducer(18488): [SurfaceTexture-0-18488-150](id:483800000108,api:0,p:-1,c:18488) detachBuffer: BufferQueue has no connected producer
03-22 15:27:38.246 E/BufferQueueProducer(18488): [SurfaceTexture-0-18488-152](id:48380000010b,api:0,p:-1,c:18488) detachBuffer: BufferQueue has no connected producer
03-22 15:28:01.877 E/BufferQueueProducer(18488): [SurfaceTexture-0-18488-154](id:48380000010e,api:0,p:-1,c:18488) detachBuffer: BufferQueue has no connected producer
03-22 15:28:13.372 E/BufferQueueProducer(18488): [SurfaceTexture-0-18488-156](id:483800000111,api:0,p:-1,c:18488) detachBuffer: BufferQueue has no connected producer
03-22 15:29:12.558 E/BufferQueueProducer(18488): [SurfaceTexture-0-18488-158](id:483800000113,api:0,p:-1,c:18488) detachBuffer: BufferQueue has no connected producer
03-22 15:29:56.057 E/BufferQueueProducer(18488): [SurfaceTexture-0-18488-160](id:483800000115,api:0,p:-1,c:18488) detachBuffer: BufferQueue has no connected producer
03-22 15:29:59.685 E/BufferQueueProducer(18488): [SurfaceTexture-0-18488-162](id:483800000117,api:0,p:-1,c:18488) detachBuffer: BufferQueue has no connected producer
03-22 15:30:13.228 E/BufferQueueProducer(18488): [SurfaceTexture-0-18488-164](id:483800000119,api:0,p:-1,c:18488) detachBuffer: BufferQueue has no connected producer
03-22 15:30:15.518 E/BufferQueueProducer(18488): [SurfaceTexture-0-18488-166](id:48380000011b,api:0,p:-1,c:18488) detachBuffer: BufferQueue has no connected producer
03-22 15:30:19.156 E/SQLiteCastStore(26325): Skip saving CastDeviceInfo: "Nearby device" (__cast_nearby___V_82d23c0c-588d-43d3-bfea-ff224acc5869)
03-22 15:30:21.223 E/BufferQueueProducer(18488): [SurfaceTexture-0-18488-168](id:48380000011d,api:0,p:-1,c:18488) detachBuffer: BufferQueue has no connected producer
03-22 15:30:23.928 E/BufferQueueProducer(18488): [SurfaceTexture-0-18488-170](id:48380000011f,api:0,p:-1,c:18488) detachBuffer: BufferQueue has no connected producer
03-22 15:30:27.077 E/BufferQueueProducer(18488): [SurfaceTexture-0-18488-172](id:483800000121,api:0,p:-1,c:18488) detachBuffer: BufferQueue has no connected producer
03-22 15:30:27.619 E/BufferQueueProducer(18488): [SurfaceTexture-0-18488-174](id:483800000123,api:0,p:-1,c:18488) detachBuffer: BufferQueue has no connected producer
03-22 15:30:28.206 E/BufferQueueProducer(18488): [SurfaceTexture-0-18488-176](id:483800000125,api:0,p:-1,c:18488) detachBuffer: BufferQueue has no connected producer
03-22 15:30:29.792 E/BufferQueueProducer(18488): [SurfaceTexture-0-18488-178](id:483800000127,api:0,p:-1,c:18488) detachBuffer: BufferQueue has no connected producer
03-22 15:30:30.388 E/BufferQueueProducer(18488): [SurfaceTexture-0-18488-180](id:483800000129,api:0,p:-1,c:18488) detachBuffer: BufferQueue has no connected producer
03-22 15:30:31.118 E/BufferQueueProducer(18488): [SurfaceTexture-0-18488-182](id:48380000012b,api:0,p:-1,c:18488) detachBuffer: BufferQueue has no connected producer
03-22 15:31:12.598 E/BufferQueueProducer(18488): [SurfaceTexture-0-18488-184](id:483800000131,api:0,p:-1,c:18488) detachBuffer: BufferQueue has no connected producer
03-22 15:31:16.115 E/BufferQueueProducer(18488): [SurfaceTexture-0-18488-186](id:483800000137,api:0,p:-1,c:18488) detachBuffer: BufferQueue has no connected producer
03-22 15:31:18.354 E/BufferQueueProducer(18488): [SurfaceTexture-0-18488-188](id:483800000139,api:0,p:-1,c:18488) detachBuffer: BufferQueue has no connected producer
03-22 15:35:19.164 E/SQLiteCastStore(26325): Skip saving CastDeviceInfo: "Nearby device" (__cast_nearby___V_82d23c0c-588d-43d3-bfea-ff224acc5869)
03-22 15:35:33.797 E/BufferQueueProducer(18488): [SurfaceTexture-0-18488-190](id:48380000014e,api:0,p:-1,c:18488) detachBuffer: BufferQueue has no connected producer
03-22 15:35:34.801 E/BufferQueueProducer(18488): [SurfaceTexture-0-18488-192](id:483800000150,api:0,p:-1,c:18488) detachBuffer: BufferQueue has no connected producer
03-22 15:35:38.132 E/BufferQueueProducer(18488): [SurfaceTexture-0-18488-194](id:483800000153,api:0,p:-1,c:18488) detachBuffer: BufferQueue has no connected producer
03-22 15:37:36.378 E/WakeLock(26238): GCM_CONN_ALARM release without a matched acquire!
03-22 15:37:36.725 E/ogle.android.g(11719): Not starting debugger since process cannot load the jdwp agent.
03-22 15:37:37.362 I/GeckoSession(18488): handleMessage GeckoView:PageStart uri=
03-22 15:37:37.365 I/MicroMsg.MMNativeNetTaskAdapter(3914): [, , 3914]:mmcgi startTask inQueue netid:0 hash[8105,93557766] net:3 cgi:/cgi-bin/micromsg-bin/newsync needAuthed:true
03-22 15:37:37.684 E/ayli    (26238): Phenotype API error. Event # cszc@255d647, EventCode: 5 [CONTEXT service_id=51 ]
03-22 15:37:37.684 E/ayli    (26238): aykl: 29501: Stale snapshot for com.google.android.libraries.communications.conference.device#com.google.android.gm(change count changed - expected 202  but was 201)
03-22 15:37:37.684 E/ayli    (26238): 	at ayln.b(:com.google.android.gms@220618045@22.06.18 (190408-433619428):14)
03-22 15:37:37.684 E/ayli    (26238): 	at ayll.e(:com.google.android.gms@220618045@22.06.18 (190408-433619428):0)
03-22 15:37:37.684 E/ayli    (26238): 	at ayli.d(:com.google.android.gms@220618045@22.06.18 (190408-433619428):4)
03-22 15:37:37.684 E/ayli    (26238): 	at ayli.f(:com.google.android.gms@220618045@22.06.18 (190408-433619428):2)
03-22 15:37:37.684 E/ayli    (26238): 	at afie.run(:com.google.android.gms@220618045@22.06.18 (190408-433619428):5)
03-22 15:37:37.684 E/ayli    (26238): 	at carj.run(:com.google.android.gms@220618045@22.06.18 (190408-433619428):2)
03-22 15:37:37.684 E/ayli    (26238): 	at wam.c(:com.google.android.gms@220618045@22.06.18 (190408-433619428):6)
03-22 15:37:37.684 E/ayli    (26238): 	at wam.run(:com.google.android.gms@220618045@22.06.18 (190408-433619428):7)
03-22 15:37:37.684 E/ayli    (26238): 	at java.util.concurrent.ThreadPoolExecutor.runWorker(ThreadPoolExecutor.java:1167)
03-22 15:37:37.684 E/ayli    (26238): 	at java.util.concurrent.ThreadPoolExecutor$Worker.run(ThreadPoolExecutor.java:641)
03-22 15:37:37.684 E/ayli    (26238): 	at wfq.run(:com.google.android.gms@220618045@22.06.18 (190408-433619428):0)
03-22 15:37:37.684 E/ayli    (26238): 	at java.lang.Thread.run(Thread.java:922)
03-22 15:37:38.686 E/abno    (11719): Sync subscriptions not available
03-22 15:37:40.282 E/cent.mm:toolsm(12546): Not starting debugger since process cannot load the jdwp agent.
03-22 15:37:41.505 E/xweb:fake_dlfcn(12546): /data/app/~~Ctpq1SGMi6kjQZ7PKmjxlQ==/com.tencent.mm-s-a54Cb-XyiFvGEBJs3KWQ==/lib/arm64/libwechatxlog.so not found in my userspace
03-22 15:37:41.505 E/XWeb.Core(12546): [0322/153741.505523:ERROR:xweb_common_logic.cc(66)] [XWEB] initNativeXlog fake_dlopen fail
03-22 15:37:42.078 E/cent.mm:suppor(12773): Not starting debugger since process cannot load the jdwp agent.
03-22 15:37:42.515 W/cent.mm:toolsm(12546): Accessing hidden field Landroid/view/LayoutInflater;->mFactorySet:Z (max-target-p, reflection, denied)
03-22 15:37:42.572 D/CompatibilityChangeReporter(12546): Compat change id reported: 171228096; UID 10256; state: ENABLED
03-22 15:37:42.622 I/cent.mm:toolsm(12546): Waiting for a blocking GC ClassLinker
03-22 15:37:42.648 I/NetworkScheduler.Stats(26238): Task com.google.android.gms/com.google.android.gms.phenotype.service.sync.PhenotypeConfigurator finished executing. cause:5 result: 1 elapsed_millis: 6250 uptime_millis: 6250 exec_start_elapsed_seconds: 510449 [CONTEXT service_id=218 ]
03-22 15:37:42.669 I/cent.mm:toolsm(12546): WaitForGcToComplete blocked ClassLinker on Background for 46.973ms
03-22 15:37:42.673 W/System  (12546): A resource failed to call close. 
03-22 15:37:42.696 E/.android.gms.u(12842): Not starting debugger since process cannot load the jdwp agent.
03-22 15:37:42.698 D/ProcessState(12842): Binder ioctl to enable oneway spam detection failed: Invalid argument
03-22 15:37:42.707 I/ExperimentPackageManage(26238): Package com.google.android.networkstack name not found! Using module version.
03-22 15:37:42.708 I/ExperimentPackageManage(26238): Package com.google.android.as name not found! Using module version.
03-22 15:37:42.708 I/ExperimentPackageManage(26238): Package com.android.refreshratecontrol name not found! Using module version.
03-22 15:37:42.713 D/CompatibilityChangeReporter(12842): Compat change id reported: 171979766; UID 10166; state: ENABLED
03-22 15:37:42.716 I/ExperimentPackageManage(26238): Package com.google.android.as name not found! Using module version.
03-22 15:37:42.717 I/ExperimentPackageManage(26238): Package com.google.android.apps.nexuslauncher name not found! Using module version.
03-22 15:37:42.721 I/ExperimentPackageManage(26238): Package com.google.android.resolv name not found! Using module version.
03-22 15:37:42.724 I/ExperimentPackageManage(26238): Package com.google.android.extservices name not found! Using module version.
03-22 15:37:42.724 I/ExperimentPackageManage(26238): Package com.google.oslo name not found! Using module version.
03-22 15:37:42.725 I/ExperimentPackageManage(26238): Package com.google.android.permissioncontroller name not found! Using module version.
03-22 15:37:42.725 I/ExperimentPackageManage(26238): Package com.google.android.art name not found! Using module version.
03-22 15:37:42.725 I/ExperimentPackageManage(26238): Package com.google.android.art name not found! Using module version.
03-22 15:37:42.726 I/ExperimentPackageManage(26238): Package com.google.android.extservices name not found! Using module version.
03-22 15:37:42.726 I/ExperimentPackageManage(26238): Package com.google.android.wifi name not found! Using module version.
03-22 15:37:42.726 I/ExperimentPackageManage(26238): Package com.google.android.os.statsd name not found! Using module version.
03-22 15:37:42.727 I/ExperimentPackageManage(26238): Package com.android.media name not found! Using module version.
03-22 15:37:42.729 I/ExperimentPackageManage(26238): Package com.android.media.swcodec name not found! Using module version.
03-22 15:37:42.731 I/ExperimentPackageManage(26238): Package com.google.android.permissioncontroller name not found! Using module version.
03-22 15:37:42.733 I/ExperimentPackageManage(26238): Package com.google.android.os.statsd name not found! Using module version.
03-22 15:37:42.736 I/ExperimentPackageManage(26238): Package com.android.appsearch name not found! Using module version.
03-22 15:37:42.736 I/ExperimentPackageManage(26238): Package com.android.neuralnetworks name not found! Using module version.
03-22 15:37:42.737 I/ExperimentPackageManage(26238): Package com.google.android.odad name not found! Using module version.
03-22 15:37:42.737 I/ExperimentPackageManage(26238): Package com.android.media name not found! Using module version.
03-22 15:37:42.738 I/ExperimentPackageManage(26238): Package com.google.android.tethering name not found! Using module version.
03-22 15:37:42.741 I/ExperimentPackageManage(26238): Package com.google.android.os.statsd name not found! Using module version.
03-22 15:37:42.744 I/ExperimentPackageManage(26238): Package com.google.android.os.statsd name not found! Using module version.
03-22 15:37:42.755 I/ExperimentPackageManage(26238): Package com.google.android.networkstack name not found! Using module version.
03-22 15:37:42.757 I/ExperimentPackageManage(26238): Package com.google.android.as name not found! Using module version.
03-22 15:37:42.758 V/GraphicsEnvironment(12842): ANGLE Developer option for 'com.google.android.gms' set to: 'default'
03-22 15:37:42.758 I/ExperimentPackageManage(26238): Package com.android.refreshratecontrol name not found! Using module version.
03-22 15:37:42.758 I/ExperimentPackageManage(26238): Package com.google.android.as name not found! Using module version.
03-22 15:37:42.759 I/ExperimentPackageManage(26238): Package com.google.android.apps.nexuslauncher name not found! Using module version.
03-22 15:37:42.759 I/ExperimentPackageManage(26238): Package com.google.android.resolv name not found! Using module version.
03-22 15:37:42.759 I/ExperimentPackageManage(26238): Package com.google.android.extservices name not found! Using module version.
03-22 15:37:42.759 I/ExperimentPackageManage(26238): Package com.google.oslo name not found! Using module version.
03-22 15:37:42.760 I/ExperimentPackageManage(26238): Package com.google.android.permissioncontroller name not found! Using module version.
03-22 15:37:42.760 D/NetworkSecurityConfig(12842): Using Network Security Config from resource network_security_config debugBuild: false
03-22 15:37:42.760 I/ExperimentPackageManage(26238): Package com.google.android.art name not found! Using module version.
03-22 15:37:42.760 I/ExperimentPackageManage(26238): Package com.google.android.art name not found! Using module version.
03-22 15:37:42.760 D/NetworkSecurityConfig(12842): Using Network Security Config from resource network_security_config debugBuild: false
03-22 15:37:42.761 I/ExperimentPackageManage(26238): Package com.google.android.extservices name not found! Using module version.
03-22 15:37:42.762 I/ExperimentPackageManage(26238): Package com.google.android.wifi name not found! Using module version.
03-22 15:37:42.763 I/ExperimentPackageManage(26238): Package com.google.android.os.statsd name not found! Using module version.
03-22 15:37:42.764 I/ExperimentPackageManage(26238): Package com.android.media name not found! Using module version.
03-22 15:37:42.765 I/ExperimentPackageManage(26238): Package com.android.media.swcodec name not found! Using module version.
03-22 15:37:42.766 I/ExperimentPackageManage(26238): Package com.google.android.permissioncontroller name not found! Using module version.
03-22 15:37:42.766 I/ExperimentPackageManage(26238): Package com.google.android.os.statsd name not found! Using module version.
03-22 15:37:42.766 I/ExperimentPackageManage(26238): Package com.android.appsearch name not found! Using module version.
03-22 15:37:42.766 I/ExperimentPackageManage(26238): Package com.android.neuralnetworks name not found! Using module version.
03-22 15:37:42.767 I/ExperimentPackageManage(26238): Package com.google.android.odad name not found! Using module version.
03-22 15:37:42.767 I/ExperimentPackageManage(26238): Package com.android.media name not found! Using module version.
03-22 15:37:42.769 I/ExperimentPackageManage(26238): Package com.google.android.tethering name not found! Using module version.
03-22 15:37:42.771 D/BoundBrokerSvc(26238): onBind: Intent { act=com.google.android.gms.scheduler.ACTION_PROXY_SCHEDULE dat=chimera-action:com.google.android.gms.scheduler.ACTION_PROXY_SCHEDULE cmp=com.google.android.gms/.chimera.PersistentApiService }
03-22 15:37:42.771 D/BoundBrokerSvc(26238): Loading bound service for intent: Intent { act=com.google.android.gms.scheduler.ACTION_PROXY_SCHEDULE dat=chimera-action:com.google.android.gms.scheduler.ACTION_PROXY_SCHEDULE cmp=com.google.android.gms/.chimera.PersistentApiService }
03-22 15:37:42.771 I/ExperimentPackageManage(26238): Package com.google.android.os.statsd name not found! Using module version.
03-22 15:37:42.771 I/ExperimentPackageManage(26238): Package com.google.android.os.statsd name not found! Using module version.
03-22 15:37:42.775 W/ConfiguratorPhenotypeUt(26238): Package com.google.android.art name not found! Using module version. [CONTEXT service_id=204 ]
03-22 15:37:42.776 W/ConfiguratorPhenotypeUt(26238): Package com.google.android.os.statsd name not found! Using module version. [CONTEXT service_id=204 ]
03-22 15:37:42.777 W/ConfiguratorPhenotypeUt(26238): Package com.google.android.permissioncontroller name not found! Using module version. [CONTEXT service_id=204 ]
03-22 15:37:42.777 W/ConfiguratorPhenotypeUt(26238): Package com.google.android.as name not found! Using module version. [CONTEXT service_id=204 ]
03-22 15:37:42.778 W/ConfiguratorPhenotypeUt(26238): Package com.android.media name not found! Using module version. [CONTEXT service_id=204 ]
03-22 15:37:42.779 W/ConfiguratorPhenotypeUt(26238): Package com.google.android.os.statsd name not found! Using module version. [CONTEXT service_id=204 ]
03-22 15:37:42.780 W/ConfiguratorPhenotypeUt(26238): Package com.google.oslo name not found! Using module version. [CONTEXT service_id=204 ]
03-22 15:37:42.780 W/ConfiguratorPhenotypeUt(26238): Package com.android.refreshratecontrol name not found! Using module version. [CONTEXT service_id=204 ]
03-22 15:37:42.781 W/ConfiguratorPhenotypeUt(26238): Package com.google.android.as name not found! Using module version. [CONTEXT service_id=204 ]
03-22 15:37:42.782 W/ConfiguratorPhenotypeUt(26238): Package com.android.neuralnetworks name not found! Using module version. [CONTEXT service_id=204 ]
03-22 15:37:42.783 W/ConfiguratorPhenotypeUt(26238): Package com.google.android.tethering name not found! Using module version. [CONTEXT service_id=204 ]
03-22 15:37:42.784 W/ConfiguratorPhenotypeUt(26238): Package com.google.android.os.statsd name not found! Using module version. [CONTEXT service_id=204 ]
03-22 15:37:42.786 W/ConfiguratorPhenotypeUt(26238): Package com.google.android.os.statsd name not found! Using module version. [CONTEXT service_id=204 ]
03-22 15:37:42.787 W/ConfiguratorPhenotypeUt(26238): Package com.google.android.extservices name not found! Using module version. [CONTEXT service_id=204 ]
03-22 15:37:42.788 W/ConfiguratorPhenotypeUt(26238): Package com.android.media name not found! Using module version. [CONTEXT service_id=204 ]
03-22 15:37:42.788 W/ConfiguratorPhenotypeUt(26238): Package com.google.android.extservices name not found! Using module version. [CONTEXT service_id=204 ]
03-22 15:37:42.789 W/ConfiguratorPhenotypeUt(26238): Package com.google.android.apps.nexuslauncher name not found! Using module version. [CONTEXT service_id=204 ]
03-22 15:37:42.789 W/ConfiguratorPhenotypeUt(26238): Package com.google.android.networkstack name not found! Using module version. [CONTEXT service_id=204 ]
03-22 15:37:42.790 W/ConfiguratorPhenotypeUt(26238): Package com.google.android.permissioncontroller name not found! Using module version. [CONTEXT service_id=204 ]
03-22 15:37:42.791 W/ConfiguratorPhenotypeUt(26238): Package com.google.android.wifi name not found! Using module version. [CONTEXT service_id=204 ]
03-22 15:37:42.792 W/ConfiguratorPhenotypeUt(26238): Package com.google.android.resolv name not found! Using module version. [CONTEXT service_id=204 ]
03-22 15:37:42.792 W/ConfiguratorPhenotypeUt(26238): Package com.google.android.odad name not found! Using module version. [CONTEXT service_id=204 ]
03-22 15:37:42.793 W/ConfiguratorPhenotypeUt(26238): Package com.android.appsearch name not found! Using module version. [CONTEXT service_id=204 ]
03-22 15:37:42.793 W/ConfiguratorPhenotypeUt(26238): Package com.google.android.art name not found! Using module version. [CONTEXT service_id=204 ]
03-22 15:37:42.794 W/ConfiguratorPhenotypeUt(26238): Package com.android.media.swcodec name not found! Using module version. [CONTEXT service_id=204 ]
03-22 15:37:42.818 I/DynamiteModule(12842): Considering local module com.google.android.gms.permissions:1 and remote module com.google.android.gms.permissions:1
03-22 15:37:42.818 I/DynamiteModule(12842): Selected local version of com.google.android.gms.permissions
03-22 15:37:42.826 W/ProviderHelper(12842): Unknown dynamite feature providerinstaller.dynamite
03-22 15:37:42.826 I/DynamiteModule(12842): Considering local module com.google.android.gms.providerinstaller.dynamite:1 and remote module com.google.android.gms.providerinstaller.dynamite:0
03-22 15:37:42.826 I/DynamiteModule(12842): Selected local version of com.google.android.gms.providerinstaller.dynamite
03-22 15:37:42.828 I/MMKV    (12773): <native-bridge.cpp:108::JNI_OnLoad> current API level = 31
03-22 15:37:42.829 I/MMKV    (12773): <native-bridge.cpp:125::JNI_OnLoad> armv8 AES instructions is supported
03-22 15:37:42.829 I/MMKV    (12773): <native-bridge.cpp:130::JNI_OnLoad> armv8 CRC32 instructions is supported
03-22 15:37:42.831 V/NativeCrypto(12842): Registering com/google/android/gms/org/conscrypt/NativeCrypto's 294 native methods...
03-22 15:37:42.834 I/MMKV    (12773): <MMKV.cpp:144::initialize> version v1.2.1 page size:4096
03-22 15:37:42.834 I/MMKV    (12773): <MMKV.cpp:161::initializeMMKV> root dir: /data/user/0/com.tencent.mm/files/mmkv
03-22 15:37:42.840 I/ProviderInstaller(12842): Installed default security provider GmsCore_OpenSSL
03-22 15:37:42.855 I/bqpd    (12842): Primes not initialized, returning default (no-op) Primes instance which will ignore all calls. Please call Primes.initialize(...) before using any Primes API.
03-22 15:37:42.856 D/hw-ProcessState(12842): Binder ioctl to enable oneway spam detection failed: Invalid argument
03-22 15:37:42.875 I/GMS_MM_Logger(12842): Started.
03-22 15:37:42.879 D/CompatibilityChangeReporter(12842): Compat change id reported: 160794467; UID 10166; state: ENABLED
03-22 15:37:42.880 I/AdrenoGLES-0(12546): QUALCOMM build                   : a6fd1c3b35, I3c0bc64a9d
03-22 15:37:42.880 I/AdrenoGLES-0(12546): Build Date                       : 11/10/21
03-22 15:37:42.880 I/AdrenoGLES-0(12546): OpenGL ES Shader Compiler Version: EV************
03-22 15:37:42.880 I/AdrenoGLES-0(12546): Local Branch                     : 
03-22 15:37:42.880 I/AdrenoGLES-0(12546): Remote Branch                    : 
03-22 15:37:42.880 I/AdrenoGLES-0(12546): Remote Branch                    : 
03-22 15:37:42.880 I/AdrenoGLES-0(12546): Reconstruct Branch               : 
03-22 15:37:42.880 I/AdrenoGLES-0(12546): Build Config                     : S P 10.0.7 AArch64
03-22 15:37:42.880 I/AdrenoGLES-0(12546): Driver Path                      : /vendor/lib64/egl/libGLESv2_adreno.so
03-22 15:37:42.923 I/AdrenoGLES-0(12546): PFP: 0x016dc094, ME: 0x00000000
03-22 15:37:42.995 W/MediaCodec-JNI(12546): pid:12546,client name:com.tencent.mm:toolsmp
03-22 15:37:43.007 W/AudioCapabilities(12546): Unsupported mime audio/x-ms-wma
03-22 15:37:43.007 W/AudioCapabilities(12546): Unsupported mime audio/x-ms-wma
03-22 15:37:43.007 W/AudioCapabilities(12546): Unsupported mime audio/mpeg-L1
03-22 15:37:43.008 W/AudioCapabilities(12546): Unsupported mime audio/mpeg-L2
03-22 15:37:43.008 W/AudioCapabilities(12546): Unsupported mime audio/mpeg-L1
03-22 15:37:43.008 W/AudioCapabilities(12546): Unsupported mime audio/mpeg-L2
03-22 15:37:43.008 W/AudioCapabilities(12546): Unsupported mime audio/ra
03-22 15:37:43.008 W/AudioCapabilities(12546): Unsupported mime audio/ra
03-22 15:37:43.008 W/AudioCapabilities(12546): Unsupported mime audio/alac
03-22 15:37:43.008 W/AudioCapabilities(12546): Unsupported mime audio/alac
03-22 15:37:43.009 W/AudioCapabilities(12546): Unsupported mime audio/ape
03-22 15:37:43.009 W/AudioCapabilities(12546): Unsupported mime audio/x-ape
03-22 15:37:43.009 W/AudioCapabilities(12546): Unsupported mime audio/ape
03-22 15:37:43.009 W/AudioCapabilities(12546): Unsupported mime audio/x-ape
03-22 15:37:43.009 W/AudioCapabilities(12546): Unsupported mime audio/adpcm
03-22 15:37:43.009 W/AudioCapabilities(12546): Unsupported mime audio/x-ms-adpcm
03-22 15:37:43.009 W/AudioCapabilities(12546): Unsupported mime audio/pcm
03-22 15:37:43.009 W/AudioCapabilities(12546): Unsupported mime audio/pcm
03-22 15:37:43.010 W/AudioCapabilities(12546): Unsupported mime audio/dsd
03-22 15:37:43.010 W/AudioCapabilities(12546): Unsupported mime audio/dsd
03-22 15:37:43.011 W/VideoCapabilities(12546): Unsupported mime video/rv
03-22 15:37:43.011 W/VideoCapabilities(12546): Unsupported mime video/rv
03-22 15:37:43.011 W/VideoCapabilities(12546): Unsupported mime video/x-ms-wmv
03-22 15:37:43.011 W/VideoCapabilities(12546): Unsupported mime video/x-ms-wmv2
03-22 15:37:43.012 W/VideoCapabilities(12546): Unsupported mime video/x-ms-wmv
03-22 15:37:43.012 W/VideoCapabilities(12546): Unsupported mime video/x-ms-wmv2
03-22 15:37:43.012 W/VideoCapabilities(12546): Unsupported mime video/divx3
03-22 15:37:43.012 W/VideoCapabilities(12546): Unsupported mime video/divx3
03-22 15:37:43.012 W/VideoCapabilities(12546): Unsupported mime video/flv1
03-22 15:37:43.012 W/VideoCapabilities(12546): Unsupported mime video/x-flv
03-22 15:37:43.013 W/VideoCapabilities(12546): Unsupported mime video/flv1
03-22 15:37:43.013 W/VideoCapabilities(12546): Unsupported mime video/x-flv
03-22 15:37:43.013 W/VideoCapabilities(12546): Unsupported mime video/mjpeg
03-22 15:37:43.013 W/VideoCapabilities(12546): Unsupported mime video/x-motion-jpeg
03-22 15:37:43.013 W/VideoCapabilities(12546): Unsupported mime video/mjpeg
03-22 15:37:43.014 W/VideoCapabilities(12546): Unsupported mime video/x-motion-jpeg
03-22 15:37:43.027 W/VideoCapabilities(12546): Unrecognized profile/level 0/3 for video/mpeg2
03-22 15:37:43.027 W/VideoCapabilities(12546): Unrecognized profile/level 0/3 for video/mpeg2
03-22 15:37:43.029 W/VideoCapabilities(12546): Unsupported mime image/vnd.android.heic
03-22 15:37:43.030 W/VideoCapabilities(12546): Unsupported mime image/vnd.android.heic
03-22 15:37:43.059 W/SQLiteCompatibilityWalFlags(12773): Cannot read global setting sqlite_compatibility_wal_flags - Application state not available
03-22 15:37:42.683 W/main    (12842): type=1400 audit(0.0:9381670): avc: denied { write } for name="tasks" dev="tmpfs" ino=29132 scontext=u:r:zygote:s0 tcontext=u:object_r:device:s0 tclass=file permissive=0 app=com.google.android.gms
03-22 15:37:43.262 V/NativeCrash(12773): Alternative stack installed.
03-22 15:37:43.262 V/NativeCrash(12773): Signal handler installed.
03-22 15:37:43.272 W/Bundle  (12773): Key com.tencent.mm.BuildInfo.CLIENT_VERSION expected Integer but value was a java.lang.String.  The default value 0 was returned.
03-22 15:37:43.272 W/Bundle  (12773): Attempt to cast generated internal exception:
03-22 15:37:43.272 W/Bundle  (12773): java.lang.ClassCastException: java.lang.String cannot be cast to java.lang.Integer
03-22 15:37:43.272 W/Bundle  (12773): 	at android.os.BaseBundle.getInt(BaseBundle.java:1092)
03-22 15:37:43.272 W/Bundle  (12773): 	at android.os.BaseBundle.getInt(BaseBundle.java:1074)
03-22 15:37:43.272 W/Bundle  (12773): 	at com.tencent.mm.protocal.d.<clinit>(SourceFile:64)
03-22 15:37:43.272 W/Bundle  (12773): 	at com.tencent.mm.model.cq.<init>(SourceFile:32)
03-22 15:37:43.272 W/Bundle  (12773): 	at com.tencent.mm.model.cq.Wr(SourceFile:102)
03-22 15:37:43.272 W/Bundle  (12773): 	at com.tencent.mm.app.t.f(SourceFile:290)
03-22 15:37:43.272 W/Bundle  (12773): 	at com.tencent.mm.app.i.adi(SourceFile:236)
03-22 15:37:43.272 W/Bundle  (12773): 	at com.tencent.mm.kernel.a.a.adi(SourceFile:76)
03-22 15:37:43.272 W/Bundle  (12773): 	at com.tencent.mm.kernel.i.a(SourceFile:167)
03-22 15:37:43.272 W/Bundle  (12773): 	at com.tencent.mm.kernel.h.a(SourceFile:524)
03-22 15:37:43.272 W/Bundle  (12773): 	at com.tencent.mm.app.WeChatSplashStartup.b(SourceFile:168)
03-22 15:37:43.272 W/Bundle  (12773): 	at com.tencent.mm.app.WeChatSplashStartup.aem(SourceFile:104)
03-22 15:37:43.272 W/Bundle  (12773): 	at com.tencent.mm.splash.n.ibR(SourceFile:154)
03-22 15:37:43.272 W/Bundle  (12773): 	at com.tencent.mm.app.MMApplicationWrapper.onCreate(SourceFile:9127)
03-22 15:37:43.272 W/Bundle  (12773): 	at com.tencent.mm.app.MMApplicationLike.onCreate(SourceFile:212)
03-22 15:37:43.272 W/Bundle  (12773): 	at com.tencent.tinker.loader.app.TinkerApplication.onCreate(SourceFile:132)
03-22 15:37:43.272 W/Bundle  (12773): 	at android.app.Instrumentation.callApplicationOnCreate(Instrumentation.java:1211)
03-22 15:37:43.272 W/Bundle  (12773): 	at android.app.ActivityThread.handleBindApplication(ActivityThread.java:7174)
03-22 15:37:43.272 W/Bundle  (12773): 	at android.app.ActivityThread.access$1800(ActivityThread.java:284)
03-22 15:37:43.272 W/Bundle  (12773): 	at android.app.ActivityThread$H.handleMessage(ActivityThread.java:2277)
03-22 15:37:43.272 W/Bundle  (12773): 	at android.os.Handler.dispatchMessage(Handler.java:106)
03-22 15:37:43.272 W/Bundle  (12773): 	at android.os.Looper.loopOnce(Looper.java:233)
03-22 15:37:43.272 W/Bundle  (12773): 	at android.os.Looper.loop(Looper.java:334)
03-22 15:37:43.272 W/Bundle  (12773): 	at android.app.ActivityThread.main(ActivityThread.java:8344)
03-22 15:37:43.272 W/Bundle  (12773): 	at java.lang.reflect.Method.invoke(Native Method)
03-22 15:37:43.272 W/Bundle  (12773): 	at com.android.internal.os.RuntimeInit$MethodAndArgsCaller.run(RuntimeInit.java:582)
03-22 15:37:43.272 W/Bundle  (12773): 	at com.android.internal.os.ZygoteInit.main(ZygoteInit.java:1065)
03-22 15:37:43.282 I/cent.mm:suppor(12773): Thread[1,tid=12773,Native,Thread*=0xb400007a92851010,peer=0x72459fa8,"main"] recursive attempt to load library "/data/app/~~Ctpq1SGMi6kjQZ7PKmjxlQ==/com.tencent.mm-s-a54Cb-XyiFvGEBJs3KWQ==/split_config.arm64_v8a.apk!/lib/arm64-v8a/libtrace-canary.so"
03-22 15:37:43.283 V/MatrixTracer(12773): Alternative stack installed.
03-22 15:37:43.283 V/MatrixTracer(12773): Signal handler installed.
03-22 15:37:43.431 D/CompatibilityChangeReporter(12773): Compat change id reported: 147600208; UID 10256; state: ENABLED
03-22 15:37:43.448 I/WCDB    (12773): Initialize JNI module (1/12) CursorWindow...
03-22 15:37:43.448 V/WCDB.JNIHelp(12773): Registering com/tencent/wcdb/CursorWindow natives
03-22 15:37:43.449 I/WCDB    (12773): Initialize JNI module (2/12) ChunkedCursorWindow...
03-22 15:37:43.449 V/WCDB.JNIHelp(12773): Registering com/tencent/wcdb/database/ChunkedCursorWindow natives
03-22 15:37:43.449 V/WCDB.JNIHelp(12773): Registering com/tencent/wcdb/database/SQLiteAsyncQuery natives
03-22 15:37:43.449 I/WCDB    (12773): Initialize JNI module (3/12) SQLiteConnection...
03-22 15:37:43.450 I/WCDB    (12773): Initialize JNI module (4/12) SQLiteDebug...
03-22 15:37:43.450 V/WCDB.JNIHelp(12773): Registering com/tencent/wcdb/database/SQLiteDebug natives
03-22 15:37:43.450 I/WCDB    (12773): Initialize JNI module (5/12) SQLiteDirectCursor...
03-22 15:37:43.450 V/WCDB.JNIHelp(12773): Registering com/tencent/wcdb/database/SQLiteDirectQuery natives
03-22 15:37:43.450 I/WCDB    (12773): Initialize JNI module (6/12) SQLiteGlobal...
03-22 15:37:43.450 V/WCDB.JNIHelp(12773): Registering com/tencent/wcdb/database/SQLiteGlobal natives
03-22 15:37:43.451 I/WCDB    (12773): Initialize JNI module (7/12) MMFtsTokenizer...
03-22 15:37:43.451 V/WCDB.JNIHelp(12773): Registering com/tencent/wcdb/extension/fts/MMFtsTokenizer natives
03-22 15:37:43.451 I/WCDB    (12773): Initialize JNI module (8/12) FileUtils...
03-22 15:37:43.451 V/WCDB.JNIHelp(12773): Registering com/tencent/wcdb/FileUtils natives
03-22 15:37:43.451 I/WCDB    (12773): Initialize JNI module (9/12) DBBackup...
03-22 15:37:43.451 V/WCDB.JNIHelp(12773): Registering com/tencent/wcdb/repair/BackupKit natives
03-22 15:37:43.451 V/WCDB.JNIHelp(12773): Registering com/tencent/wcdb/repair/RecoverKit natives
03-22 15:37:43.451 I/WCDB    (12773): Initialize JNI module (10/12) DBDumpUtil...
03-22 15:37:43.451 V/WCDB.JNIHelp(12773): Registering com/tencent/wcdb/repair/DBDumpUtil natives
03-22 15:37:43.451 I/WCDB    (12773): Initialize JNI module (11/12) DBRepair...
03-22 15:37:43.451 V/WCDB.JNIHelp(12773): Registering com/tencent/wcdb/repair/RepairKit$RepairCursor natives
03-22 15:37:43.452 I/WCDB    (12773): Initialize JNI module (12/12) Log...
03-22 15:37:43.452 V/WCDB.JNIHelp(12773): Registering com/tencent/wcdb/support/Log natives
03-22 15:37:43.472 I/chromium(12773): [0322/153743.471948:INFO:com_tencent_mars_cdn_CronetLogic_Java2C.cc(42)] cronet vfs init rv 0
03-22 15:37:43.515 W/parallels-0(12773): type=1400 audit(0.0:9381672): avc: denied { read } for name="u:object_r:qemu_hw_prop:s0" dev="tmpfs" ino=14546 scontext=u:r:untrusted_app_29:s0:c0,c257,c512,c768 tcontext=u:object_r:qemu_hw_prop:s0 tclass=file permissive=0 app=com.tencent.mm
03-22 15:37:43.520 D/HARDCODER(12773): [com_tencent_mm_hardcoder_HardCoderJNI.cpp,Java_com_tencent_mm_hardcoder_HardCoderJNI_setDebug:415]"setDebug: 1"
03-22 15:37:43.522 W/libc    (12773): Access denied finding property "qemu.hw.mainkeys"
03-22 15:37:43.523 D/HARDCODER(12773): [com_tencent_mm_hardcoder_HardCoderJNI.cpp,Java_com_tencent_mm_hardcoder_HardCoderJNI_setHCEnable:400]"setEnable: 1"
03-22 15:37:43.523 D/HARDCODER(12773): [client.h,setEnable:422]"setEnable 1 to 1, restart:0"
03-22 15:37:43.532 D/HARDCODER(12773): [com_tencent_mm_hardcoder_HardCoderJNI.cpp,Java_com_tencent_mm_hardcoder_HardCoderJNI_initHardCoder:152]"initHardCoder, start."
03-22 15:37:43.532 D/HARDCODER(12773): [client.h,init:476]"init m_remote:mmServer, HEADER_VERSION:4"
03-22 15:37:43.532 D/HARDCODER(12773): [client.h,tryStartEngine:370]"tryStartEngine, TimeDiff:-1307578132, remote:mmServer, running:-1"
03-22 15:37:43.532 W/HARDCODER(12773): [localsocket.h,uninit:215]"uninit, pipe:[0,0], m_fd:0, queue:0, flag:1"
03-22 15:37:43.532 D/HARDCODER(12773): [localsocket.h,createSocket:249]"createSocket, localPath: com.tencent.mm.hardcoder.client.sock, remotePath: mmServer"
03-22 15:37:43.534 W/HARDCODER(12773): [localsocket.h,createSocket:310]"createSocket, connect socket, ret:0, local:com.tencent.mm.hardcoder.client.sock, remote:mmServer"
03-22 15:37:43.534 W/HARDCODER(12773): [localsocket.h,createSocket:353]"create ClientProtocal socket:124 local:com.tencent.mm.hardcoder.client.sock remote:mmServer"
03-22 15:37:43.534 D/HARDCODER(12773): [com_tencent_mm_hardcoder_HardCoderJNI.cpp,Java_com_tencent_mm_hardcoder_HardCoderJNI_initHardCoder:157]"initHardCoder, end."
03-22 15:37:43.541 I/ExperimentPackageManage(26238): Package com.google.android.networkstack name not found! Using module version.
03-22 15:37:43.541 I/ExperimentPackageManage(26238): Package com.google.android.as name not found! Using module version.
03-22 15:37:43.542 I/ExperimentPackageManage(26238): Package com.android.refreshratecontrol name not found! Using module version.
03-22 15:37:43.542 I/ExperimentPackageManage(26238): Package com.google.android.as name not found! Using module version.
03-22 15:37:43.542 I/ExperimentPackageManage(26238): Package com.google.android.apps.nexuslauncher name not found! Using module version.
03-22 15:37:43.542 I/ExperimentPackageManage(26238): Package com.google.android.resolv name not found! Using module version.
03-22 15:37:43.543 I/ExperimentPackageManage(26238): Package com.google.android.extservices name not found! Using module version.
03-22 15:37:43.544 I/ExperimentPackageManage(26238): Package com.google.oslo name not found! Using module version.
03-22 15:37:43.544 I/ExperimentPackageManage(26238): Package com.google.android.permissioncontroller name not found! Using module version.
03-22 15:37:43.544 I/ExperimentPackageManage(26238): Package com.google.android.art name not found! Using module version.
03-22 15:37:43.545 I/ExperimentPackageManage(26238): Package com.google.android.art name not found! Using module version.
03-22 15:37:43.545 I/ExperimentPackageManage(26238): Package com.google.android.extservices name not found! Using module version.
03-22 15:37:43.545 I/ExperimentPackageManage(26238): Package com.google.android.wifi name not found! Using module version.
03-22 15:37:43.546 I/ExperimentPackageManage(26238): Package com.google.android.os.statsd name not found! Using module version.
03-22 15:37:43.546 I/ExperimentPackageManage(26238): Package com.android.media name not found! Using module version.
03-22 15:37:43.546 I/ExperimentPackageManage(26238): Package com.android.media.swcodec name not found! Using module version.
03-22 15:37:43.546 I/ExperimentPackageManage(26238): Package com.google.android.permissioncontroller name not found! Using module version.
03-22 15:37:43.547 I/ExperimentPackageManage(26238): Package com.google.android.os.statsd name not found! Using module version.
03-22 15:37:43.547 I/ExperimentPackageManage(26238): Package com.android.appsearch name not found! Using module version.
03-22 15:37:43.547 I/ExperimentPackageManage(26238): Package com.android.neuralnetworks name not found! Using module version.
03-22 15:37:43.548 D/HARDCODER(12773): [localsocket.h,loop:126]"loop, m_fd:124, maxfd:124, isServer:0"
03-22 15:37:43.549 I/ExperimentPackageManage(26238): Package com.google.android.odad name not found! Using module version.
03-22 15:37:43.549 I/ExperimentPackageManage(26238): Package com.android.media name not found! Using module version.
03-22 15:37:43.549 I/ExperimentPackageManage(26238): Package com.google.android.tethering name not found! Using module version.
03-22 15:37:43.550 I/ExperimentPackageManage(26238): Package com.google.android.os.statsd name not found! Using module version.
03-22 15:37:43.550 I/ExperimentPackageManage(26238): Package com.google.android.os.statsd name not found! Using module version.
03-22 15:37:43.571 I/aypl    (26238): updateFromConfigurations using legacy put method [CONTEXT service_id=204 ]
03-22 15:37:43.673 W/ModuleInitIntentOp(26325): Dropping unexpected action com.google.android.gms.phenotype.COMMITTED
03-22 15:37:43.697 W/gle.android.gm(26325): Reducing the number of considered missed Gc histogram windows from 304 to 100
03-22 15:37:43.700 I/ExperimentPackageManage(26238): Package com.google.android.networkstack name not found! Using module version.
03-22 15:37:43.700 I/GmsSyncPolicyEngine(26325): Periodic sync 1 disabled by policy, cancelled.
03-22 15:37:43.703 I/ExperimentPackageManage(26238): Package com.google.android.as name not found! Using module version.
03-22 15:37:43.705 I/GmsSyncPolicyEngine(26325): Periodic sync 2 disabled by policy, cancelled.
03-22 15:37:43.708 I/ExperimentPackageManage(26238): Package com.android.refreshratecontrol name not found! Using module version.
03-22 15:37:43.709 I/ExperimentPackageManage(26238): Package com.google.android.as name not found! Using module version.
03-22 15:37:43.710 I/NearbyConnections(26238): Runtime state initialization complete. Nearby connections setting is enabled. [CONTEXT service_id=54 ]
03-22 15:37:43.711 I/ExperimentPackageManage(26238): Package com.google.android.apps.nexuslauncher name not found! Using module version.
03-22 15:37:43.711 I/ExperimentPackageManage(26238): Package com.google.android.resolv name not found! Using module version.
03-22 15:37:43.711 I/ExperimentPackageManage(26238): Package com.google.android.extservices name not found! Using module version.
03-22 15:37:43.712 I/ExperimentPackageManage(26238): Package com.google.oslo name not found! Using module version.
03-22 15:37:43.712 I/ExperimentPackageManage(26238): Package com.google.android.permissioncontroller name not found! Using module version.
03-22 15:37:43.712 I/ExperimentPackageManage(26238): Package com.google.android.art name not found! Using module version.
03-22 15:37:43.712 I/ExperimentPackageManage(26238): Package com.google.android.art name not found! Using module version.
03-22 15:37:43.713 I/ExperimentPackageManage(26238): Package com.google.android.extservices name not found! Using module version.
03-22 15:37:43.713 I/ExperimentPackageManage(26238): Package com.google.android.wifi name not found! Using module version.
03-22 15:37:43.713 I/ExperimentPackageManage(26238): Package com.google.android.os.statsd name not found! Using module version.
03-22 15:37:43.713 I/ExperimentPackageManage(26238): Package com.android.media name not found! Using module version.
