03-22 16:31:24.278 I/Discord (6829): Experiment triggered: 2021-06_hub_discovery | Track Exposure: true | Assigned Bucket: null
03-22 16:31:24.278 I/Discord (6829): Experiment triggered: 2021-06_hub_discovery | Track Exposure: true | Assigned Bucket: null
03-22 16:31:24.391 I/com.discord(6829): Background concurrent copying GC freed 587283(23MB) AllocSpace objects, 45(956KB) LOS objects, 42% free, 32MB/56MB, paused 225us,28us total 108.920ms
03-22 16:31:24.403 W/System  (6829): A resource failed to call release. 
03-22 16:31:52.093 V/Discord (6829): <-- 200 ************************************************************************************************** (316ms, unknown-length body)
03-22 16:31:52.104 I/Discord (6829): [MessageLoader] Loaded 50 messages for channel [643495358923800582], all loaded: false.
03-22 16:31:52.107 V/Discord (6829): [GatewaySocket] Sending guild member request: GuildMembersRequest(guildId=[545842171459272705], query=null, userIds=[753510725514952704, 760037563099643934, 342677886408458241, 869676403682066472], limit=null, presences=true)
03-22 16:31:52.107 V/Discord (6829): Breadcrumb, [log]: Gateway [Sending guild member request: GuildMembersRequest(guildId=[545842171459272705], query=null, userIds=[753510725514952704, 760037563099643934, 342677886408458241, 869676403682066472], limit=null, presences=true)]
03-22 16:31:52.132 D/BatteryStatsService(1454): notePemString  noteWhich: 49,arg1: 870, arg2: 481, arg3: 6829, arg4: 3247, name: com.discord
03-22 16:31:52.149 D/BatteryStatsService(1454): notePemString  noteWhich: 49,arg1: 870, arg2: 481, arg3: 6829, arg4: 3247, name: com.discord
03-22 16:31:52.166 D/BatteryStatsService(1454): notePemString  noteWhich: 49,arg1: 870, arg2: 481, arg3: 6829, arg4: 3247, name: com.discord
03-22 16:31:52.180 D/BatteryStatsService(1454): notePemString  noteWhich: 49,arg1: 870, arg2: 481, arg3: 6829, arg4: 3247, name: com.discord
03-22 16:31:54.475 D/BatteryStatsService(1454): notePemString  noteWhich: 49,arg1: 870, arg2: 481, arg3: 6829, arg4: 3247, name: com.discord
03-22 16:31:54.490 D/BatteryStatsService(1454): notePemString  noteWhich: 49,arg1: 870, arg2: 481, arg3: 6829, arg4: 3247, name: com.discord
03-22 16:31:54.507 D/BatteryStatsService(1454): notePemString  noteWhich: 49,arg1: 870, arg2: 481, arg3: 6829, arg4: 3247, name: com.discord
03-22 16:31:54.521 D/BatteryStatsService(1454): notePemString  noteWhich: 49,arg1: 870, arg2: 481, arg3: 6829, arg4: 3247, name: com.discord
03-22 16:31:54.545 D/BatteryStatsService(1454): notePemString  noteWhich: 49,arg1: 870, arg2: 481, arg3: 6829, arg4: 3247, name: com.discord
03-22 16:31:54.555 D/BatteryStatsService(1454): notePemString  noteWhich: 49,arg1: -1, arg2: -1, arg3: 6829, arg4: 3247, name: com.discord
03-22 16:31:54.557 I/ExoPlayerImpl(6829): Release 2a281db [ExoPlayerLib/2.16.0] [PD2049, V2049A, vivo, 31] [goog.exo.core, goog.exo.ui, goog.exo.decoder, goog.exo.exoplayer]
03-22 16:31:56.977 I/OpenGLRenderer(6829): Davey! duration=9223124543221ms; Flags=0, FrameTimelineVsyncId=24915066, IntendedVsync=247493633239471, Vsync=247493633239471, InputEventId=0, HandleInputStart=247493633735795, AnimationStart=247493633737410, PerformTraversalsStart=247493633737879, DrawStart=247493634251941, FrameDeadline=247493649906137, FrameInterval=247493633714962, FrameStartTime=16666666, SyncQueued=247493634946004, SyncStart=247493635083608, IssueDrawCommandsStart=247493636354597, SwapBuffers=247493641690274, FrameCompleted=9223372036854775807, DequeueBufferDuration=56354, QueueBufferDuration=1524947, GpuCompleted=9223372036854775807, SwapBuffersCompleted=247493649909858, DisplayPresentTime=0, 
03-22 16:32:12.600 I/OpenGLRenderer(6829): Davey! duration=9223124527634ms; Flags=0, FrameTimelineVsyncId=24916552, IntendedVsync=247509219871769, Vsync=247509236538435, InputEventId=0, HandleInputStart=247509247304748, AnimationStart=247509247305841, PerformTraversalsStart=247509247890894, DrawStart=247509266981466, FrameDeadline=247509253205101, FrameInterval=247509247295477, FrameStartTime=16666666, SyncQueued=247509267167560, SyncStart=247509267265685, IssueDrawCommandsStart=247509267485946, SwapBuffers=247509269261310, FrameCompleted=9223372036854775807, DequeueBufferDuration=17604, QueueBufferDuration=534114, GpuCompleted=9223372036854775807, SwapBuffersCompleted=247509270282612, DisplayPresentTime=0, 
03-22 16:32:13.786 W/ratelimit(6829): Single process limit 250/s drop 15 lines.
03-22 16:32:13.811 W/androidtc(6829): TextClassifier called on main thread
03-22 16:32:19.923 V/Discord (6829): --> POST ************************************************************* (2-byte body)
03-22 16:32:19.924 V/Discord (6829): Breadcrumb, [http]: HTTP[POST] - *************************************************************
03-22 16:32:30.841 I/OpenGLRenderer(6829): Davey! duration=9223124509356ms; Flags=0, FrameTimelineVsyncId=24918204, IntendedVsync=247527497671652, Vsync=247527497671652, InputEventId=0, HandleInputStart=247527498516199, AnimationStart=247527498517501, PerformTraversalsStart=247527498518230, DrawStart=247527498890887, FrameDeadline=**************4, FrameInterval=247527498493907, FrameStartTime=16666666, SyncQueued=247527499293387, SyncStart=247527499595834, IssueDrawCommandsStart=**************7, SwapBuffers=247527505106199, FrameCompleted=9223372036854775807, DequeueBufferDuration=43855, QueueBufferDuration=1251771, GpuCompleted=9223372036854775807, SwapBuffersCompleted=247527514006147, DisplayPresentTime=0, 
03-22 16:32:33.261 I/com.discord(6829): Background concurrent copying GC freed 570422(24MB) AllocSpace objects, 41(796KB) LOS objects, 43% free, 30MB/54MB, paused 43us,37us total 110.734ms
03-22 16:32:35.620 I/OpenGLRenderer(6829): Davey! duration=9223124504577ms; Flags=0, FrameTimelineVsyncId=24918637, IntendedVsync=247532277183287, Vsync=247532277183287, InputEventId=0, HandleInputStart=247532279247135, AnimationStart=247532279248437, PerformTraversalsStart=247532279249270, DrawStart=247532288573281, FrameDeadline=**************9, FrameInterval=247532279227499, FrameStartTime=16666666, SyncQueued=247532289765572, SyncStart=247532289875572, IssueDrawCommandsStart=247532290247499, SwapBuffers=247532292688801, FrameCompleted=9223372036854775807, DequeueBufferDuration=23229, QueueBufferDuration=2491511, GpuCompleted=9223372036854775807, SwapBuffersCompleted=247532295722083, DisplayPresentTime=0, 
03-22 16:32:41.691 V/Discord (6829): --> POST ************************************************************* (2-byte body)
03-22 16:32:41.691 V/Discord (6829): Breadcrumb, [http]: HTTP[POST] - *************************************************************
03-22 16:32:52.682 V/Discord (6829): <-- 204 ************************************************************* (661ms, 0-byte body)
03-22 16:32:53.852 I/OpenGLRenderer(6829): Davey! duration=9223124486346ms; Flags=0, FrameTimelineVsyncId=24920257, IntendedVsync=247550507987057, Vsync=247550507987057, InputEventId=-9768440, HandleInputStart=**************9, AnimationStart=**************2, PerformTraversalsStart=**************8, DrawStart=247550510789732, FrameDeadline=247550541320389, FrameInterval=**************7, FrameStartTime=16666666, SyncQueued=247550511162597, SyncStart=247550511306242, IssueDrawCommandsStart=247550511867336, SwapBuffers=247550515812284, FrameCompleted=9223372036854775807, DequeueBufferDuration=114688, QueueBufferDuration=1422032, GpuCompleted=9223372036854775807, SwapBuffersCompleted=247550524669836, DisplayPresentTime=0, 
03-22 16:33:02.400 V/Discord (6829): <-- 204 ************************************************************* (308ms, 0-byte body)
03-22 16:33:03.709 I/OpenGLRenderer(6829): Davey! duration=9223124476489ms; Flags=0, FrameTimelineVsyncId=24921040, IntendedVsync=247560365313715, Vsync=247560365313715, InputEventId=-506610529, HandleInputStart=247560371679207, AnimationStart=247560371680249, PerformTraversalsStart=247560371680874, DrawStart=247560377840718, FrameDeadline=247560398647047, FrameInterval=247560371663791, FrameStartTime=16666666, SyncQueued=247560378563478, SyncStart=247560378676291, IssueDrawCommandsStart=247560378966239, SwapBuffers=**************0, FrameCompleted=9223372036854775807, DequeueBufferDuration=20521, QueueBufferDuration=1344062, GpuCompleted=9223372036854775807, SwapBuffersCompleted=247560383141812, DisplayPresentTime=0, 
03-22 16:33:06.143 V/Discord (6829): --> POST *************************************************************** (167-byte body)
03-22 16:33:06.143 V/Discord (6829): Breadcrumb, [http]: HTTP[POST] - ***************************************************************
03-22 16:33:06.161 D/InsetsController(6829): show(ime(), fromIme=true)
03-22 16:33:36.940 V/Discord (6829): [GatewaySocket] Received heartbeat ACK.
03-22 16:33:50.493 V/Discord (6829): <-- 200 ************************************************************************************** (184ms, 14-byte body)
03-22 16:34:05.338 D/OpenGLRenderer(8821): endAllActiveAnimators on 0xb400007a3287cd00 (RippleDrawable) with handle 0xb4000079428e1d00
03-22 16:35:38.527 E/emu-cpp-HOS-2(9192): SignalHandler: Thread #2 has crashed due to signal: Segmentation fault
03-22 16:35:38.527 E/emu-cpp-HOS-2(9192): Stack Trace:
03-22 16:35:38.527 E/emu-cpp-HOS-2(9192): * 0x8096B2288 (from subsdk0.nso)
03-22 16:35:38.527 E/emu-cpp-HOS-2(9192): * 0x8096B252C (from subsdk0.nso)
03-22 16:35:38.527 E/emu-cpp-HOS-2(9192): * 0x800499DFC (from main.nso)
03-22 16:35:38.527 E/emu-cpp-HOS-2(9192): * 0x8001E7AC4 (from main.nso)
03-22 16:35:38.527 E/emu-cpp-HOS-2(9192): * 0x80AD04EB0 (from sdk.nso)
03-22 16:35:38.527 E/emu-cpp-HOS-2(9192): * 0x80AD07C38 (from sdk.nso)
03-22 16:35:38.527 E/emu-cpp-HOS-2(9192): * 0x80AD07BDC (from sdk.nso)
03-22 16:35:38.527 E/emu-cpp-HOS-2(9192): CPU Context:
03-22 16:35:38.527 E/emu-cpp-HOS-2(9192):   Stack Pointer: 0x19BFFBBED0
03-22 16:35:38.527 E/emu-cpp-HOS-2(9192):   X0 : 0x807656C68        X1 : 0x0
03-22 16:35:38.527 E/emu-cpp-HOS-2(9192):   X2 : 0x8076533E8        X3 : 0xFFFFFFFFFFFFFFFF
03-22 16:35:38.527 E/emu-cpp-HOS-2(9192):   X4 : 0x0                X5 : 0x0
03-22 16:35:38.527 E/emu-cpp-HOS-2(9192):   X6 : 0x0                X7 : 0x0
03-22 16:35:38.527 E/emu-cpp-HOS-2(9192):   X8 : 0x0                X9 : 0x3BD47AE147AE
03-22 16:35:38.527 E/emu-cpp-HOS-2(9192):   X10: 0x19F1250BF0EFA    X11: 0x20C49BA5
03-22 16:35:38.527 E/emu-cpp-HOS-2(9192):   X12: 0x0                X13: 0x0
03-22 16:35:38.527 E/emu-cpp-HOS-2(9192):   X14: 0x0                X15: 0x18
03-22 16:35:38.527 E/emu-cpp-HOS-2(9192):   X16: 0x80AD058C0        X17: 0x80B33AB88
03-22 16:35:38.527 E/emu-cpp-HOS-2(9192):   X18: 0x0                X19: 0x807656C68
03-22 16:35:38.527 E/emu-cpp-HOS-2(9192):   X20: 0x0                X21: 0x807656C68
03-22 16:35:38.527 E/emu-cpp-HOS-2(9192):   X22: 0x18               X23: 0x80974F9A8
03-22 16:35:38.527 E/emu-cpp-HOS-2(9192):   X24: 0x0                X25: 0x0
03-22 16:35:38.527 E/emu-cpp-HOS-2(9192):   X26: 0x0                X27: 0x0
03-22 16:35:38.527 E/emu-cpp-HOS-2(9192):   X28: 0x0                X29: 0x19BFFBBF00
03-22 16:35:38.527 E/emu-cpp-HOS-2(9192):   X30: 0x8096B252C        X31: 0x19BFFBBED0
03-22 16:35:38.529 E/libc++abi(9192): terminating with uncaught exception of type skyline::signal::SignalException
03-22 16:35:38.529 F/libc    (9192): Fatal signal 6 (SIGABRT), code -1 (SI_QUEUE) in tid 9412 (GPFIFO), pid 9192 (skyline.emu)
03-22 16:35:38.864 F/DEBUG   (9419): Softversion: PD2049B_A_6.14.5
03-22 16:35:38.864 F/DEBUG   (9419): Time: 2022-03-22 16:35:38
03-22 16:35:38.864 F/DEBUG   (9419): *** *** *** *** *** *** *** *** *** *** *** *** *** *** *** ***
03-22 16:35:38.864 F/DEBUG   (9419): Build fingerprint: 'vivo/PD2049/PD2049:12/SP1A.210812.003/compiler02161228:user/release-keys'
03-22 16:35:38.864 F/DEBUG   (9419): Revision: '0'
03-22 16:35:38.864 F/DEBUG   (9419): ABI: 'arm64'
03-22 16:35:38.864 F/DEBUG   (9419): Timestamp: 2022-03-22 16:35:38.699942002+0100
03-22 16:35:38.864 F/DEBUG   (9419): Process uptime: 0s
03-22 16:35:38.864 F/DEBUG   (9419): Cmdline: skyline.emu
03-22 16:35:38.864 F/DEBUG   (9419): pid: 9192, tid: 9412, name: GPFIFO  >>> skyline.emu <<<
03-22 16:35:38.864 F/DEBUG   (9419): uid: 10777
03-22 16:35:38.864 F/DEBUG   (9419): signal 6 (SIGABRT), code -1 (SI_QUEUE), fault addr --------
03-22 16:35:38.864 F/DEBUG   (9419): Abort message: 'terminating with uncaught exception of type skyline::signal::SignalException'
03-22 16:35:38.864 F/DEBUG   (9419):     x0  0000000000000000  x1  00000000000024c4  x2  0000000000000006  x3  00000074818c3470
03-22 16:35:38.864 F/DEBUG   (9419):     x4  736f646277641f73  x5  736f646277641f73  x6  736f646277641f73  x7  7f7f7f7f7f7f7f7f
03-22 16:35:38.864 F/DEBUG   (9419):     x8  00000000000000f0  x9  6f319a090df6bf09  x10 0000000000000000  x11 ffffff80fffffbdf
03-22 16:35:38.864 F/DEBUG   (9419):     x12 0000000000000001  x13 000008f97a2550e5  x14 001f423aa58f260c  x15 0000000034155555
03-22 16:35:38.864 F/DEBUG   (9419):     x16 0000007bc6fa5060  x17 0000007bc6f81740  x18 000000707f5e6000  x19 00000000000023e8
03-22 16:35:38.864 F/DEBUG   (9419):     x20 00000000000024c4  x21 00000000ffffffff  x22 ffffff80ffffffc8  x23 00000074818c35e0
03-22 16:35:38.864 F/DEBUG   (9419):     x24 00000074818c35a0  x25 0000007bc6f70ce8  x26 00000074818c3bc0  x27 6f319a090df6bf09
03-22 16:35:38.864 F/DEBUG   (9419):     x28 0000000000000000  x29 00000074818c34f0
03-22 16:35:38.864 F/DEBUG   (9419):     lr  0000007bc6f3172c  sp  00000074818c3450  pc  0000007bc6f31758  pst 0000000000001000
03-22 16:35:38.864 F/DEBUG   (9419): backtrace:
03-22 16:35:38.864 F/DEBUG   (9419):       #00 pc 0000000000051758  /apex/com.android.runtime/lib64/bionic/libc.so (abort+168) (BuildId: 1f3401beddc9e3190e4c7b3dfcbbcf1b)
03-22 16:35:38.864 F/DEBUG   (9419):       #01 pc 0000000000435ca0  /data/app/~~iLIXsUczO2tMKjuB7kfxxA==/skyline.emu-bp3qnojbj_tA6QXYzbNHcw==/lib/arm64/libskyline.so (BuildId: 24e388bcc1aa5990644ebcd32d8354b9e99b506e)
03-22 16:35:38.864 F/DEBUG   (9419):       #02 pc 0000000000415f34  /data/app/~~iLIXsUczO2tMKjuB7kfxxA==/skyline.emu-bp3qnojbj_tA6QXYzbNHcw==/lib/arm64/libskyline.so (BuildId: 24e388bcc1aa5990644ebcd32d8354b9e99b506e)
03-22 16:35:38.864 F/DEBUG   (9419):       #03 pc 00000000002d0e2c  /data/app/~~iLIXsUczO2tMKjuB7kfxxA==/skyline.emu-bp3qnojbj_tA6QXYzbNHcw==/lib/arm64/libskyline.so (skyline::signal::TerminateHandler()+748) (BuildId: 24e388bcc1aa5990644ebcd32d8354b9e99b506e)
03-22 16:35:38.864 F/DEBUG   (9419):       #04 pc 0000000000435598  /data/app/~~iLIXsUczO2tMKjuB7kfxxA==/skyline.emu-bp3qnojbj_tA6QXYzbNHcw==/lib/arm64/libskyline.so (BuildId: 24e388bcc1aa5990644ebcd32d8354b9e99b506e)
03-22 16:35:38.864 F/DEBUG   (9419):       #05 pc 0000000000435568  /data/app/~~iLIXsUczO2tMKjuB7kfxxA==/skyline.emu-bp3qnojbj_tA6QXYzbNHcw==/lib/arm64/libskyline.so (std::terminate()+84) (BuildId: 24e388bcc1aa5990644ebcd32d8354b9e99b506e)
03-22 16:35:38.864 F/DEBUG   (9419):       #06 pc 00000000003c4e74  /data/app/~~iLIXsUczO2tMKjuB7kfxxA==/skyline.emu-bp3qnojbj_tA6QXYzbNHcw==/lib/arm64/libskyline.so (std::rethrow_exception(std::exception_ptr)+16) (BuildId: 24e388bcc1aa5990644ebcd32d8354b9e99b506e)
03-22 16:35:38.864 F/DEBUG   (9419):       #07 pc 00000000002d0a60  /data/app/~~iLIXsUczO2tMKjuB7kfxxA==/skyline.emu-bp3qnojbj_tA6QXYzbNHcw==/lib/arm64/libskyline.so (skyline::signal::ExceptionThrow()+76) (BuildId: 24e388bcc1aa5990644ebcd32d8354b9e99b506e)
03-22 16:35:39.032 W/main    (9442): type=1400 audit(0.0:9384269): avc: denied { write } for name="tasks" dev="tmpfs" ino=16957 scontext=u:r:zygote:s0 tcontext=u:object_r:device:s0 tclass=file permissive=0
03-22 16:35:39.217 W/skyline.emu(9442): Accessing hidden method Landroid/view/View;->computeFitSystemWindows(Landroid/graphics/Rect;Landroid/graphics/Rect;)Z (unsupported, reflection, allowed)
03-22 16:35:39.218 W/skyline.emu(9442): Accessing hidden method Landroid/view/ViewGroup;->makeOptionalFitsSystemWindows()V (unsupported, reflection, allowed)
03-22 16:35:39.270 I/AdrenoGLES-0(9442): QUALCOMM build                   : a6fd1c3b35, I3c0bc64a9d
03-22 16:35:39.270 I/AdrenoGLES-0(9442): Build Date                       : 11/10/21
03-22 16:35:39.270 I/AdrenoGLES-0(9442): OpenGL ES Shader Compiler Version: EV031.35.01.10
03-22 16:35:39.270 I/AdrenoGLES-0(9442): Local Branch                     : 
03-22 16:35:39.270 I/AdrenoGLES-0(9442): Remote Branch                    : 
03-22 16:35:39.270 I/AdrenoGLES-0(9442): Remote Branch                    : 
03-22 16:35:39.270 I/AdrenoGLES-0(9442): Reconstruct Branch               : 
03-22 16:35:39.270 I/AdrenoGLES-0(9442): Build Config                     : S P 10.0.7 AArch64
03-22 16:35:39.270 I/AdrenoGLES-0(9442): Driver Path                      : /vendor/lib64/egl/libGLESv2_adreno.so
03-22 16:35:39.273 I/AdrenoGLES-0(9442): PFP: 0x016dc094, ME: 0x00000000
03-22 16:35:39.284 D/hw-ProcessState(9442): Binder ioctl to enable oneway spam detection failed: Invalid argument
03-22 16:35:39.306 D/CompatibilityChangeReporter(9442): Compat change id reported: 171228096; UID 10777; state: ENABLED
03-22 16:35:39.344 V/ImeFocusController(9442): onWindowFocus: DecorView@a1fcb20[MainActivity] softInputMode=STATE_UNSPECIFIED|ADJUST_RESIZE
03-22 16:35:39.344 V/ImeFocusController(9442): Restarting due to isRestartOnNextWindowFocus as true
03-22 16:35:39.344 D/ImeFocusController(9442): onViewFocusChanged, view=DecorView@a1fcb20[MainActivity], mServedView=null
03-22 16:35:39.344 V/ImeFocusController(9442): checkFocus: view=null next=DecorView@a1fcb20[MainActivity] force=true package=<none>
03-22 16:35:39.040 I/skyline.emu(9442): Late-enabling -Xcheck:jni
03-22 16:35:39.060 D/ProcessState(9442): Binder ioctl to enable oneway spam detection failed: Invalid argument
03-22 16:35:39.106 D/CompatibilityChangeReporter(9442): Compat change id reported: 171979766; UID 10777; state: ENABLED
03-22 16:35:39.126 V/GraphicsEnvironment(9442): ANGLE Developer option for 'skyline.emu' set to: 'default'
03-22 16:35:39.126 V/GraphicsEnvironment(9442): Updatable production driver is not supported on the device.
03-22 16:35:39.127 D/NetworkSecurityConfig(9442): No Network Security Config specified, using platform default
03-22 16:35:39.127 D/NetworkSecurityConfig(9442): No Network Security Config specified, using platform default
03-22 16:36:18.903 E/emu-cpp-HOS-2(9442): Signal: Segmentation fault @ 0xF42327 (PC: 0x789F68A870) (SVC: SvcWaitSynchronization)
03-22 16:36:18.903 E/emu-cpp-HOS-2(9442): Stack Trace:
03-22 16:36:18.903 E/emu-cpp-HOS-2(9442): * 0x789F68A870 (from /data/app/~~iLIXsUczO2tMKjuB7kfxxA==/skyline.emu-bp3qnojbj_tA6QXYzbNHcw==/lib/arm64/libskyline.so)
03-22 16:36:18.903 E/emu-cpp-HOS-2(9442): * 0x789F689CF8 (skyline::kernel::svc::WaitSynchronization(skyline::DeviceState const&) from /data/app/~~iLIXsUczO2tMKjuB7kfxxA==/skyline.emu-bp3qnojbj_tA6QXYzbNHcw==/lib/arm64/libskyline.so)
03-22 16:36:18.903 E/emu-cpp-HOS-2(9442): * 0x789F66E2B0 (skyline::nce::NCE::SvcHandler(unsigned short, skyline::nce::ThreadContext*) from /data/app/~~iLIXsUczO2tMKjuB7kfxxA==/skyline.emu-bp3qnojbj_tA6QXYzbNHcw==/lib/arm64/libskyline.so)
03-22 16:36:18.903 E/emu-cpp-HOS-2(9442): * 0x80AC800CC (from sdk.nso.patch)
03-22 16:36:18.903 E/emu-cpp-HOS-2(9442): * 0x8096330F4 (NvOsEventWait from subsdk0.nso)
03-22 16:36:18.903 E/emu-cpp-HOS-2(9442): * 0x80963B334 (from subsdk0.nso)
03-22 16:36:18.903 E/emu-cpp-HOS-2(9442): * 0x8096AE520 (from subsdk0.nso)
03-22 16:36:18.903 E/emu-cpp-HOS-2(9442): * 0x8096B3AD4 (from subsdk0.nso)
03-22 16:36:18.903 E/emu-cpp-HOS-2(9442): * 0x80049C16C (from main.nso)
03-22 16:36:18.903 E/emu-cpp-HOS-2(9442): * 0x8001E7AD8 (from main.nso)
03-22 16:36:18.903 E/emu-cpp-HOS-2(9442): * 0x80AD04EB0 (from sdk.nso)
03-22 16:36:18.903 E/emu-cpp-HOS-2(9442): * 0x80AD07C38 (from sdk.nso)
03-22 16:36:18.903 E/emu-cpp-HOS-2(9442): * 0x80AD07BDC (from sdk.nso)
03-22 16:36:18.905 E/libc++abi(9442): terminating with uncaught exception of type skyline::signal::SignalException
03-22 16:36:18.905 F/libc    (9442): Fatal signal 6 (SIGABRT), code -1 (SI_QUEUE) in tid 9532 (GPFIFO), pid 9442 (skyline.emu)
03-22 16:36:19.357 F/DEBUG   (9564): Softversion: PD2049B_A_6.14.5
03-22 16:36:19.357 F/DEBUG   (9564): Time: 2022-03-22 16:36:19
03-22 16:36:19.357 F/DEBUG   (9564): *** *** *** *** *** *** *** *** *** *** *** *** *** *** *** ***
03-22 16:36:19.357 F/DEBUG   (9564): Build fingerprint: 'vivo/PD2049/PD2049:12/SP1A.210812.003/compiler02161228:user/release-keys'
03-22 16:36:19.357 F/DEBUG   (9564): Revision: '0'
03-22 16:36:19.357 F/DEBUG   (9564): ABI: 'arm64'
03-22 16:36:19.357 F/DEBUG   (9564): Timestamp: 2022-03-22 16:36:19.155418965+0100
03-22 16:36:19.357 F/DEBUG   (9564): Process uptime: 0s
03-22 16:36:19.357 F/DEBUG   (9564): Cmdline: skyline.emu
03-22 16:36:19.357 F/DEBUG   (9564): pid: 9442, tid: 9532, name: GPFIFO  >>> skyline.emu <<<
03-22 16:36:19.357 F/DEBUG   (9564): uid: 10777
03-22 16:36:19.357 F/DEBUG   (9564): signal 6 (SIGABRT), code -1 (SI_QUEUE), fault addr --------
03-22 16:36:19.357 F/DEBUG   (9564): Abort message: 'terminating with uncaught exception of type skyline::signal::SignalException'
03-22 16:36:19.357 F/DEBUG   (9564):     x0  0000000000000000  x1  000000000000253c  x2  0000000000000006  x3  000000707b4a7470
03-22 16:36:19.357 F/DEBUG   (9564):     x4  736f646277641f73  x5  736f646277641f73  x6  736f646277641f73  x7  7f7f7f7f7f7f7f7f
03-22 16:36:19.357 F/DEBUG   (9564):     x8  00000000000000f0  x9  6f319a090df6bf09  x10 0000000000000000  x11 ffffff80fffffbdf
03-22 16:36:19.357 F/DEBUG   (9564):     x12 0000000000000001  x13 000008f9a85a1170  x14 0035ab8896282e0c  x15 0000000034155555
03-22 16:36:19.357 F/DEBUG   (9564):     x16 0000007bc6fa5060  x17 0000007bc6f81740  x18 000000707adcc000  x19 00000000000024e2
03-22 16:36:19.357 F/DEBUG   (9564):     x20 000000000000253c  x21 00000000ffffffff  x22 ffffff80ffffffc8  x23 000000707b4a75e0
03-22 16:36:19.357 F/DEBUG   (9564):     x24 000000707b4a75a0  x25 0000007bc6f70ce8  x26 000000707b4a7bc0  x27 6f319a090df6bf09
03-22 16:36:19.357 F/DEBUG   (9564):     x28 0000000000000000  x29 000000707b4a74f0
03-22 16:36:19.357 F/DEBUG   (9564):     lr  0000007bc6f3172c  sp  000000707b4a7450  pc  0000007bc6f31758  pst 0000000000001000
03-22 16:36:19.357 F/DEBUG   (9564): backtrace:
03-22 16:36:19.357 F/DEBUG   (9564):       #00 pc 0000000000051758  /apex/com.android.runtime/lib64/bionic/libc.so (abort+168) (BuildId: 1f3401beddc9e3190e4c7b3dfcbbcf1b)
03-22 16:36:19.357 F/DEBUG   (9564):       #01 pc 0000000000435ca0  /data/app/~~iLIXsUczO2tMKjuB7kfxxA==/skyline.emu-bp3qnojbj_tA6QXYzbNHcw==/lib/arm64/libskyline.so (BuildId: 24e388bcc1aa5990644ebcd32d8354b9e99b506e)
03-22 16:36:19.357 F/DEBUG   (9564):       #02 pc 0000000000415f34  /data/app/~~iLIXsUczO2tMKjuB7kfxxA==/skyline.emu-bp3qnojbj_tA6QXYzbNHcw==/lib/arm64/libskyline.so (BuildId: 24e388bcc1aa5990644ebcd32d8354b9e99b506e)
03-22 16:36:19.357 F/DEBUG   (9564):       #03 pc 00000000002d0e2c  /data/app/~~iLIXsUczO2tMKjuB7kfxxA==/skyline.emu-bp3qnojbj_tA6QXYzbNHcw==/lib/arm64/libskyline.so (skyline::signal::TerminateHandler()+748) (BuildId: 24e388bcc1aa5990644ebcd32d8354b9e99b506e)
03-22 16:36:19.357 F/DEBUG   (9564):       #04 pc 0000000000435598  /data/app/~~iLIXsUczO2tMKjuB7kfxxA==/skyline.emu-bp3qnojbj_tA6QXYzbNHcw==/lib/arm64/libskyline.so (BuildId: 24e388bcc1aa5990644ebcd32d8354b9e99b506e)
03-22 16:36:19.357 F/DEBUG   (9564):       #05 pc 0000000000435568  /data/app/~~iLIXsUczO2tMKjuB7kfxxA==/skyline.emu-bp3qnojbj_tA6QXYzbNHcw==/lib/arm64/libskyline.so (std::terminate()+84) (BuildId: 24e388bcc1aa5990644ebcd32d8354b9e99b506e)
03-22 16:36:19.357 F/DEBUG   (9564):       #06 pc 00000000003c4e74  /data/app/~~iLIXsUczO2tMKjuB7kfxxA==/skyline.emu-bp3qnojbj_tA6QXYzbNHcw==/lib/arm64/libskyline.so (std::rethrow_exception(std::exception_ptr)+16) (BuildId: 24e388bcc1aa5990644ebcd32d8354b9e99b506e)
03-22 16:36:19.357 F/DEBUG   (9564):       #07 pc 00000000002d0a60  /data/app/~~iLIXsUczO2tMKjuB7kfxxA==/skyline.emu-bp3qnojbj_tA6QXYzbNHcw==/lib/arm64/libskyline.so (skyline::signal::ExceptionThrow()+76) (BuildId: 24e388bcc1aa5990644ebcd32d8354b9e99b506e)
03-22 16:44:11.473 I/NetworkScheduler.Stats(26238): Task com.google.android.gms/com.google.android.gms.stats.PlatformStatsCollectorService started execution. cause:5 exec_start_elapsed_seconds: 514444 [CONTEXT service_id=218 ]
03-22 16:44:11.477 D/BoundBrokerSvc(26238): onBind: Intent { act=com.google.android.gms.phenotype.service.START dat=chimera-action:com.google.android.gms.phenotype.service.START cmp=com.google.android.gms/.chimera.PersistentApiService }
03-22 16:44:11.477 D/BoundBrokerSvc(26238): Loading bound service for intent: Intent { act=com.google.android.gms.phenotype.service.START dat=chimera-action:com.google.android.gms.phenotype.service.START cmp=com.google.android.gms/.chimera.PersistentApiService }
03-22 16:44:17.587 E/GmscoreIpa(26325): Unrecognized task tag: SmsCorpusBatchIndexingTask [CONTEXT service_id=255 ]
03-22 16:45:41.951 E/emu-cpp-GPFIFO(10945): Run: Synchronizing textures across 2 mappings is not supported
03-22 16:45:41.965 E/emu-cpp-HOS-13(10945): Signal: Segmentation fault @ 0x5F5DEEF (PC: 0x789CE57870) (SVC: SvcWaitSynchronization)
03-22 16:45:41.965 E/emu-cpp-HOS-13(10945): Stack Trace:
03-22 16:45:41.965 E/emu-cpp-HOS-13(10945): * 0x789CE57870 (from /data/app/~~iLIXsUczO2tMKjuB7kfxxA==/skyline.emu-bp3qnojbj_tA6QXYzbNHcw==/lib/arm64/libskyline.so)
03-22 16:45:41.965 E/emu-cpp-HOS-13(10945): * 0x789CE56CF8 (skyline::kernel::svc::WaitSynchronization(skyline::DeviceState const&) from /data/app/~~iLIXsUczO2tMKjuB7kfxxA==/skyline.emu-bp3qnojbj_tA6QXYzbNHcw==/lib/arm64/libskyline.so)
03-22 16:45:41.965 E/emu-cpp-HOS-13(10945): * 0x789CE3B2B0 (skyline::nce::NCE::SvcHandler(unsigned short, skyline::nce::ThreadContext*) from /data/app/~~iLIXsUczO2tMKjuB7kfxxA==/skyline.emu-bp3qnojbj_tA6QXYzbNHcw==/lib/arm64/libskyline.so)
03-22 16:45:41.965 E/emu-cpp-HOS-13(10945): * 0x802C6A0CC (from sdk.nso.patch)
03-22 16:45:41.965 E/emu-cpp-HOS-13(10945): * 0x800AC3D64 (nn::atk::detail::driver::SoundThread::Run(void*) from main.nso)
03-22 16:45:41.965 E/emu-cpp-HOS-13(10945): * 0x800AD11F4 (nn::atk::detail::fnd::Thread::ThreadMain::Run(void*) from main.nso)
03-22 16:45:41.965 E/emu-cpp-HOS-13(10945): * 0x802CF68A8 (from sdk.nso)
03-22 16:45:41.965 E/emu-cpp-HOS-13(10945): * 0x802CFA958 (from sdk.nso)
03-22 16:45:41.965 E/emu-cpp-HOS-13(10945): * 0x802CFA8D8 (from sdk.nso)
03-22 16:45:56.355 E/mesirnsemulato(11670): Not starting debugger since process cannot load the jdwp agent.
03-22 16:45:56.619 E/AriaConfig(11670): java.io.FileNotFoundException: aria_config.xml
03-22 16:45:56.649 E/mesirnsemulato(11670): Invalid ID 0x00000000.
03-22 16:45:56.679 E/MultiLanguageUtil(11670): getLanguageLocale:0 getSystemLanguage:en_US
03-22 16:45:57.764 E/MultiLanguageUtil(11670): getLanguageLocale:0 getSystemLanguage:en_US
03-22 16:45:57.822 E/ijm_linker(11670): ijm so-linker version:V1.1.5
03-22 16:45:57.822 E/ijm_linker(11670): ***,,!***
03-22 16:45:58.529 E/MultiLanguageUtil(11670): getLanguageLocale:0 getSystemLanguage:en_US
03-22 16:45:58.532 E/MultiLanguageUtil(11670): getLanguageLocale:0 getSystemLanguage:en_US
03-22 16:45:58.578 E/MultiLanguageUtil(11670): getLanguageLocale:0 getSystemLanguage:en_US
03-22 16:45:58.589 E/MultiLanguageUtil(11670): getLanguageLocale:0 getSystemLanguage:en_US
03-22 16:47:26.427 E/emu-cpp-HOS-2(10945): SignalHandler: Thread #2 has crashed due to signal: Segmentation fault
03-22 16:47:26.427 E/emu-cpp-HOS-2(10945): Stack Trace:
03-22 16:47:26.427 E/emu-cpp-HOS-2(10945): * 0x8096B2288 (from subsdk0.nso)
03-22 16:47:26.427 E/emu-cpp-HOS-2(10945): * 0x8096B252C (from subsdk0.nso)
03-22 16:47:26.427 E/emu-cpp-HOS-2(10945): * 0x800499DFC (from main.nso)
03-22 16:47:26.427 E/emu-cpp-HOS-2(10945): * 0x8001E7AC4 (from main.nso)
03-22 16:47:26.427 E/emu-cpp-HOS-2(10945): * 0x80AD04EB0 (from sdk.nso)
03-22 16:47:26.427 E/emu-cpp-HOS-2(10945): * 0x80AD07C38 (from sdk.nso)
03-22 16:47:26.427 E/emu-cpp-HOS-2(10945): * 0x80AD07BDC (from sdk.nso)
03-22 16:47:26.427 E/emu-cpp-HOS-2(10945): CPU Context:
03-22 16:47:26.427 E/emu-cpp-HOS-2(10945):   Stack Pointer: 0x198D7E3ED0
03-22 16:47:26.427 E/emu-cpp-HOS-2(10945):   X0 : 0x807656C68        X1 : 0x0
03-22 16:47:26.427 E/emu-cpp-HOS-2(10945):   X2 : 0x8076533E8        X3 : 0xFFFFFFFFFFFFFFFF
03-22 16:47:26.427 E/emu-cpp-HOS-2(10945):   X4 : 0x0                X5 : 0x0
03-22 16:47:26.427 E/emu-cpp-HOS-2(10945):   X6 : 0x0                X7 : 0x0
03-22 16:47:26.427 E/emu-cpp-HOS-2(10945):   X8 : 0x0                X9 : 0x3BE999999999
03-22 16:47:26.427 E/emu-cpp-HOS-2(10945):   X10: 0x19FA4AD31FAE1    X11: 0x20C49BA5
03-22 16:47:26.427 E/emu-cpp-HOS-2(10945):   X12: 0x0                X13: 0x0
03-22 16:47:26.427 E/emu-cpp-HOS-2(10945):   X14: 0x0                X15: 0x18
03-22 16:47:26.427 E/emu-cpp-HOS-2(10945):   X16: 0x80AD058C0        X17: 0x80B33AB88
03-22 16:47:26.427 E/emu-cpp-HOS-2(10945):   X18: 0x0                X19: 0x807656C68
03-22 16:47:26.427 E/emu-cpp-HOS-2(10945):   X20: 0x0                X21: 0x807656C68
03-22 16:47:26.427 E/emu-cpp-HOS-2(10945):   X22: 0x18               X23: 0x80974F9A8
03-22 16:47:26.427 E/emu-cpp-HOS-2(10945):   X24: 0x0                X25: 0x0
03-22 16:47:26.427 E/emu-cpp-HOS-2(10945):   X26: 0x0                X27: 0x0
03-22 16:47:26.427 E/emu-cpp-HOS-2(10945):   X28: 0x0                X29: 0x198D7E3F00
03-22 16:47:26.427 E/emu-cpp-HOS-2(10945):   X30: 0x8096B252C        X31: 0x198D7E3ED0
03-22 16:47:26.429 E/libc++abi(10945): terminating with uncaught exception of type skyline::signal::SignalException
03-22 16:47:26.429 F/libc    (10945): Fatal signal 6 (SIGABRT), code -1 (SI_QUEUE) in tid 15678 (GPFIFO), pid 10945 (skyline.emu)
03-22 16:47:26.774 F/DEBUG   (15683): Softversion: PD2049B_A_6.14.5
03-22 16:47:26.774 F/DEBUG   (15683): Time: 2022-03-22 16:47:26
03-22 16:47:26.774 F/DEBUG   (15683): *** *** *** *** *** *** *** *** *** *** *** *** *** *** *** ***
03-22 16:47:26.774 F/DEBUG   (15683): Build fingerprint: 'vivo/PD2049/PD2049:12/SP1A.210812.003/compiler02161228:user/release-keys'
03-22 16:47:26.774 F/DEBUG   (15683): Revision: '0'
03-22 16:47:26.774 F/DEBUG   (15683): ABI: 'arm64'
03-22 16:47:26.774 F/DEBUG   (15683): Timestamp: 2022-03-22 16:47:26.613512583+0100
03-22 16:47:26.774 F/DEBUG   (15683): Process uptime: 0s
03-22 16:47:26.774 F/DEBUG   (15683): Cmdline: skyline.emu
03-22 16:47:26.774 F/DEBUG   (15683): pid: 10945, tid: 15678, name: GPFIFO  >>> skyline.emu <<<
03-22 16:47:26.774 F/DEBUG   (15683): uid: 10777
03-22 16:47:26.774 F/DEBUG   (15683): signal 6 (SIGABRT), code -1 (SI_QUEUE), fault addr --------
03-22 16:47:26.774 F/DEBUG   (15683): Abort message: 'terminating with uncaught exception of type skyline::signal::SignalException'
03-22 16:47:26.774 F/DEBUG   (15683):     x0  0000000000000000  x1  0000000000003d3e  x2  0000000000000006  x3  0000007893e1f470
03-22 16:47:26.774 F/DEBUG   (15683):     x4  736f646277641f73  x5  736f646277641f73  x6  736f646277641f73  x7  7f7f7f7f7f7f7f7f
03-22 16:47:26.774 F/DEBUG   (15683):     x8  00000000000000f0  x9  6f319a090df6bf09  x10 0000000000000000  x11 ffffff80fffffbdf
03-22 16:47:26.774 F/DEBUG   (15683):     x12 0000000000000001  x13 000008fca445ab60  x14 00194df50e4dbaad  x15 0000000034155555
03-22 16:47:26.774 F/DEBUG   (15683):     x16 0000007bc6fa5060  x17 0000007bc6f81740  x18 0000007881dc8000  x19 0000000000002ac1
03-22 16:47:26.774 F/DEBUG   (15683):     x20 0000000000003d3e  x21 00000000ffffffff  x22 ffffff80ffffffc8  x23 0000007893e1f5e0
03-22 16:47:26.774 F/DEBUG   (15683):     x24 0000007893e1f5a0  x25 0000007bc6f70ce8  x26 0000007893e1fbc0  x27 6f319a090df6bf09
03-22 16:47:26.774 F/DEBUG   (15683):     x28 0000000000000000  x29 0000007893e1f4f0
03-22 16:47:26.774 F/DEBUG   (15683):     lr  0000007bc6f3172c  sp  0000007893e1f450  pc  0000007bc6f31758  pst 0000000000001000
03-22 16:47:26.774 F/DEBUG   (15683): backtrace:
03-22 16:47:26.774 F/DEBUG   (15683):       #00 pc 0000000000051758  /apex/com.android.runtime/lib64/bionic/libc.so (abort+168) (BuildId: 1f3401beddc9e3190e4c7b3dfcbbcf1b)
03-22 16:47:26.774 F/DEBUG   (15683):       #01 pc 0000000000435ca0  /data/app/~~iLIXsUczO2tMKjuB7kfxxA==/skyline.emu-bp3qnojbj_tA6QXYzbNHcw==/lib/arm64/libskyline.so (BuildId: 24e388bcc1aa5990644ebcd32d8354b9e99b506e)
03-22 16:47:26.774 F/DEBUG   (15683):       #02 pc 0000000000415f34  /data/app/~~iLIXsUczO2tMKjuB7kfxxA==/skyline.emu-bp3qnojbj_tA6QXYzbNHcw==/lib/arm64/libskyline.so (BuildId: 24e388bcc1aa5990644ebcd32d8354b9e99b506e)
03-22 16:47:26.774 F/DEBUG   (15683):       #03 pc 00000000002d0e2c  /data/app/~~iLIXsUczO2tMKjuB7kfxxA==/skyline.emu-bp3qnojbj_tA6QXYzbNHcw==/lib/arm64/libskyline.so (skyline::signal::TerminateHandler()+748) (BuildId: 24e388bcc1aa5990644ebcd32d8354b9e99b506e)
03-22 16:47:26.774 F/DEBUG   (15683):       #04 pc 0000000000435598  /data/app/~~iLIXsUczO2tMKjuB7kfxxA==/skyline.emu-bp3qnojbj_tA6QXYzbNHcw==/lib/arm64/libskyline.so (BuildId: 24e388bcc1aa5990644ebcd32d8354b9e99b506e)
03-22 16:47:26.774 F/DEBUG   (15683):       #05 pc 0000000000435568  /data/app/~~iLIXsUczO2tMKjuB7kfxxA==/skyline.emu-bp3qnojbj_tA6QXYzbNHcw==/lib/arm64/libskyline.so (std::terminate()+84) (BuildId: 24e388bcc1aa5990644ebcd32d8354b9e99b506e)
03-22 16:47:26.774 F/DEBUG   (15683):       #06 pc 00000000003c4e74  /data/app/~~iLIXsUczO2tMKjuB7kfxxA==/skyline.emu-bp3qnojbj_tA6QXYzbNHcw==/lib/arm64/libskyline.so (std::rethrow_exception(std::exception_ptr)+16) (BuildId: 24e388bcc1aa5990644ebcd32d8354b9e99b506e)
03-22 16:47:26.774 F/DEBUG   (15683):       #07 pc 00000000002d0a60  /data/app/~~iLIXsUczO2tMKjuB7kfxxA==/skyline.emu-bp3qnojbj_tA6QXYzbNHcw==/lib/arm64/libskyline.so (skyline::signal::ExceptionThrow()+76) (BuildId: 24e388bcc1aa5990644ebcd32d8354b9e99b506e)
03-22 16:47:27.121 D/hw-ProcessState(15700): Binder ioctl to enable oneway spam detection failed: Invalid argument
03-22 16:47:27.143 D/CompatibilityChangeReporter(15700): Compat change id reported: 171228096; UID 10777; state: ENABLED
03-22 16:47:27.182 V/ImeFocusController(15700): onWindowFocus: DecorView@a1fcb20[MainActivity] softInputMode=STATE_UNSPECIFIED|ADJUST_RESIZE|IS_FORWARD_NAVIGATION
03-22 16:47:27.182 V/ImeFocusController(15700): Restarting due to isRestartOnNextWindowFocus as true
03-22 16:47:27.182 D/ImeFocusController(15700): onViewFocusChanged, view=DecorView@a1fcb20[MainActivity], mServedView=null
03-22 16:47:27.182 V/ImeFocusController(15700): checkFocus: view=null next=DecorView@a1fcb20[MainActivity] force=true package=<none>
03-22 16:47:26.886 I/skyline.emu(15700): Late-enabling -Xcheck:jni
03-22 16:47:26.908 D/ProcessState(15700): Binder ioctl to enable oneway spam detection failed: Invalid argument
03-22 16:47:26.926 D/CompatibilityChangeReporter(15700): Compat change id reported: 171979766; UID 10777; state: ENABLED
03-22 16:47:26.946 V/GraphicsEnvironment(15700): ANGLE Developer option for 'skyline.emu' set to: 'default'
03-22 16:47:26.946 V/GraphicsEnvironment(15700): Updatable production driver is not supported on the device.
03-22 16:47:26.947 D/NetworkSecurityConfig(15700): No Network Security Config specified, using platform default
03-22 16:47:26.947 D/NetworkSecurityConfig(15700): No Network Security Config specified, using platform default
03-22 16:47:27.052 W/skyline.emu(15700): Accessing hidden method Landroid/view/View;->computeFitSystemWindows(Landroid/graphics/Rect;Landroid/graphics/Rect;)Z (unsupported, reflection, allowed)
03-22 16:47:27.052 W/skyline.emu(15700): Accessing hidden method Landroid/view/ViewGroup;->makeOptionalFitsSystemWindows()V (unsupported, reflection, allowed)
03-22 16:47:27.108 I/AdrenoGLES-0(15700): QUALCOMM build                   : a6fd1c3b35, I3c0bc64a9d
03-22 16:47:27.108 I/AdrenoGLES-0(15700): Build Date                       : 11/10/21
03-22 16:47:27.108 I/AdrenoGLES-0(15700): OpenGL ES Shader Compiler Version: EV031.35.01.10
03-22 16:47:27.108 I/AdrenoGLES-0(15700): Local Branch                     : 
03-22 16:47:27.108 I/AdrenoGLES-0(15700): Remote Branch                    : 
03-22 16:47:27.108 I/AdrenoGLES-0(15700): Remote Branch                    : 
03-22 16:47:27.108 I/AdrenoGLES-0(15700): Reconstruct Branch               : 
03-22 16:47:27.108 I/AdrenoGLES-0(15700): Build Config                     : S P 10.0.7 AArch64
03-22 16:47:27.108 I/AdrenoGLES-0(15700): Driver Path                      : /vendor/lib64/egl/libGLESv2_adreno.so
03-22 16:47:27.111 I/AdrenoGLES-0(15700): PFP: 0x016dc094, ME: 0x00000000
03-22 16:47:29.303 I/Discord (6829): [StoreStream] Application backgrounded: false
03-22 16:47:29.304 I/Discord (6829): ConnectionTimeStats: "GatewayConnection" started @ 1647964049935
03-22 16:47:29.304 V/Discord (6829): [GatewaySocket] Using sticky gateway url: wss://gateway.discord.gg
03-22 16:47:29.304 V/Discord (6829): Breadcrumb, [log]: Gateway [Using sticky gateway url: wss://gateway.discord.gg]
03-22 16:47:29.304 V/Discord (6829): [GatewaySocket] Connect to: wss://gateway.discord.gg, encoding: json, version 9.
03-22 16:47:29.305 V/Discord (6829): Breadcrumb, [log]: Gateway [Connect to: wss://gateway.discord.gg, encoding: json, version 9.]
03-22 16:47:29.306 I/Finsky  (11973): [93] jky.a(14): com.discord: Account determined from installer data - [do9Fc21mGtzg7HEzCnWkDZbMtUERxwFqOkrY292oR_0]
03-22 16:47:29.307 I/Finsky  (11973): [93] jky.a(56): Billing preferred account via installer for com.discord: [do9Fc21mGtzg7HEzCnWkDZbMtUERxwFqOkrY292oR_0]
03-22 16:47:29.307 I/Finsky  (11973): [104] jky.a(14): com.discord: Account determined from installer data - [do9Fc21mGtzg7HEzCnWkDZbMtUERxwFqOkrY292oR_0]
03-22 16:47:29.309 I/Finsky  (11973): [104] jky.a(56): Billing preferred account via installer for com.discord: [do9Fc21mGtzg7HEzCnWkDZbMtUERxwFqOkrY292oR_0]
03-22 16:47:29.387 I/Discord (6829): Got notification: {channel_id=643495358923800582, message_id=955852670378336256, guild_icon=da8bc93c22038e7c0e702c718065b015, guild_name=Skyline, __category=can_reply, guild_id=545842171459272705, message_type_=0, user_avatar=17a9b81a5f5c13985533912ee6878c64, message_content=Also dont ping the devs for no reason @gurukin, user_username= Rob The Modergaytor, user_id=364137401481691136, channel_name=general, channel_type=0, type=MESSAGE_CREATE, message={"mention_everyone":false,"pinned":false,"components":[],"attachments":[],"author":{"public_flags":0,"id":"364137401481691136","avatar":"17a9b81a5f5c13985533912ee6878c64","username":"Filthy \\\/\\\/33B","discriminator":"5483"},"flags":0,"type":0,"mention_roles":[],"nonce":"960303127066574848","edited_timestamp":null,"content":"Also dont ping the devs for no reason <@459065943939743777>","tts":false,"referenced_message":null,"mentions":[{"public_flags":0,"id":"459065943939743777","avatar":null,"username":"gurukin","discriminator":"3107"}],
03-22 16:47:29.387 I/Discord (6829): "id":"955852670378336256","embeds":[],"channel_id":"643495358923800582","timestamp":"2022-03-22T15:37:15.502000+00:00"}, __sound=message1.mp3}
03-22 16:47:29.420 D/ImeFocusController(6829): onViewFocusChanged, view=com.lytefast.flexinput.widget.FlexEditText{268b49b VFED.VCL. .F...... 36,0-603,120 #7f0a0f3d app:id/text_input aid=1073741825}, mServedView=com.lytefast.flexinput.widget.FlexEditText{268b49b VFED.VCL. .F...... 36,0-603,120 #7f0a0f3d app:id/text_input aid=1073741825}
03-22 16:47:29.421 V/ImeFocusController(6829): onWindowFocus: com.lytefast.flexinput.widget.FlexEditText{268b49b VFED.VCL. .F...... 36,0-603,120 #7f0a0f3d app:id/text_input aid=1073741825} softInputMode=STATE_HIDDEN|ADJUST_RESIZE|IS_FORWARD_NAVIGATION
03-22 16:47:29.421 V/ImeFocusController(6829): Restarting due to isRestartOnNextWindowFocus as true
03-22 16:47:29.421 D/ImeFocusController(6829): onViewFocusChanged, view=com.lytefast.flexinput.widget.FlexEditText{268b49b VFED.VCL. .F...... 36,0-603,120 #7f0a0f3d app:id/text_input aid=1073741825}, mServedView=com.lytefast.flexinput.widget.FlexEditText{268b49b VFED.VCL. .F...... 36,0-603,120 #7f0a0f3d app:id/text_input aid=1073741825}
03-22 16:47:29.421 V/ImeFocusController(6829): checkFocus: view=com.lytefast.flexinput.widget.FlexEditText{268b49b VFED.VCL. .F...... 36,0-603,120 #7f0a0f3d app:id/text_input aid=1073741825} next=com.lytefast.flexinput.widget.FlexEditText{268b49b VFED.VCL. .F...... 36,0-603,120 #7f0a0f3d app:id/text_input aid=1073741825} force=true package=com.discord
03-22 16:47:29.460 D/Linux   (6829): [Posix_connect Debug]Process com.discord :443 
03-22 16:47:46.398 I/Discord (6829): Experiment triggered: 2021-06_hub_discovery | Track Exposure: true | Assigned Bucket: null
03-22 16:47:46.398 I/Discord (6829): Experiment triggered: 2021-06_hub_discovery | Track Exposure: true | Assigned Bucket: null
03-22 16:47:52.687 W/ent.mm:hotpot.(642): Reducing the number of considered missed Gc histogram windows from 118 to 100
03-22 16:47:56.280 I/OpenGLRenderer(6829): Davey! duration=9223123966742ms; Flags=0, FrameTimelineVsyncId=24968675, IntendedVsync=248070108959249, Vsync=248070108959249, InputEventId=0, HandleInputStart=248070109456617, AnimationStart=248070109458388, PerformTraversalsStart=248070109458857, DrawStart=248070110044117, FrameDeadline=248070142292581, FrameInterval=248070109428440, FrameStartTime=16666666, SyncQueued=248070110965628, SyncStart=248070113818128, IssueDrawCommandsStart=248070114255940, SwapBuffers=248070117153336, FrameCompleted=9223372036854775807, DequeueBufferDuration=32761, QueueBufferDuration=1443073, GpuCompleted=9223372036854775807, SwapBuffersCompleted=248070125599273, DisplayPresentTime=0, 
03-22 16:48:02.550 I/Discord (6829): [NetworkMonitor] -> Network callback, onCapabilitiesChanged fired: 140
03-22 16:48:02.553 I/Discord (6829): [NetworkMonitor] -> Updating network state to ONLINE, API: 31
03-22 16:48:04.909 D/InsetsController(6829): show(ime(), fromIme=true)
03-22 16:48:11.025 V/Discord (6829): [GatewaySocket] Sending heartbeat at sequence: 21.
03-22 16:48:17.044 I/OpenGLRenderer(6829): Davey! duration=9223123945981ms; Flags=0, FrameTimelineVsyncId=24970338, IntendedVsync=248090872973869, Vsync=248090872973869, InputEventId=0, HandleInputStart=248090876138120, AnimationStart=248090876139318, PerformTraversalsStart=248090876140255, DrawStart=248090876579682, FrameDeadline=248090906307201, FrameInterval=248090876107078, FrameStartTime=16666666, SyncQueued=248090877119682, SyncStart=248090877247026, IssueDrawCommandsStart=248090877911661, SwapBuffers=248090881193953, FrameCompleted=9223372036854775807, DequeueBufferDuration=67916, QueueBufferDuration=1707917, GpuCompleted=9223372036854775807, SwapBuffersCompleted=248090889956453, DisplayPresentTime=0, 
03-22 16:48:29.279 I/CastDatabase(26325): Saving the database
03-22 16:48:29.283 I/SQLiteCastStore(26325): [CastNetworkInfo] saved: 0, skipped: 0, [CastDeviceInfo]: saved 0, skipped 0, [Paired Guest Mode DeviceInfo] saved: 0, skipped: 0. [ProbedNetworks]: saved 0, skipped: 0, [ProbedSocketAddress]: saved 0, skipped: 0, [Network-Device pairs]: saved: 0
03-22 16:48:31.595 D/BoundBrokerSvc(26238): onUnbind: Intent { act=com.google.android.gms.phenotype.service.START dat=chimera-action:com.google.android.gms.phenotype.service.START cmp=com.google.android.gms/.chimera.PersistentApiService }
03-22 16:48:43.770 D/InsetsController(6829): show(ime(), fromIme=true)
03-22 16:48:46.239 V/ChimeraUtils(26238): Module com.google.android.gms.gcm has empty metadata display_name_string_id
03-22 16:48:46.275 V/Discord (6829): --> POST ************************************************************************************** (34-byte body)
03-22 16:48:46.275 V/Discord (6829): Breadcrumb, [http]: HTTP[POST] - **************************************************************************************
03-22 16:48:46.297 I/Discord (6829): Got notification: {subtitle=replied to gurukin, channel_id=643495358923800582, message_id=955855569045053481, guild_icon=da8bc93c22038e7c0e702c718065b015, guild_name=Skyline, __category=can_reply, guild_id=545842171459272705, message_type_=19, user_avatar=17a9b81a5f5c13985533912ee6878c64, message_content=Its fine. Which build are you using?, user_username= Rob The Modergaytor, user_id=364137401481691136, channel_name=general, channel_type=0, type=MESSAGE_CREATE, __sound=message1.mp3}
03-22 16:48:46.327 I/OpenGLRenderer(6829): Davey! duration=9223123916695ms; Flags=0, FrameTimelineVsyncId=24973425, IntendedVsync=248120158828398, Vsync=248120158828398, InputEventId=0, HandleInputStart=248120159252744, AnimationStart=248120159253629, PerformTraversalsStart=248120165378733, DrawStart=248120168648213, FrameDeadline=248120192161730, FrameInterval=248120159242900, FrameStartTime=16666666, SyncQueued=248120169583525, SyncStart=248120169629983, IssueDrawCommandsStart=248120169976285, SwapBuffers=248120173280973, FrameCompleted=9223372036854775807, DequeueBufferDuration=15208, QueueBufferDuration=547917, GpuCompleted=9223372036854775807, SwapBuffersCompleted=248120174301077, DisplayPresentTime=0, 
03-22 16:48:51.143 V/Discord (6829): <-- 200 ************************************************************************************** (186ms, 14-byte body)
03-22 16:48:51.164 V/Discord (6829): --> GET ************************************************************************
03-22 16:48:51.164 V/Discord (6829): Breadcrumb, [http]: HTTP[GET] - ************************************************************************
03-22 16:48:51.207 I/Discord (6829): Experiment triggered: 2021-06_hub_discovery | Track Exposure: true | Assigned Bucket: null
03-22 16:48:51.207 I/Discord (6829): Experiment triggered: 2021-06_hub_discovery | Track Exposure: true | Assigned Bucket: null
03-22 16:48:52.275 V/Discord (6829): [GatewaySocket] Sending heartbeat at sequence: 36.
03-22 16:48:52.335 W/unknown:WrappingUtils(6829): Don't know how to round that drawable: android.graphics.drawable.GradientDrawable@2a3a42d
03-22 16:48:52.344 W/unknown:WrappingUtils(6829): Don't know how to round that drawable: android.graphics.drawable.GradientDrawable@8377ef3
03-22 16:48:52.391 D/Linux   (6829): [Posix_connect Debug]Process com.discord :443 
03-22 16:48:52.409 I/OpenGLRenderer(6829): Davey! duration=9223123910631ms; Flags=0, FrameTimelineVsyncId=24974177, IntendedVsync=248126222877800, Vsync=248126222877800, InputEventId=0, HandleInputStart=248126223230814, AnimationStart=248126223244721, PerformTraversalsStart=**************7, DrawStart=248126251233835, FrameDeadline=248126239544466, FrameInterval=248126223226283, FrameStartTime=16666666, SyncQueued=248126253225294, SyncStart=248126253261648, IssueDrawCommandsStart=248126253562012, SwapBuffers=248126255187221, FrameCompleted=9223372036854775807, DequeueBufferDuration=15417, QueueBufferDuration=379636, GpuCompleted=9223372036854775807, SwapBuffersCompleted=248126255975971, DisplayPresentTime=0, 
03-22 16:48:52.428 V/Discord (6829): [GatewaySocket] Received heartbeat ACK.
03-22 16:48:53.508 V/Discord (6829): <-- 200 ************************************************************************************** (222ms, 14-byte body)
03-22 16:48:53.573 I/Discord (6829): Got notification: {type=CHANNEL_ACK, channel_ids=934803454197649468}
03-22 16:48:54.866 I/Discord (6829): Experiment triggered: 2021-06_hub_discovery | Track Exposure: true | Assigned Bucket: null
03-22 16:48:54.867 I/Discord (6829): Experiment triggered: 2021-06_hub_discovery | Track Exposure: true | Assigned Bucket: null
03-22 16:48:59.315 V/ImeFocusController(16868): onWindowFocus: DecorView@347522a[SettingsActivity] softInputMode=STATE_UNSPECIFIED|ADJUST_RESIZE|IS_FORWARD_NAVIGATION
03-22 16:48:59.315 D/ImeFocusController(16868): onViewFocusChanged, view=DecorView@347522a[SettingsActivity], mServedView=null
03-22 16:48:59.315 V/ImeFocusController(16868): checkFocus: view=null next=DecorView@347522a[SettingsActivity] force=false package=<none>
03-22 16:48:59.328 W/NetworkScheduler(26238): Error inserting flex_time=1575000 job_id=-1 period=3152000 source=16 requires_charging=0 preferred_network_type=1 target_class=com.google.android.gms.measurement.PackageMeasurementTaskService user_id=0 target_package=com.google.android.gms tag=Measurement.PackageMeasurementTaskService.UPLOAD_TASK_TAG task_type=0 required_idleness_state=0 service_kind=0 source_version=220618000 persistence_level=1 preferred_charging_state=1 required_network_type=0 runtime=1647964139325 retry_strategy={"maximum_backoff_seconds":{"3600":0},"initial_backoff_seconds":{"30":0},"retry_policy":{"0":0}} last_runtime=0, error message: UNIQUE constraint failed: pending_ops.tag, pending_ops.target_class, pending_ops.target_package, pending_ops.user_id (code 2067 SQLITE_CONSTRAINT_UNIQUE) [CONTEXT service_id=218 ]
03-22 16:48:59.364 W/Choreographer(16868): Frame time is 0.042431 ms in the future!  Check that graphics HAL is generating vsync timestamps using the correct timebase.
03-22 16:49:16.059 I/Finsky  (11973): [104] jky.a(56): Billing preferred account via installer for com.discord: [do9Fc21mGtzg7HEzCnWkDZbMtUERxwFqOkrY292oR_0]
03-22 16:49:16.063 I/Finsky  (11973): [93] jky.a(56): Billing preferred account via installer for com.discord: [do9Fc21mGtzg7HEzCnWkDZbMtUERxwFqOkrY292oR_0]
03-22 16:49:16.068 D/Linux   (6829): [Posix_connect Debug]Process com.discord :443 
03-22 16:49:16.159 D/ImeFocusController(6829): onViewFocusChanged, view=com.lytefast.flexinput.widget.FlexEditText{268b49b VFED.VCL. .F...... 36,0-603,120 #7f0a0f3d app:id/text_input aid=1073741825}, mServedView=com.lytefast.flexinput.widget.FlexEditText{268b49b VFED.VCL. .F...... 36,0-603,120 #7f0a0f3d app:id/text_input aid=1073741825}
03-22 16:49:16.160 V/ImeFocusController(6829): onWindowFocus: com.lytefast.flexinput.widget.FlexEditText{268b49b VFED.VCL. .F...... 36,0-603,120 #7f0a0f3d app:id/text_input aid=1073741825} softInputMode=STATE_HIDDEN|ADJUST_RESIZE|IS_FORWARD_NAVIGATION
