03-22 14:46:40.523 E/BufferQueueProducer(15858): [SurfaceView[com.vanced.android.youtube/com.google.android.apps.youtube.app.watchwhile.WatchWhileActivity]#11(BLAST Consumer)11](id:3df200000013,api:3,p:15858,c:15858) detachBuffer: slot 15 is not owned by the producer (state = FREE)
03-22 14:46:40.523 E/BufferQueueProducer(15858): [SurfaceView[com.vanced.android.youtube/com.google.android.apps.youtube.app.watchwhile.WatchWhileActivity]#11(BLAST Consumer)11](id:3df200000013,api:3,p:15858,c:15858) detachBuffer: slot 16 is not owned by the producer (state = FREE)
03-22 14:46:40.523 E/BufferQueueProducer(15858): [SurfaceView[com.vanced.android.youtube/com.google.android.apps.youtube.app.watchwhile.WatchWhileActivity]#11(BLAST Consumer)11](id:3df200000013,api:3,p:15858,c:15858) detachBuffer: slot 17 is not owned by the producer (state = FREE)
03-22 14:46:40.523 E/BufferQueueProducer(15858): [SurfaceView[com.vanced.android.youtube/com.google.android.apps.youtube.app.watchwhile.WatchWhileActivity]#11(BLAST Consumer)11](id:3df200000013,api:3,p:15858,c:15858) detachBuffer: slot 18 is not owned by the producer (state = FREE)
03-22 14:46:40.523 E/BufferQueueProducer(15858): [SurfaceView[com.vanced.android.youtube/com.google.android.apps.youtube.app.watchwhile.WatchWhileActivity]#11(BLAST Consumer)11](id:3df200000013,api:3,p:15858,c:15858) detachBuffer: slot 19 is not owned by the producer (state = FREE)
03-22 14:46:40.524 E/BufferQueueProducer(15858): [SurfaceView[com.vanced.android.youtube/com.google.android.apps.youtube.app.watchwhile.WatchWhileActivity]#11(BLAST Consumer)11](id:3df200000013,api:3,p:15858,c:15858) detachBuffer: slot 20 is not owned by the producer (state = FREE)
03-22 14:46:40.524 E/BufferQueueProducer(15858): [SurfaceView[com.vanced.android.youtube/com.google.android.apps.youtube.app.watchwhile.WatchWhileActivity]#11(BLAST Consumer)11](id:3df200000013,api:3,p:15858,c:15858) detachBuffer: slot 21 is not owned by the producer (state = FREE)
03-22 14:46:40.524 E/BufferQueueProducer(15858): [SurfaceView[com.vanced.android.youtube/com.google.android.apps.youtube.app.watchwhile.WatchWhileActivity]#11(BLAST Consumer)11](id:3df200000013,api:3,p:15858,c:15858) detachBuffer: slot 22 is not owned by the producer (state = FREE)
03-22 14:46:40.524 E/BufferQueueProducer(15858): [SurfaceView[com.vanced.android.youtube/com.google.android.apps.youtube.app.watchwhile.WatchWhileActivity]#11(BLAST Consumer)11](id:3df200000013,api:3,p:15858,c:15858) detachBuffer: slot 23 is not owned by the producer (state = FREE)
03-22 14:46:40.524 E/BufferQueueProducer(15858): [SurfaceView[com.vanced.android.youtube/com.google.android.apps.youtube.app.watchwhile.WatchWhileActivity]#11(BLAST Consumer)11](id:3df200000013,api:3,p:15858,c:15858) detachBuffer: slot 24 is not owned by the producer (state = FREE)
03-22 14:46:40.524 E/BufferQueueProducer(15858): [SurfaceView[com.vanced.android.youtube/com.google.android.apps.youtube.app.watchwhile.WatchWhileActivity]#11(BLAST Consumer)11](id:3df200000013,api:3,p:15858,c:15858) detachBuffer: slot 25 is not owned by the producer (state = FREE)
03-22 14:46:40.524 E/BufferQueueProducer(15858): [SurfaceView[com.vanced.android.youtube/com.google.android.apps.youtube.app.watchwhile.WatchWhileActivity]#11(BLAST Consumer)11](id:3df200000013,api:3,p:15858,c:15858) detachBuffer: slot 26 is not owned by the producer (state = FREE)
03-22 14:46:40.524 E/BufferQueueProducer(15858): [SurfaceView[com.vanced.android.youtube/com.google.android.apps.youtube.app.watchwhile.WatchWhileActivity]#11(BLAST Consumer)11](id:3df200000013,api:3,p:15858,c:15858) detachBuffer: slot 27 is not owned by the producer (state = FREE)
03-22 14:46:40.524 E/BufferQueueProducer(15858): [SurfaceView[com.vanced.android.youtube/com.google.android.apps.youtube.app.watchwhile.WatchWhileActivity]#11(BLAST Consumer)11](id:3df200000013,api:3,p:15858,c:15858) detachBuffer: slot 28 is not owned by the producer (state = FREE)
03-22 14:46:40.524 E/BufferQueueProducer(15858): [SurfaceView[com.vanced.android.youtube/com.google.android.apps.youtube.app.watchwhile.WatchWhileActivity]#11(BLAST Consumer)11](id:3df200000013,api:3,p:15858,c:15858) detachBuffer: slot 29 is not owned by the producer (state = FREE)
03-22 14:46:40.525 E/BufferQueueProducer(15858): [SurfaceView[com.vanced.android.youtube/com.google.android.apps.youtube.app.watchwhile.WatchWhileActivity]#11(BLAST Consumer)11](id:3df200000013,api:3,p:15858,c:15858) detachBuffer: slot 30 is not owned by the producer (state = FREE)
03-22 14:46:40.525 E/BufferQueueProducer(15858): [SurfaceView[com.vanced.android.youtube/com.google.android.apps.youtube.app.watchwhile.WatchWhileActivity]#11(BLAST Consumer)11](id:3df200000013,api:3,p:15858,c:15858) detachBuffer: slot 31 is not owned by the producer (state = FREE)
03-22 14:46:40.525 E/BufferQueueProducer(15858): [SurfaceView[com.vanced.android.youtube/com.google.android.apps.youtube.app.watchwhile.WatchWhileActivity]#11(BLAST Consumer)11](id:3df200000013,api:3,p:15858,c:15858) detachBuffer: slot 32 is not owned by the producer (state = FREE)
03-22 14:46:40.525 E/BufferQueueProducer(15858): [SurfaceView[com.vanced.android.youtube/com.google.android.apps.youtube.app.watchwhile.WatchWhileActivity]#11(BLAST Consumer)11](id:3df200000013,api:3,p:15858,c:15858) detachBuffer: slot 33 is not owned by the producer (state = FREE)
03-22 14:46:40.525 E/BufferQueueProducer(15858): [SurfaceView[com.vanced.android.youtube/com.google.android.apps.youtube.app.watchwhile.WatchWhileActivity]#11(BLAST Consumer)11](id:3df200000013,api:3,p:15858,c:15858) detachBuffer: slot 34 is not owned by the producer (state = FREE)
03-22 14:46:40.525 E/BufferQueueProducer(15858): [SurfaceView[com.vanced.android.youtube/com.google.android.apps.youtube.app.watchwhile.WatchWhileActivity]#11(BLAST Consumer)11](id:3df200000013,api:3,p:15858,c:15858) detachBuffer: slot 35 is not owned by the producer (state = FREE)
03-22 14:46:40.525 E/BufferQueueProducer(15858): [SurfaceView[com.vanced.android.youtube/com.google.android.apps.youtube.app.watchwhile.WatchWhileActivity]#11(BLAST Consumer)11](id:3df200000013,api:3,p:15858,c:15858) detachBuffer: slot 36 is not owned by the producer (state = FREE)
03-22 14:46:40.525 E/BufferQueueProducer(15858): [SurfaceView[com.vanced.android.youtube/com.google.android.apps.youtube.app.watchwhile.WatchWhileActivity]#11(BLAST Consumer)11](id:3df200000013,api:3,p:15858,c:15858) detachBuffer: slot 37 is not owned by the producer (state = FREE)
03-22 14:46:40.525 E/BufferQueueProducer(15858): [SurfaceView[com.vanced.android.youtube/com.google.android.apps.youtube.app.watchwhile.WatchWhileActivity]#11(BLAST Consumer)11](id:3df200000013,api:3,p:15858,c:15858) detachBuffer: slot 38 is not owned by the producer (state = FREE)
03-22 14:46:40.526 E/BufferQueueProducer(15858): [SurfaceView[com.vanced.android.youtube/com.google.android.apps.youtube.app.watchwhile.WatchWhileActivity]#11(BLAST Consumer)11](id:3df200000013,api:3,p:15858,c:15858) detachBuffer: slot 39 is not owned by the producer (state = FREE)
03-22 14:46:40.526 E/BufferQueueProducer(15858): [SurfaceView[com.vanced.android.youtube/com.google.android.apps.youtube.app.watchwhile.WatchWhileActivity]#11(BLAST Consumer)11](id:3df200000013,api:3,p:15858,c:15858) detachBuffer: slot 40 is not owned by the producer (state = FREE)
03-22 14:46:40.526 E/BufferQueueProducer(15858): [SurfaceView[com.vanced.android.youtube/com.google.android.apps.youtube.app.watchwhile.WatchWhileActivity]#11(BLAST Consumer)11](id:3df200000013,api:3,p:15858,c:15858) detachBuffer: slot 41 is not owned by the producer (state = FREE)
03-22 14:46:40.526 E/BufferQueueProducer(15858): [SurfaceView[com.vanced.android.youtube/com.google.android.apps.youtube.app.watchwhile.WatchWhileActivity]#11(BLAST Consumer)11](id:3df200000013,api:3,p:15858,c:15858) detachBuffer: slot 42 is not owned by the producer (state = FREE)
03-22 14:46:40.526 E/BufferQueueProducer(15858): [SurfaceView[com.vanced.android.youtube/com.google.android.apps.youtube.app.watchwhile.WatchWhileActivity]#11(BLAST Consumer)11](id:3df200000013,api:3,p:15858,c:15858) detachBuffer: slot 43 is not owned by the producer (state = FREE)
03-22 14:46:40.526 E/BufferQueueProducer(15858): [SurfaceView[com.vanced.android.youtube/com.google.android.apps.youtube.app.watchwhile.WatchWhileActivity]#11(BLAST Consumer)11](id:3df200000013,api:3,p:15858,c:15858) detachBuffer: slot 44 is not owned by the producer (state = FREE)
03-22 14:46:40.526 E/BufferQueueProducer(15858): [SurfaceView[com.vanced.android.youtube/com.google.android.apps.youtube.app.watchwhile.WatchWhileActivity]#11(BLAST Consumer)11](id:3df200000013,api:3,p:15858,c:15858) detachBuffer: slot 45 is not owned by the producer (state = FREE)
03-22 14:46:40.526 E/BufferQueueProducer(15858): [SurfaceView[com.vanced.android.youtube/com.google.android.apps.youtube.app.watchwhile.WatchWhileActivity]#11(BLAST Consumer)11](id:3df200000013,api:3,p:15858,c:15858) detachBuffer: slot 46 is not owned by the producer (state = FREE)
03-22 14:46:40.526 E/BufferQueueProducer(15858): [SurfaceView[com.vanced.android.youtube/com.google.android.apps.youtube.app.watchwhile.WatchWhileActivity]#11(BLAST Consumer)11](id:3df200000013,api:3,p:15858,c:15858) detachBuffer: slot 47 is not owned by the producer (state = FREE)
03-22 14:46:40.526 E/BufferQueueProducer(15858): [SurfaceView[com.vanced.android.youtube/com.google.android.apps.youtube.app.watchwhile.WatchWhileActivity]#11(BLAST Consumer)11](id:3df200000013,api:3,p:15858,c:15858) detachBuffer: slot 48 is not owned by the producer (state = FREE)
03-22 14:46:43.794 E/YT.mlplayer(15858): MedialibPlayer.stopVideo()
03-22 14:46:43.801 E/YT.mlplayer(15858): MedialibPlayer.stopVideo()
03-22 14:46:43.801 E/YT.mlplayer(15858): MedialibPlayer.stopVideo()
03-22 14:46:43.804 E/GmsClient(15858): unable to connect to service: com.google.android.gms.droidguard.service.START on com.mgoogle.android.gms
03-22 14:46:43.805 E/YT.mlplayer(15858): MedialibPlayer.stopVideo()
03-22 14:46:45.396 E/YT.mlplayer(15858): MedialibPlayer.stopVideo()
03-22 14:46:45.439 E/YouTube (15858): Media progress reported outside media playback: PLAYBACK_PENDING
03-22 14:46:45.561 E/YT.mlplayer(15858): MedialibPlayer.loadVideo(cpn=ftskScIFkeNj8fk8 playWhenReady=true positionMs=0 playerEvents=[34] videoId=scrubbed mediaView=107712733(0,0,1080,607) volume=0.0)
03-22 14:46:45.586 E/GmsClient(15858): unable to connect to service: com.google.android.gms.icing.APP_INDEXING_SERVICE on com.mgoogle.android.gms
03-22 14:46:47.015 E/YT.mlplayer(15858): MedialibPlayer.stopVideo()
03-22 14:46:47.023 E/YT.mlplayer(15858): MedialibPlayer.stopVideo()
03-22 14:46:47.023 E/YT.mlplayer(15858): MedialibPlayer.stopVideo()
03-22 14:46:47.029 E/GmsClient(15858): unable to connect to service: com.google.android.gms.droidguard.service.START on com.mgoogle.android.gms
03-22 14:46:47.029 E/YT.mlplayer(15858): MedialibPlayer.stopVideo()
03-22 14:46:47.045 E/BufferQueueProducer(15858): [SurfaceView[com.vanced.android.youtube/com.google.android.apps.youtube.app.watchwhile.WatchWhileActivity]#11(BLAST Consumer)11](id:3df200000013,api:3,p:15858,c:15858) detachBuffer: slot 0 is not owned by the producer (state = FREE)
03-22 14:46:47.045 E/BufferQueueProducer(15858): [SurfaceView[com.vanced.android.youtube/com.google.android.apps.youtube.app.watchwhile.WatchWhileActivity]#11(BLAST Consumer)11](id:3df200000013,api:3,p:15858,c:15858) detachBuffer: slot 1 is not owned by the producer (state = FREE)
03-22 14:46:47.045 E/BufferQueueProducer(15858): [SurfaceView[com.vanced.android.youtube/com.google.android.apps.youtube.app.watchwhile.WatchWhileActivity]#11(BLAST Consumer)11](id:3df200000013,api:3,p:15858,c:15858) detachBuffer: slot 2 is not owned by the producer (state = FREE)
03-22 14:46:47.045 E/BufferQueueProducer(15858): [SurfaceView[com.vanced.android.youtube/com.google.android.apps.youtube.app.watchwhile.WatchWhileActivity]#11(BLAST Consumer)11](id:3df200000013,api:3,p:15858,c:15858) detachBuffer: slot 3 is not owned by the producer (state = FREE)
03-22 14:46:47.045 E/BufferQueueProducer(15858): [SurfaceView[com.vanced.android.youtube/com.google.android.apps.youtube.app.watchwhile.WatchWhileActivity]#11(BLAST Consumer)11](id:3df200000013,api:3,p:15858,c:15858) detachBuffer: slot 4 is not owned by the producer (state = FREE)
03-22 14:46:47.045 E/BufferQueueProducer(15858): [SurfaceView[com.vanced.android.youtube/com.google.android.apps.youtube.app.watchwhile.WatchWhileActivity]#11(BLAST Consumer)11](id:3df200000013,api:3,p:15858,c:15858) detachBuffer: slot 5 is not owned by the producer (state = FREE)
03-22 14:46:47.045 E/BufferQueueProducer(15858): [SurfaceView[com.vanced.android.youtube/com.google.android.apps.youtube.app.watchwhile.WatchWhileActivity]#11(BLAST Consumer)11](id:3df200000013,api:3,p:15858,c:15858) detachBuffer: slot 6 is not owned by the producer (state = FREE)
03-22 14:46:47.045 E/BufferQueueProducer(15858): [SurfaceView[com.vanced.android.youtube/com.google.android.apps.youtube.app.watchwhile.WatchWhileActivity]#11(BLAST Consumer)11](id:3df200000013,api:3,p:15858,c:15858) detachBuffer: slot 7 is not owned by the producer (state = FREE)
03-22 14:46:47.045 E/BufferQueueProducer(15858): [SurfaceView[com.vanced.android.youtube/com.google.android.apps.youtube.app.watchwhile.WatchWhileActivity]#11(BLAST Consumer)11](id:3df200000013,api:3,p:15858,c:15858) detachBuffer: slot 8 is not owned by the producer (state = FREE)
03-22 14:46:47.045 E/BufferQueueProducer(15858): [SurfaceView[com.vanced.android.youtube/com.google.android.apps.youtube.app.watchwhile.WatchWhileActivity]#11(BLAST Consumer)11](id:3df200000013,api:3,p:15858,c:15858) detachBuffer: slot 9 is not owned by the producer (state = FREE)
03-22 14:46:47.046 E/BufferQueueProducer(15858): [SurfaceView[com.vanced.android.youtube/com.google.android.apps.youtube.app.watchwhile.WatchWhileActivity]#11(BLAST Consumer)11](id:3df200000013,api:3,p:15858,c:15858) detachBuffer: slot 10 is not owned by the producer (state = FREE)
03-22 14:46:47.046 E/BufferQueueProducer(15858): [SurfaceView[com.vanced.android.youtube/com.google.android.apps.youtube.app.watchwhile.WatchWhileActivity]#11(BLAST Consumer)11](id:3df200000013,api:3,p:15858,c:15858) detachBuffer: slot 11 is not owned by the producer (state = FREE)
03-22 14:46:47.046 E/BufferQueueProducer(15858): [SurfaceView[com.vanced.android.youtube/com.google.android.apps.youtube.app.watchwhile.WatchWhileActivity]#11(BLAST Consumer)11](id:3df200000013,api:3,p:15858,c:15858) detachBuffer: slot 12 is not owned by the producer (state = ACQUIRED)
03-22 14:46:47.046 E/BufferQueueProducer(15858): [SurfaceView[com.vanced.android.youtube/com.google.android.apps.youtube.app.watchwhile.WatchWhileActivity]#11(BLAST Consumer)11](id:3df200000013,api:3,p:15858,c:15858) detachBuffer: slot 13 is not owned by the producer (state = FREE)
03-22 14:46:47.046 E/BufferQueueProducer(15858): [SurfaceView[com.vanced.android.youtube/com.google.android.apps.youtube.app.watchwhile.WatchWhileActivity]#11(BLAST Consumer)11](id:3df200000013,api:3,p:15858,c:15858) detachBuffer: slot 14 is not owned by the producer (state = FREE)
03-22 14:46:47.046 E/BufferQueueProducer(15858): [SurfaceView[com.vanced.android.youtube/com.google.android.apps.youtube.app.watchwhile.WatchWhileActivity]#11(BLAST Consumer)11](id:3df200000013,api:3,p:15858,c:15858) detachBuffer: slot 15 is not owned by the producer (state = FREE)
03-22 14:46:47.046 E/BufferQueueProducer(15858): [SurfaceView[com.vanced.android.youtube/com.google.android.apps.youtube.app.watchwhile.WatchWhileActivity]#11(BLAST Consumer)11](id:3df200000013,api:3,p:15858,c:15858) detachBuffer: slot 16 is not owned by the producer (state = FREE)
03-22 14:46:47.046 E/BufferQueueProducer(15858): [SurfaceView[com.vanced.android.youtube/com.google.android.apps.youtube.app.watchwhile.WatchWhileActivity]#11(BLAST Consumer)11](id:3df200000013,api:3,p:15858,c:15858) detachBuffer: slot 17 is not owned by the producer (state = FREE)
03-22 14:46:47.046 E/BufferQueueProducer(15858): [SurfaceView[com.vanced.android.youtube/com.google.android.apps.youtube.app.watchwhile.WatchWhileActivity]#11(BLAST Consumer)11](id:3df200000013,api:3,p:15858,c:15858) detachBuffer: slot 18 is not owned by the producer (state = FREE)
03-22 14:46:47.046 E/BufferQueueProducer(15858): [SurfaceView[com.vanced.android.youtube/com.google.android.apps.youtube.app.watchwhile.WatchWhileActivity]#11(BLAST Consumer)11](id:3df200000013,api:3,p:15858,c:15858) detachBuffer: slot 19 is not owned by the producer (state = FREE)
03-22 14:46:47.046 E/BufferQueueProducer(15858): [SurfaceView[com.vanced.android.youtube/com.google.android.apps.youtube.app.watchwhile.WatchWhileActivity]#11(BLAST Consumer)11](id:3df200000013,api:3,p:15858,c:15858) detachBuffer: slot 20 is not owned by the producer (state = FREE)
03-22 14:46:47.046 E/BufferQueueProducer(15858): [SurfaceView[com.vanced.android.youtube/com.google.android.apps.youtube.app.watchwhile.WatchWhileActivity]#11(BLAST Consumer)11](id:3df200000013,api:3,p:15858,c:15858) detachBuffer: slot 21 is not owned by the producer (state = FREE)
03-22 14:46:47.046 E/BufferQueueProducer(15858): [SurfaceView[com.vanced.android.youtube/com.google.android.apps.youtube.app.watchwhile.WatchWhileActivity]#11(BLAST Consumer)11](id:3df200000013,api:3,p:15858,c:15858) detachBuffer: slot 22 is not owned by the producer (state = FREE)
03-22 14:46:47.046 E/BufferQueueProducer(15858): [SurfaceView[com.vanced.android.youtube/com.google.android.apps.youtube.app.watchwhile.WatchWhileActivity]#11(BLAST Consumer)11](id:3df200000013,api:3,p:15858,c:15858) detachBuffer: slot 23 is not owned by the producer (state = FREE)
03-22 14:46:47.046 E/BufferQueueProducer(15858): [SurfaceView[com.vanced.android.youtube/com.google.android.apps.youtube.app.watchwhile.WatchWhileActivity]#11(BLAST Consumer)11](id:3df200000013,api:3,p:15858,c:15858) detachBuffer: slot 24 is not owned by the producer (state = FREE)
03-22 14:46:47.046 E/BufferQueueProducer(15858): [SurfaceView[com.vanced.android.youtube/com.google.android.apps.youtube.app.watchwhile.WatchWhileActivity]#11(BLAST Consumer)11](id:3df200000013,api:3,p:15858,c:15858) detachBuffer: slot 25 is not owned by the producer (state = FREE)
03-22 14:46:47.046 E/BufferQueueProducer(15858): [SurfaceView[com.vanced.android.youtube/com.google.android.apps.youtube.app.watchwhile.WatchWhileActivity]#11(BLAST Consumer)11](id:3df200000013,api:3,p:15858,c:15858) detachBuffer: slot 26 is not owned by the producer (state = FREE)
03-22 14:46:47.046 E/BufferQueueProducer(15858): [SurfaceView[com.vanced.android.youtube/com.google.android.apps.youtube.app.watchwhile.WatchWhileActivity]#11(BLAST Consumer)11](id:3df200000013,api:3,p:15858,c:15858) detachBuffer: slot 27 is not owned by the producer (state = FREE)
03-22 14:46:47.046 E/BufferQueueProducer(15858): [SurfaceView[com.vanced.android.youtube/com.google.android.apps.youtube.app.watchwhile.WatchWhileActivity]#11(BLAST Consumer)11](id:3df200000013,api:3,p:15858,c:15858) detachBuffer: slot 28 is not owned by the producer (state = FREE)
03-22 14:46:47.047 E/BufferQueueProducer(15858): [SurfaceView[com.vanced.android.youtube/com.google.android.apps.youtube.app.watchwhile.WatchWhileActivity]#11(BLAST Consumer)11](id:3df200000013,api:3,p:15858,c:15858) detachBuffer: slot 29 is not owned by the producer (state = FREE)
03-22 14:46:47.047 E/BufferQueueProducer(15858): [SurfaceView[com.vanced.android.youtube/com.google.android.apps.youtube.app.watchwhile.WatchWhileActivity]#11(BLAST Consumer)11](id:3df200000013,api:3,p:15858,c:15858) detachBuffer: slot 30 is not owned by the producer (state = FREE)
03-22 14:46:47.047 E/BufferQueueProducer(15858): [SurfaceView[com.vanced.android.youtube/com.google.android.apps.youtube.app.watchwhile.WatchWhileActivity]#11(BLAST Consumer)11](id:3df200000013,api:3,p:15858,c:15858) detachBuffer: slot 31 is not owned by the producer (state = FREE)
03-22 14:46:47.047 E/BufferQueueProducer(15858): [SurfaceView[com.vanced.android.youtube/com.google.android.apps.youtube.app.watchwhile.WatchWhileActivity]#11(BLAST Consumer)11](id:3df200000013,api:3,p:15858,c:15858) detachBuffer: slot 32 is not owned by the producer (state = FREE)
03-22 14:46:47.047 E/BufferQueueProducer(15858): [SurfaceView[com.vanced.android.youtube/com.google.android.apps.youtube.app.watchwhile.WatchWhileActivity]#11(BLAST Consumer)11](id:3df200000013,api:3,p:15858,c:15858) detachBuffer: slot 33 is not owned by the producer (state = FREE)
03-22 14:46:47.047 E/BufferQueueProducer(15858): [SurfaceView[com.vanced.android.youtube/com.google.android.apps.youtube.app.watchwhile.WatchWhileActivity]#11(BLAST Consumer)11](id:3df200000013,api:3,p:15858,c:15858) detachBuffer: slot 34 is not owned by the producer (state = FREE)
03-22 14:46:47.047 E/BufferQueueProducer(15858): [SurfaceView[com.vanced.android.youtube/com.google.android.apps.youtube.app.watchwhile.WatchWhileActivity]#11(BLAST Consumer)11](id:3df200000013,api:3,p:15858,c:15858) detachBuffer: slot 35 is not owned by the producer (state = FREE)
03-22 14:46:47.047 E/BufferQueueProducer(15858): [SurfaceView[com.vanced.android.youtube/com.google.android.apps.youtube.app.watchwhile.WatchWhileActivity]#11(BLAST Consumer)11](id:3df200000013,api:3,p:15858,c:15858) detachBuffer: slot 36 is not owned by the producer (state = FREE)
03-22 14:46:47.047 E/BufferQueueProducer(15858): [SurfaceView[com.vanced.android.youtube/com.google.android.apps.youtube.app.watchwhile.WatchWhileActivity]#11(BLAST Consumer)11](id:3df200000013,api:3,p:15858,c:15858) detachBuffer: slot 37 is not owned by the producer (state = FREE)
03-22 14:46:47.047 E/BufferQueueProducer(15858): [SurfaceView[com.vanced.android.youtube/com.google.android.apps.youtube.app.watchwhile.WatchWhileActivity]#11(BLAST Consumer)11](id:3df200000013,api:3,p:15858,c:15858) detachBuffer: slot 38 is not owned by the producer (state = FREE)
03-22 14:46:47.047 E/BufferQueueProducer(15858): [SurfaceView[com.vanced.android.youtube/com.google.android.apps.youtube.app.watchwhile.WatchWhileActivity]#11(BLAST Consumer)11](id:3df200000013,api:3,p:15858,c:15858) detachBuffer: slot 39 is not owned by the producer (state = FREE)
03-22 14:46:47.047 E/BufferQueueProducer(15858): [SurfaceView[com.vanced.android.youtube/com.google.android.apps.youtube.app.watchwhile.WatchWhileActivity]#11(BLAST Consumer)11](id:3df200000013,api:3,p:15858,c:15858) detachBuffer: slot 40 is not owned by the producer (state = FREE)
03-22 14:46:47.047 E/BufferQueueProducer(15858): [SurfaceView[com.vanced.android.youtube/com.google.android.apps.youtube.app.watchwhile.WatchWhileActivity]#11(BLAST Consumer)11](id:3df200000013,api:3,p:15858,c:15858) detachBuffer: slot 41 is not owned by the producer (state = FREE)
03-22 14:46:47.047 E/BufferQueueProducer(15858): [SurfaceView[com.vanced.android.youtube/com.google.android.apps.youtube.app.watchwhile.WatchWhileActivity]#11(BLAST Consumer)11](id:3df200000013,api:3,p:15858,c:15858) detachBuffer: slot 42 is not owned by the producer (state = FREE)
03-22 14:46:47.047 E/BufferQueueProducer(15858): [SurfaceView[com.vanced.android.youtube/com.google.android.apps.youtube.app.watchwhile.WatchWhileActivity]#11(BLAST Consumer)11](id:3df200000013,api:3,p:15858,c:15858) detachBuffer: slot 43 is not owned by the producer (state = FREE)
03-22 14:46:47.047 E/BufferQueueProducer(15858): [SurfaceView[com.vanced.android.youtube/com.google.android.apps.youtube.app.watchwhile.WatchWhileActivity]#11(BLAST Consumer)11](id:3df200000013,api:3,p:15858,c:15858) detachBuffer: slot 44 is not owned by the producer (state = FREE)
03-22 14:46:48.624 E/YT.mlplayer(15858): MedialibPlayer.stopVideo()
03-22 14:46:48.673 E/YouTube (15858): Media progress reported outside media playback: PLAYBACK_PENDING
03-22 14:46:48.786 E/YT.mlplayer(15858): MedialibPlayer.loadVideo(cpn=Rf3Hsog4Lr17-hba playWhenReady=true positionMs=0 playerEvents=[41] videoId=scrubbed mediaView=107712733(0,0,1080,607) volume=0.0)
03-22 14:46:48.812 E/GmsClient(15858): unable to connect to service: com.google.android.gms.icing.APP_INDEXING_SERVICE on com.mgoogle.android.gms
03-22 14:46:49.373 E/YT.mlplayer(15858): MedialibPlayer.stopVideo()
03-22 14:46:49.383 E/YT.mlplayer(15858): MedialibPlayer.stopVideo()
03-22 14:46:49.384 E/YT.mlplayer(15858): MedialibPlayer.stopVideo()
03-22 14:46:49.388 E/YT.mlplayer(15858): MedialibPlayer.stopVideo()
03-22 14:46:49.390 E/GmsClient(15858): unable to connect to service: com.google.android.gms.droidguard.service.START on com.mgoogle.android.gms
03-22 14:46:50.979 E/YT.mlplayer(15858): MedialibPlayer.stopVideo()
03-22 14:46:51.013 E/YouTube (15858): Media progress reported outside media playback: PLAYBACK_PENDING
03-22 14:46:51.098 E/YT.mlplayer(15858): MedialibPlayer.loadVideo(cpn=4BYCliNyqTYuXUyp playWhenReady=true positionMs=0 playerEvents=[98] videoId=scrubbed mediaView=107712733(0,0,1080,607) volume=0.0)
03-22 14:46:51.122 E/GmsClient(15858): unable to connect to service: com.google.android.gms.icing.APP_INDEXING_SERVICE on com.mgoogle.android.gms
03-22 14:46:51.196 E/YT.mlplayer(15858): MedialibPlayer.stopVideo()
03-22 14:46:51.205 E/YT.mlplayer(15858): MedialibPlayer.stopVideo()
03-22 14:46:51.206 E/YT.mlplayer(15858): MedialibPlayer.stopVideo()
03-22 14:46:51.211 E/GmsClient(15858): unable to connect to service: com.google.android.gms.droidguard.service.START on com.mgoogle.android.gms
03-22 14:46:51.212 E/YT.mlplayer(15858): MedialibPlayer.stopVideo()
03-22 14:46:53.275 E/YT.mlplayer(15858): MedialibPlayer.stopVideo()
03-22 14:46:53.311 E/YouTube (15858): Media progress reported outside media playback: PLAYBACK_PENDING
03-22 14:46:54.964 E/YT.mlplayer(15858): MedialibPlayer.stopVideo()
03-22 14:46:54.973 E/BufferQueueProducer(15858): [SurfaceView[com.vanced.android.youtube/com.google.android.apps.youtube.app.watchwhile.WatchWhileActivity]#11(BLAST Consumer)11](id:3df200000013,api:3,p:15858,c:15858) detachBuffer: slot 0 is not owned by the producer (state = FREE)
03-22 14:46:54.973 E/BufferQueueProducer(15858): [SurfaceView[com.vanced.android.youtube/com.google.android.apps.youtube.app.watchwhile.WatchWhileActivity]#11(BLAST Consumer)11](id:3df200000013,api:3,p:15858,c:15858) detachBuffer: slot 1 is not owned by the producer (state = FREE)
03-22 14:46:54.973 E/BufferQueueProducer(15858): [SurfaceView[com.vanced.android.youtube/com.google.android.apps.youtube.app.watchwhile.WatchWhileActivity]#11(BLAST Consumer)11](id:3df200000013,api:3,p:15858,c:15858) detachBuffer: slot 2 is not owned by the producer (state = FREE)
03-22 14:46:54.974 E/BufferQueueProducer(15858): [SurfaceView[com.vanced.android.youtube/com.google.android.apps.youtube.app.watchwhile.WatchWhileActivity]#11(BLAST Consumer)11](id:3df200000013,api:3,p:15858,c:15858) detachBuffer: slot 3 is not owned by the producer (state = FREE)
03-22 14:46:54.974 E/BufferQueueProducer(15858): [SurfaceView[com.vanced.android.youtube/com.google.android.apps.youtube.app.watchwhile.WatchWhileActivity]#11(BLAST Consumer)11](id:3df200000013,api:3,p:15858,c:15858) detachBuffer: slot 4 is not owned by the producer (state = ACQUIRED)
03-22 14:46:54.974 E/BufferQueueProducer(15858): [SurfaceView[com.vanced.android.youtube/com.google.android.apps.youtube.app.watchwhile.WatchWhileActivity]#11(BLAST Consumer)11](id:3df200000013,api:3,p:15858,c:15858) detachBuffer: slot 5 is not owned by the producer (state = FREE)
03-22 14:46:54.974 E/BufferQueueProducer(15858): [SurfaceView[com.vanced.android.youtube/com.google.android.apps.youtube.app.watchwhile.WatchWhileActivity]#11(BLAST Consumer)11](id:3df200000013,api:3,p:15858,c:15858) detachBuffer: slot 6 is not owned by the producer (state = FREE)
03-22 14:46:54.974 E/BufferQueueProducer(15858): [SurfaceView[com.vanced.android.youtube/com.google.android.apps.youtube.app.watchwhile.WatchWhileActivity]#11(BLAST Consumer)11](id:3df200000013,api:3,p:15858,c:15858) detachBuffer: slot 7 is not owned by the producer (state = FREE)
03-22 14:46:54.974 E/BufferQueueProducer(15858): [SurfaceView[com.vanced.android.youtube/com.google.android.apps.youtube.app.watchwhile.WatchWhileActivity]#11(BLAST Consumer)11](id:3df200000013,api:3,p:15858,c:15858) detachBuffer: slot 8 is not owned by the producer (state = FREE)
03-22 14:46:54.974 E/BufferQueueProducer(15858): [SurfaceView[com.vanced.android.youtube/com.google.android.apps.youtube.app.watchwhile.WatchWhileActivity]#11(BLAST Consumer)11](id:3df200000013,api:3,p:15858,c:15858) detachBuffer: slot 9 is not owned by the producer (state = FREE)
03-22 14:46:54.974 E/BufferQueueProducer(15858): [SurfaceView[com.vanced.android.youtube/com.google.android.apps.youtube.app.watchwhile.WatchWhileActivity]#11(BLAST Consumer)11](id:3df200000013,api:3,p:15858,c:15858) detachBuffer: slot 10 is not owned by the producer (state = FREE)
03-22 14:46:54.974 E/BufferQueueProducer(15858): [SurfaceView[com.vanced.android.youtube/com.google.android.apps.youtube.app.watchwhile.WatchWhileActivity]#11(BLAST Consumer)11](id:3df200000013,api:3,p:15858,c:15858) detachBuffer: slot 11 is not owned by the producer (state = FREE)
03-22 14:46:54.975 E/BufferQueueProducer(15858): [SurfaceView[com.vanced.android.youtube/com.google.android.apps.youtube.app.watchwhile.WatchWhileActivity]#11(BLAST Consumer)11](id:3df200000013,api:3,p:15858,c:15858) detachBuffer: slot 12 is not owned by the producer (state = FREE)
03-22 14:46:54.975 E/BufferQueueProducer(15858): [SurfaceView[com.vanced.android.youtube/com.google.android.apps.youtube.app.watchwhile.WatchWhileActivity]#11(BLAST Consumer)11](id:3df200000013,api:3,p:15858,c:15858) detachBuffer: slot 13 is not owned by the producer (state = FREE)
03-22 14:46:54.975 E/BufferQueueProducer(15858): [SurfaceView[com.vanced.android.youtube/com.google.android.apps.youtube.app.watchwhile.WatchWhileActivity]#11(BLAST Consumer)11](id:3df200000013,api:3,p:15858,c:15858) detachBuffer: slot 14 is not owned by the producer (state = FREE)
03-22 14:46:54.975 E/BufferQueueProducer(15858): [SurfaceView[com.vanced.android.youtube/com.google.android.apps.youtube.app.watchwhile.WatchWhileActivity]#11(BLAST Consumer)11](id:3df200000013,api:3,p:15858,c:15858) detachBuffer: slot 15 is not owned by the producer (state = FREE)
03-22 14:46:54.975 E/BufferQueueProducer(15858): [SurfaceView[com.vanced.android.youtube/com.google.android.apps.youtube.app.watchwhile.WatchWhileActivity]#11(BLAST Consumer)11](id:3df200000013,api:3,p:15858,c:15858) detachBuffer: slot 16 is not owned by the producer (state = FREE)
03-22 14:46:54.975 E/BufferQueueProducer(15858): [SurfaceView[com.vanced.android.youtube/com.google.android.apps.youtube.app.watchwhile.WatchWhileActivity]#11(BLAST Consumer)11](id:3df200000013,api:3,p:15858,c:15858) detachBuffer: slot 17 is not owned by the producer (state = FREE)
03-22 14:46:54.975 E/BufferQueueProducer(15858): [SurfaceView[com.vanced.android.youtube/com.google.android.apps.youtube.app.watchwhile.WatchWhileActivity]#11(BLAST Consumer)11](id:3df200000013,api:3,p:15858,c:15858) detachBuffer: slot 18 is not owned by the producer (state = FREE)
03-22 14:46:54.975 E/BufferQueueProducer(15858): [SurfaceView[com.vanced.android.youtube/com.google.android.apps.youtube.app.watchwhile.WatchWhileActivity]#11(BLAST Consumer)11](id:3df200000013,api:3,p:15858,c:15858) detachBuffer: slot 19 is not owned by the producer (state = FREE)
03-22 14:46:54.975 E/BufferQueueProducer(15858): [SurfaceView[com.vanced.android.youtube/com.google.android.apps.youtube.app.watchwhile.WatchWhileActivity]#11(BLAST Consumer)11](id:3df200000013,api:3,p:15858,c:15858) detachBuffer: slot 20 is not owned by the producer (state = FREE)
03-22 14:46:54.975 E/BufferQueueProducer(15858): [SurfaceView[com.vanced.android.youtube/com.google.android.apps.youtube.app.watchwhile.WatchWhileActivity]#11(BLAST Consumer)11](id:3df200000013,api:3,p:15858,c:15858) detachBuffer: slot 21 is not owned by the producer (state = FREE)
03-22 14:46:54.975 E/BufferQueueProducer(15858): [SurfaceView[com.vanced.android.youtube/com.google.android.apps.youtube.app.watchwhile.WatchWhileActivity]#11(BLAST Consumer)11](id:3df200000013,api:3,p:15858,c:15858) detachBuffer: slot 22 is not owned by the producer (state = FREE)
03-22 14:46:54.975 E/BufferQueueProducer(15858): [SurfaceView[com.vanced.android.youtube/com.google.android.apps.youtube.app.watchwhile.WatchWhileActivity]#11(BLAST Consumer)11](id:3df200000013,api:3,p:15858,c:15858) detachBuffer: slot 23 is not owned by the producer (state = FREE)
03-22 14:46:54.975 E/BufferQueueProducer(15858): [SurfaceView[com.vanced.android.youtube/com.google.android.apps.youtube.app.watchwhile.WatchWhileActivity]#11(BLAST Consumer)11](id:3df200000013,api:3,p:15858,c:15858) detachBuffer: slot 24 is not owned by the producer (state = FREE)
03-22 14:46:54.976 E/BufferQueueProducer(15858): [SurfaceView[com.vanced.android.youtube/com.google.android.apps.youtube.app.watchwhile.WatchWhileActivity]#11(BLAST Consumer)11](id:3df200000013,api:3,p:15858,c:15858) detachBuffer: slot 25 is not owned by the producer (state = FREE)
03-22 14:46:54.976 E/BufferQueueProducer(15858): [SurfaceView[com.vanced.android.youtube/com.google.android.apps.youtube.app.watchwhile.WatchWhileActivity]#11(BLAST Consumer)11](id:3df200000013,api:3,p:15858,c:15858) detachBuffer: slot 26 is not owned by the producer (state = FREE)
03-22 14:46:54.976 E/BufferQueueProducer(15858): [SurfaceView[com.vanced.android.youtube/com.google.android.apps.youtube.app.watchwhile.WatchWhileActivity]#11(BLAST Consumer)11](id:3df200000013,api:3,p:15858,c:15858) detachBuffer: slot 27 is not owned by the producer (state = FREE)
03-22 14:46:54.976 E/BufferQueueProducer(15858): [SurfaceView[com.vanced.android.youtube/com.google.android.apps.youtube.app.watchwhile.WatchWhileActivity]#11(BLAST Consumer)11](id:3df200000013,api:3,p:15858,c:15858) detachBuffer: slot 28 is not owned by the producer (state = FREE)
03-22 14:46:54.976 E/BufferQueueProducer(15858): [SurfaceView[com.vanced.android.youtube/com.google.android.apps.youtube.app.watchwhile.WatchWhileActivity]#11(BLAST Consumer)11](id:3df200000013,api:3,p:15858,c:15858) detachBuffer: slot 29 is not owned by the producer (state = FREE)
03-22 14:46:54.976 E/BufferQueueProducer(15858): [SurfaceView[com.vanced.android.youtube/com.google.android.apps.youtube.app.watchwhile.WatchWhileActivity]#11(BLAST Consumer)11](id:3df200000013,api:3,p:15858,c:15858) detachBuffer: slot 30 is not owned by the producer (state = FREE)
03-22 14:46:54.976 E/BufferQueueProducer(15858): [SurfaceView[com.vanced.android.youtube/com.google.android.apps.youtube.app.watchwhile.WatchWhileActivity]#11(BLAST Consumer)11](id:3df200000013,api:3,p:15858,c:15858) detachBuffer: slot 31 is not owned by the producer (state = FREE)
03-22 14:46:54.976 E/BufferQueueProducer(15858): [SurfaceView[com.vanced.android.youtube/com.google.android.apps.youtube.app.watchwhile.WatchWhileActivity]#11(BLAST Consumer)11](id:3df200000013,api:3,p:15858,c:15858) detachBuffer: slot 32 is not owned by the producer (state = FREE)
03-22 14:46:54.976 E/BufferQueueProducer(15858): [SurfaceView[com.vanced.android.youtube/com.google.android.apps.youtube.app.watchwhile.WatchWhileActivity]#11(BLAST Consumer)11](id:3df200000013,api:3,p:15858,c:15858) detachBuffer: slot 33 is not owned by the producer (state = FREE)
03-22 14:46:54.976 E/BufferQueueProducer(15858): [SurfaceView[com.vanced.android.youtube/com.google.android.apps.youtube.app.watchwhile.WatchWhileActivity]#11(BLAST Consumer)11](id:3df200000013,api:3,p:15858,c:15858) detachBuffer: slot 34 is not owned by the producer (state = FREE)
03-22 14:46:54.976 E/BufferQueueProducer(15858): [SurfaceView[com.vanced.android.youtube/com.google.android.apps.youtube.app.watchwhile.WatchWhileActivity]#11(BLAST Consumer)11](id:3df200000013,api:3,p:15858,c:15858) detachBuffer: slot 35 is not owned by the producer (state = FREE)
03-22 14:46:54.976 E/BufferQueueProducer(15858): [SurfaceView[com.vanced.android.youtube/com.google.android.apps.youtube.app.watchwhile.WatchWhileActivity]#11(BLAST Consumer)11](id:3df200000013,api:3,p:15858,c:15858) detachBuffer: slot 36 is not owned by the producer (state = FREE)
03-22 14:46:54.976 E/BufferQueueProducer(15858): [SurfaceView[com.vanced.android.youtube/com.google.android.apps.youtube.app.watchwhile.WatchWhileActivity]#11(BLAST Consumer)11](id:3df200000013,api:3,p:15858,c:15858) detachBuffer: slot 37 is not owned by the producer (state = FREE)
03-22 14:46:54.976 E/BufferQueueProducer(15858): [SurfaceView[com.vanced.android.youtube/com.google.android.apps.youtube.app.watchwhile.WatchWhileActivity]#11(BLAST Consumer)11](id:3df200000013,api:3,p:15858,c:15858) detachBuffer: slot 38 is not owned by the producer (state = FREE)
03-22 14:46:54.976 E/BufferQueueProducer(15858): [SurfaceView[com.vanced.android.youtube/com.google.android.apps.youtube.app.watchwhile.WatchWhileActivity]#11(BLAST Consumer)11](id:3df200000013,api:3,p:15858,c:15858) detachBuffer: slot 39 is not owned by the producer (state = FREE)
03-22 14:46:54.976 E/BufferQueueProducer(15858): [SurfaceView[com.vanced.android.youtube/com.google.android.apps.youtube.app.watchwhile.WatchWhileActivity]#11(BLAST Consumer)11](id:3df200000013,api:3,p:15858,c:15858) detachBuffer: slot 40 is not owned by the producer (state = FREE)
03-22 14:46:54.977 E/BufferQueueProducer(15858): [SurfaceView[com.vanced.android.youtube/com.google.android.apps.youtube.app.watchwhile.WatchWhileActivity]#11(BLAST Consumer)11](id:3df200000013,api:3,p:15858,c:15858) detachBuffer: slot 41 is not owned by the producer (state = FREE)
03-22 14:46:54.977 E/BufferQueueProducer(15858): [SurfaceView[com.vanced.android.youtube/com.google.android.apps.youtube.app.watchwhile.WatchWhileActivity]#11(BLAST Consumer)11](id:3df200000013,api:3,p:15858,c:15858) detachBuffer: slot 42 is not owned by the producer (state = FREE)
03-22 14:46:54.977 E/BufferQueueProducer(15858): [SurfaceView[com.vanced.android.youtube/com.google.android.apps.youtube.app.watchwhile.WatchWhileActivity]#11(BLAST Consumer)11](id:3df200000013,api:3,p:15858,c:15858) detachBuffer: slot 43 is not owned by the producer (state = FREE)
03-22 14:46:54.977 E/BufferQueueProducer(15858): [SurfaceView[com.vanced.android.youtube/com.google.android.apps.youtube.app.watchwhile.WatchWhileActivity]#11(BLAST Consumer)11](id:3df200000013,api:3,p:15858,c:15858) detachBuffer: slot 44 is not owned by the producer (state = FREE)
03-22 14:46:54.977 E/BufferQueueProducer(15858): [SurfaceView[com.vanced.android.youtube/com.google.android.apps.youtube.app.watchwhile.WatchWhileActivity]#11(BLAST Consumer)11](id:3df200000013,api:3,p:15858,c:15858) detachBuffer: slot 45 is not owned by the producer (state = FREE)
03-22 14:46:54.977 E/BufferQueueProducer(15858): [SurfaceView[com.vanced.android.youtube/com.google.android.apps.youtube.app.watchwhile.WatchWhileActivity]#11(BLAST Consumer)11](id:3df200000013,api:3,p:15858,c:15858) detachBuffer: slot 46 is not owned by the producer (state = FREE)
03-22 14:46:54.977 E/BufferQueueProducer(15858): [SurfaceView[com.vanced.android.youtube/com.google.android.apps.youtube.app.watchwhile.WatchWhileActivity]#11(BLAST Consumer)11](id:3df200000013,api:3,p:15858,c:15858) detachBuffer: slot 47 is not owned by the producer (state = FREE)
03-22 14:46:54.977 E/BufferQueueProducer(15858): [SurfaceView[com.vanced.android.youtube/com.google.android.apps.youtube.app.watchwhile.WatchWhileActivity]#11(BLAST Consumer)11](id:3df200000013,api:3,p:15858,c:15858) detachBuffer: slot 48 is not owned by the producer (state = FREE)
03-22 14:46:55.074 E/YT.mlplayer(15858): MedialibPlayer.loadVideo(cpn=8yfd6lsT3uNe5Kj4 playWhenReady=true positionMs=0 playerEvents=[9] videoId=scrubbed mediaView=107712733(0,0,1080,607) volume=0.0)
03-22 14:46:55.095 E/GmsClient(15858): unable to connect to service: com.google.android.gms.icing.APP_INDEXING_SERVICE on com.mgoogle.android.gms
03-22 14:46:55.126 E/YT.mlplayer(15858): MedialibPlayer.stopVideo()
03-22 14:46:55.143 E/YT.mlplayer(15858): MedialibPlayer.stopVideo()
03-22 14:46:55.144 E/YT.mlplayer(15858): MedialibPlayer.stopVideo()
03-22 14:46:55.157 E/GmsClient(15858): unable to connect to service: com.google.android.gms.droidguard.service.START on com.mgoogle.android.gms
03-22 14:46:55.158 E/YT.mlplayer(15858): MedialibPlayer.stopVideo()
03-22 14:46:55.177 E/mozilla.firefo(18488): Not starting debugger since process cannot load the jdwp agent.
03-22 14:46:55.185 E/YouTube (15858): VolleyDiskCache.put
03-22 14:46:55.185 E/YouTube (15858): java.io.IOException: failed to delete /data/user/0/com.vanced.android.youtube/cache/volleyCache/703929333.0
03-22 14:46:55.185 E/YouTube (15858): 	at yam.m(PG:8)
03-22 14:46:55.185 E/YouTube (15858): 	at yam.i(PG:2)
03-22 14:46:55.185 E/YouTube (15858): 	at yam.g(PG:2)
03-22 14:46:55.185 E/YouTube (15858): 	at yam.d(PG:15)
03-22 14:46:55.185 E/YouTube (15858): 	at yku.d(PG:26)
03-22 14:46:55.185 E/YouTube (15858): 	at aasq.run(PG:4)
03-22 14:46:55.185 E/YouTube (15858): 	at sfp.run(PG:5)
03-22 14:46:55.185 E/YouTube (15858): 	at java.util.concurrent.ThreadPoolExecutor.runWorker(ThreadPoolExecutor.java:1167)
03-22 14:46:55.185 E/YouTube (15858): 	at java.util.concurrent.ThreadPoolExecutor$Worker.run(ThreadPoolExecutor.java:641)
03-22 14:46:55.185 E/YouTube (15858): 	at sfb.run(PG:2)
03-22 14:46:55.185 E/YouTube (15858): 	at ser.run(PG:2)
03-22 14:46:55.185 E/YouTube (15858): 	at java.lang.Thread.run(Thread.java:922)
03-22 14:46:55.289 E/GeckoLibLoad(18488): Load sqlite start
03-22 14:46:55.289 E/GeckoLibLoad(18488): Load sqlite done
03-22 14:46:55.290 E/GeckoLibLoad(18488): Load nss start
03-22 14:46:55.290 E/GeckoLibLoad(18488): Load nss done
03-22 14:46:55.290 E/GeckoLibLoad(18488): Loaded libs in 0.258230ms total, 0ms(0ms) user, 0ms(0ms) system, 0(0) faults
03-22 14:46:55.362 E/a.firefox:tab2(18602): Not starting debugger since process cannot load the jdwp agent.
03-22 14:46:55.569 E/WM-WorkerWrapper(18488): Didn't find WorkSpec for id 4ccbbc61-efb4-43ad-bfb7-aeb87d985fbb
03-22 14:46:55.689 E/GeckoLibLoad(18602): Load sqlite start
03-22 14:46:55.689 E/GeckoLibLoad(18602): Load sqlite done
03-22 14:46:55.689 E/GeckoLibLoad(18602): Load nss start
03-22 14:46:55.690 E/GeckoLibLoad(18602): Load nss done
03-22 14:46:55.690 E/GeckoLibLoad(18602): Loaded libs in 0.304062ms total, 0ms(0ms) user, 0ms(0ms) system, 0(0) faults
03-22 14:46:57.703 E/la.firefox:tab(18840): Not starting debugger since process cannot load the jdwp agent.
03-22 14:46:57.766 E/GeckoLibLoad(18840): Load sqlite start
03-22 14:46:57.767 E/GeckoLibLoad(18840): Load sqlite done
03-22 14:46:57.767 E/GeckoLibLoad(18840): Load nss start
03-22 14:46:57.767 E/GeckoLibLoad(18840): Load nss done
03-22 14:46:57.767 E/GeckoLibLoad(18840): Loaded libs in 0.312917ms total, 0ms(0ms) user, 0ms(0ms) system, 0(0) faults
03-22 14:46:59.506 E/ConstraintLayout(18488): layout_constraintHeight_default="wrap" is deprecated.
03-22 14:46:59.506 E/ConstraintLayout(18488): Use layout_height="WRAP_CONTENT" and layout_constrainedHeight="true" instead.
03-22 14:46:59.577 E/App     (18488): Fragment id 2131362840 did not match expected 2131362447
03-22 14:46:59.581 E/a.firefox:tab3(18934): Not starting debugger since process cannot load the jdwp agent.
03-22 14:46:59.586 E/ConstraintLayout(18488): layout_constraintHeight_default="wrap" is deprecated.
03-22 14:46:59.586 E/ConstraintLayout(18488): Use layout_height="WRAP_CONTENT" and layout_constrainedHeight="true" instead.
03-22 14:46:59.648 E/GeckoLibLoad(18934): Load sqlite start
03-22 14:46:59.648 E/GeckoLibLoad(18934): Load sqlite done
03-22 14:46:59.648 E/GeckoLibLoad(18934): Load nss start
03-22 14:46:59.648 E/GeckoLibLoad(18934): Load nss done
03-22 14:46:59.649 E/GeckoLibLoad(18934): Loaded libs in 0.255000ms total, 0ms(0ms) user, 0ms(0ms) system, 0(0) faults
03-22 14:47:29.661 E/a.firefox:medi(19350): Not starting debugger since process cannot load the jdwp agent.
03-22 14:47:29.799 E/ion     (19350): ioctl c0044901 failed with code -1: Inappropriate ioctl for device
03-22 14:47:35.600 E/BufferQueueProducer(18488): [SurfaceTexture-0-18488-0](id:483800000005,api:0,p:-1,c:18488) detachBuffer: BufferQueue has no connected producer
03-22 14:48:37.340 E/BufferQueueProducer(18488): [SurfaceTexture-0-18488-4](id:48380000000b,api:0,p:-1,c:18488) detachBuffer: BufferQueue has no connected producer
03-22 14:48:43.741 E/BufferQueueProducer(18488): [SurfaceTexture-0-18488-6](id:48380000000e,api:0,p:-1,c:18488) detachBuffer: BufferQueue has no connected producer
03-22 14:48:44.717 E/BufferQueueProducer(18488): [SurfaceTexture-0-18488-8](id:483800000010,api:0,p:-1,c:18488) detachBuffer: BufferQueue has no connected producer
03-22 14:48:51.043 E/BufferQueueProducer(18488): [SurfaceTexture-0-18488-10](id:483800000013,api:0,p:-1,c:18488) detachBuffer: BufferQueue has no connected producer
03-22 14:48:51.140 E/BufferQueueProducer(18488): [SurfaceTexture-0-18488-12](id:483800000015,api:0,p:-1,c:18488) detachBuffer: BufferQueue has no connected producer
03-22 14:48:55.138 E/BufferQueueProducer(18488): [SurfaceTexture-0-18488-14](id:483800000018,api:0,p:-1,c:18488) detachBuffer: BufferQueue has no connected producer
03-22 14:48:55.734 E/BufferQueueProducer(18488): [SurfaceTexture-0-18488-26](id:483800000026,api:0,p:-1,c:18488) detachBuffer: BufferQueue has no connected producer
03-22 14:48:55.737 E/BufferQueueProducer(18488): [SurfaceTexture-0-18488-16](id:48380000001a,api:0,p:-1,c:18488) detachBuffer: BufferQueue has no connected producer
03-22 14:48:55.796 E/BufferQueueProducer(18488): [SurfaceTexture-0-18488-28](id:483800000028,api:0,p:-1,c:18488) detachBuffer: BufferQueue has no connected producer
03-22 14:48:58.687 E/BufferQueueProducer(18488): [SurfaceTexture-0-18488-18](id:48380000001d,api:0,p:-1,c:18488) detachBuffer: BufferQueue has no connected producer
03-22 14:48:58.802 E/BufferQueueProducer(18488): [SurfaceTexture-0-18488-20](id:48380000001f,api:0,p:-1,c:18488) detachBuffer: BufferQueue has no connected producer
03-22 14:49:04.435 E/BufferQueueProducer(18488): [SurfaceTexture-0-18488-2](id:483800000007,api:0,p:-1,c:18488) detachBuffer: BufferQueue has no connected producer
03-22 14:49:05.899 E/BufferQueueProducer(18488): [SurfaceTexture-0-18488-24](id:483800000023,api:0,p:-1,c:18488) detachBuffer: BufferQueue has no connected producer
03-22 14:49:05.905 E/BufferQueueProducer(18488): [SurfaceTexture-0-18488-22](id:483800000021,api:0,p:-1,c:18488) detachBuffer: BufferQueue has no connected producer
03-22 14:50:11.390 E/libOpenSLES(18934): Configuration error: unknown key
03-22 14:50:18.637 E/libOpenSLES(18934): frameworks/wilhelm/src/itf/IPlay.cpp:204: pthread_mutex_lock_timeout_np returned 110
03-22 14:50:18.657 E/libOpenSLES(18934): frameworks/wilhelm/src/itf/IPlay.cpp:204: pthread_mutex_lock_timeout_np returned 110
03-22 14:50:18.881 E/libOpenSLES(18934): Configuration error: unknown key
03-22 14:50:19.101 E/SQLiteCastStore(26325): Skip saving CastDeviceInfo: "Nearby device" (__cast_nearby___V_82d23c0c-588d-43d3-bfea-ff224acc5869)
03-22 14:50:26.078 E/libOpenSLES(18934): frameworks/wilhelm/src/itf/IPlay.cpp:204: pthread_mutex_lock_timeout_np returned 110
03-22 14:50:26.098 E/libOpenSLES(18934): frameworks/wilhelm/src/itf/IPlay.cpp:204: pthread_mutex_lock_timeout_np returned 110
03-22 14:50:26.340 E/libOpenSLES(18934): Configuration error: unknown key
03-22 14:50:33.557 E/libOpenSLES(18934): frameworks/wilhelm/src/itf/IPlay.cpp:204: pthread_mutex_lock_timeout_np returned 110
03-22 14:50:33.577 E/libOpenSLES(18934): frameworks/wilhelm/src/itf/IPlay.cpp:204: pthread_mutex_lock_timeout_np returned 110
03-22 14:50:33.817 E/libOpenSLES(18934): Configuration error: unknown key
03-22 14:50:41.037 E/libOpenSLES(18934): frameworks/wilhelm/src/itf/IPlay.cpp:204: pthread_mutex_lock_timeout_np returned 110
03-22 14:50:41.057 E/libOpenSLES(18934): frameworks/wilhelm/src/itf/IPlay.cpp:204: pthread_mutex_lock_timeout_np returned 110
03-22 14:50:41.308 E/libOpenSLES(18934): Configuration error: unknown key
03-22 14:50:52.860 E/BufferQueueProducer(18488): [SurfaceTexture-0-18488-30](id:48380000002a,api:0,p:-1,c:18488) detachBuffer: BufferQueue has no connected producer
03-22 14:51:16.799 E/BufferQueueProducer(18488): [SurfaceTexture-0-18488-34](id:48380000002e,api:0,p:-1,c:18488) detachBuffer: BufferQueue has no connected producer
03-22 14:51:16.803 E/BufferQueueProducer(18488): [SurfaceTexture-0-18488-32](id:48380000002c,api:0,p:-1,c:18488) detachBuffer: BufferQueue has no connected producer
03-22 14:51:38.757 E/libOpenSLES(18934): Configuration error: unknown key
03-22 14:51:46.389 E/BufferQueueProducer(18488): [SurfaceTexture-0-18488-38](id:483800000032,api:0,p:-1,c:18488) detachBuffer: BufferQueue has no connected producer
03-22 14:51:46.397 E/BufferQueueProducer(18488): [SurfaceTexture-0-18488-36](id:483800000030,api:0,p:-1,c:18488) detachBuffer: BufferQueue has no connected producer
03-22 14:51:46.406 E/BufferQueueProducer(18488): [SurfaceTexture-0-18488-40](id:483800000034,api:0,p:-1,c:18488) detachBuffer: BufferQueue has no connected producer
03-22 14:51:52.168 E/libOpenSLES(18934): Configuration error: unknown key
03-22 14:51:52.360 E/BufferQueueProducer(18488): [SurfaceTexture-0-18488-49](id:48380000003d,api:0,p:-1,c:18488) detachBuffer: BufferQueue has no connected producer
03-22 14:51:54.204 E/libOpenSLES(18934): frameworks/wilhelm/src/itf/IPlay.cpp:204: pthread_mutex_lock_timeout_np returned 110
03-22 14:51:54.225 E/libOpenSLES(18934): frameworks/wilhelm/src/itf/IPlay.cpp:204: pthread_mutex_lock_timeout_np returned 110
03-22 14:51:54.452 E/libOpenSLES(18934): Configuration error: unknown key
03-22 14:51:57.179 E/BufferQueueProducer(18488): [SurfaceTexture-0-18488-42](id:483800000036,api:0,p:-1,c:18488) detachBuffer: BufferQueue has no connected producer
