--------- beginning of system
03-22 09:23:12.700 E/ActivityThread(8961): Failed to find provider info for com.google.android.apps.wellbeing.api
03-22 09:23:15.310 E/ActivityThread(8961): Failed to find provider info for com.mgoogle.android.gms.chimera
03-22 09:39:19.592 E/ActivityThread(11529): Failed to find provider info for com.android.badge
03-22 09:39:19.592 E/ActivityThread(11529): Failed to find provider info for com.huawei.android.launcher.settings
03-22 09:39:19.594 E/ActivityThread(11529): Failed to find provider info for com.android.badge
03-22 09:39:19.948 E/ActivityThread(8961): Failed to find provider info for com.mgoogle.android.gms.chimera
03-22 09:45:46.857 E/ActivityThread(8961): Failed to find provider info for com.mgoogle.android.gms.chimera
03-22 09:51:27.846 E/ActivityThread(8961): Failed to find provider info for com.mgoogle.android.gms.chimera
03-22 09:52:03.864 E/ActivityThread(16183): Failed to find provider info for com.mgoogle.android.gms.chimera
03-22 09:52:04.031 E/ActivityThread(16183): Failed to find provider info for com.mgoogle.android.gms.chimera
03-22 09:52:07.424 E/ActivityThread(16183): Failed to find provider info for com.google.android.apps.wellbeing.api
03-22 09:52:08.888 E/ActivityThread(16183): Failed to find provider info for com.mgoogle.android.gms.chimera
03-22 10:32:04.585 E/ActivityThread(22744): Failed to find provider info for com.android.badge
03-22 10:32:04.609 E/ActivityThread(22744): Failed to find provider info for com.huawei.android.launcher.settings
03-22 10:32:04.612 E/ActivityThread(22744): Failed to find provider info for com.android.badge
--------- beginning of main
03-22 12:57:13.468 E/BufferQueueProducer(22744): [SurfaceTexture-7-22744-10](id:58d800000037,api:0,p:-1,c:22744) detachBuffer: BufferQueue has no connected producer
03-22 12:57:13.493 E/libEGL  (22744): eglDestroySurfaceImpl:844 error 300d (EGL_BAD_SURFACE)
03-22 12:57:13.494 E/libEGL  (22744): eglDestroySurfaceImpl:844 error 300d (EGL_BAD_SURFACE)
03-22 12:57:13.495 E/libEGL  (22744): eglDestroySurfaceImpl:844 error 300d (EGL_BAD_SURFACE)
03-22 12:57:13.497 E/libEGL  (22744): eglDestroySurfaceImpl:844 error 300d (EGL_BAD_SURFACE)
03-22 12:57:13.498 E/BufferQueueProducer(22744): [SurfaceView[com.tencent.mm/com.tencent.mm.plugin.voip.ui.VideoActivity]#47(BLAST Consumer)47](id:58d80000003b,api:0,p:-1,c:22744) dequeueBuffer: BufferQueue has no connected producer
03-22 12:57:13.506 E/libEGL  (22744): eglDestroySurfaceImpl:844 error 300d (EGL_BAD_SURFACE)
03-22 12:57:13.508 E/X3DEffects(22744): [X3DEffects::/data/landun/workspace/WeVision/SDK/Src/Effect/X3dSDK.cpp::OnDebugMessage:91] OpenGL: unable to delete program %d
03-22 12:57:13.512 E/libEGL  (22744): eglDestroySurfaceImpl:844 error 300d (EGL_BAD_SURFACE)
03-22 12:57:13.551 E/BufferQueueProducer(22744): [SurfaceTexture-2-22744-9](id:58d800000034,api:4,p:1493,c:22744) queueBuffer: BufferQueue has been abandoned
03-22 12:57:13.557 E/BufferQueueProducer(22744): [SurfaceTexture-2-22744-9](id:58d800000034,api:4,p:1493,c:22744) cancelBuffer: BufferQueue has been abandoned
03-22 12:57:13.557 E/BufferQueueProducer(22744): [SurfaceTexture-2-22744-9](id:58d800000034,api:4,p:1493,c:22744) cancelBuffer: BufferQueue has been abandoned
03-22 12:57:13.557 E/BufferQueueProducer(22744): [SurfaceTexture-2-22744-9](id:58d800000034,api:4,p:1493,c:22744) cancelBuffer: BufferQueue has been abandoned
03-22 12:57:13.558 E/BufferQueueProducer(22744): [SurfaceTexture-2-22744-9](id:58d800000034,api:4,p:1493,c:22744) cancelBuffer: BufferQueue has been abandoned
03-22 12:57:13.559 E/BufferQueueProducer(22744): [SurfaceTexture-2-22744-9](id:58d800000034,api:4,p:1493,c:22744) cancelBuffer: BufferQueue has been abandoned
03-22 12:57:13.559 E/BufferQueueProducer(22744): [SurfaceTexture-2-22744-9](id:58d800000034,api:4,p:1493,c:22744) cancelBuffer: BufferQueue has been abandoned
03-22 12:57:17.281 E/com.tencent.mm(10195): Not starting debugger since process cannot load the jdwp agent.
03-22 12:57:17.670 E/com.tencent.mm(10195): No implementation found for java.util.ArrayList com.tencent.mars.smc.SmcLogic.getLoadLibraries() (tried Java_com_tencent_mars_smc_SmcLogic_getLoadLibraries and Java_com_tencent_mars_smc_SmcLogic_getLoadLibraries__)
03-22 12:57:18.128 E/ActivityThread(10195): Failed to find provider info for com.huawei.android.launcher.settings
03-22 12:57:18.128 E/ActivityThread(10195): Failed to find provider info for com.android.badge
03-22 12:57:18.129 E/ActivityThread(10195): Failed to find provider info for com.android.badge
03-22 12:57:18.486 I/System.out(10195): loadlibrary : tav start
03-22 12:57:18.524 I/MicroMsg.exp.Delivery(10195): [, , 10283]:loadLibrary flatt, libName  = image_filter_common
03-22 12:57:18.558 E/hakon SilkCodec(10195): [, , 10282]:x86 machines not supported.
03-22 12:57:18.649 D/BatteryStatsService(1454): notePemString  noteWhich: 49,arg1: 1080, arg2: 2400, arg3: 11034, arg4: 791, name: com.android.systemui
03-22 12:57:18.676 I/ConfigItem(10195): [, , 10279]:[updateValueFromSvr] keyName:clicfg_finder_posting_folder_strategy, has update to 1
03-22 12:57:18.679 D/BatteryStatsService(1454): notePemString  noteWhich: 49,arg1: 1080, arg2: 2400, arg3: 11034, arg4: 791, name: com.android.systemui
03-22 12:57:18.700 D/BatteryStatsService(1454): notePemString  noteWhich: 49,arg1: 1080, arg2: 2400, arg3: 11034, arg4: 791, name: com.android.systemui
03-22 12:57:18.727 I/MicroMsg.Acc.AccessibilityPlugin(10195): [, , 10281]:isEnableAccEnableForced = 0
03-22 12:57:18.728 I/MicroMsg.Acc.AccessibilityPlugin(10195): [, , 10281]:isEnableExpand = 1
03-22 12:57:18.745 D/[KindaLib] JniHelper(10195): map_interface_default_constructor _classname  com.tencent.kinda.framework.widget.base.MMKScrollView _interface kScrollView
03-22 12:57:18.746 D/[KindaLib] JniHelper(10195): map_interface_default_constructor _classname  com.tencent.kinda.framework.widget.base.MMKRichText$MMKLink _interface kLink
03-22 12:57:18.746 D/[KindaLib] JniHelper(10195): map_interface_default_constructor _classname  com.tencent.kinda.framework.widget.base.MMKListView _interface kListView
03-22 12:57:18.746 D/[KindaLib] JniHelper(10195): map_interface_default_constructor _classname  com.tencent.kinda.framework.widget.base.MMKViewLayout _interface kViewLayout
03-22 12:57:18.746 D/[KindaLib] JniHelper(10195): map_interface_default_constructor _classname  com.tencent.kinda.framework.widget.base.MMKProgressDialogImpl _interface kProgressDialog
03-22 12:57:18.746 D/[KindaLib] JniHelper(10195): map_interface_default_constructor _classname  com.tencent.kinda.framework.widget.base.KindaPayEditTextImpl _interface kPayEditText
03-22 12:57:18.746 D/[KindaLib] JniHelper(10195): map_interface_default_constructor _classname  com.tencent.kinda.framework.widget.base.KindaBankEditViewImpl _interface kBankEditView
03-22 12:57:18.746 D/[KindaLib] JniHelper(10195): map_interface_default_constructor _classname  com.tencent.kinda.framework.widget.base.MMKOnePxLineView _interface kOnePxLineView
03-22 12:57:18.746 D/[KindaLib] JniHelper(10195): map_interface_default_constructor _classname  com.tencent.kinda.framework.widget.base.KindaValidDatePickerView _interface kValidDatePickerView
03-22 12:57:18.746 D/[KindaLib] JniHelper(10195): map_interface_default_constructor _classname  com.tencent.kinda.framework.widget.base.MMKEditText _interface kEditText
03-22 12:57:18.747 D/[KindaLib] JniHelper(10195): map_interface_default_constructor _classname  com.tencent.kinda.framework.widget.base.KindaCountPickerViewImpl _interface kCountPickerView
03-22 12:57:18.747 D/[KindaLib] JniHelper(10195): map_interface_default_constructor _classname  com.tencent.kinda.framework.widget.base.MMKAvatarImageView _interface kAvatarImageView
03-22 12:57:18.747 D/[KindaLib] JniHelper(10195): map_interface_default_constructor _classname  com.tencent.kinda.framework.widget.base.KindaCardTypePickerView _interface kCardTypePickerView
03-22 12:57:18.747 D/[KindaLib] JniHelper(10195): map_interface_default_constructor _classname  com.tencent.kinda.framework.widget.base.MMKRichLabelView _interface kRichLabelView
03-22 12:57:18.747 D/[KindaLib] JniHelper(10195): map_interface_default_constructor _classname  com.tencent.kinda.framework.widget.base.KindaProfessionEditViewImpl _interface kProfessionEditView
03-22 12:57:18.747 D/[KindaLib] JniHelper(10195): map_interface_default_constructor _classname  com.tencent.kinda.framework.widget.base.KindaBankCardTypePickerViewImpl _interface kBankCardTypePickerView
03-22 12:57:18.747 D/[KindaLib] JniHelper(10195): map_interface_default_constructor _classname  com.tencent.kinda.framework.widget.base.MMKLabelView _interface kLabelView
03-22 12:57:18.747 D/[KindaLib] JniHelper(10195): map_interface_default_constructor _classname  com.tencent.kinda.framework.widget.base.KindaPhoneEditTextImpl _interface kPhoneEditText
03-22 12:57:18.747 D/[KindaLib] JniHelper(10195): map_interface_default_constructor _classname  com.tencent.kinda.framework.widget.base.MMKOptionsPicker _interface kOptionPicker
03-22 12:57:18.747 D/[KindaLib] JniHelper(10195): map_interface_default_constructor _classname  com.tencent.kinda.framework.widget.base.KindaPwdInputViewImpl _interface kPwdInputView
03-22 12:57:18.747 D/[KindaLib] JniHelper(10195): map_interface_default_constructor _classname  com.tencent.kinda.framework.widget.base.KindaSecureEditTextImpl _interface kSecureEditText
03-22 12:57:18.747 D/[KindaLib] JniHelper(10195): map_interface_default_constructor _classname  com.tencent.kinda.framework.widget.base.MMKDashLineView _interface kDashLineView
03-22 12:57:18.747 D/[KindaLib] JniHelper(10195): map_interface_default_constructor _classname  com.tencent.kinda.framework.widget.base.MMKPickerView _interface kPickerView
03-22 12:57:18.748 D/[KindaLib] JniHelper(10195): map_interface_default_constructor _classname  com.tencent.kinda.framework.widget.base.MMToastDialog _interface kToastDialog
03-22 12:57:18.748 D/[KindaLib] JniHelper(10195): map_interface_default_constructor _classname  com.tencent.kinda.framework.widget.base.KindaCardNumberEditViewImpl _interface kCardNumberEditView
03-22 12:57:18.748 D/[KindaLib] JniHelper(10195): map_interface_default_constructor _classname  com.tencent.kinda.framework.widget.base.KindaSwitchViewImpl _interface kSwitchView
03-22 12:57:18.748 D/[KindaLib] JniHelper(10195): map_interface_default_constructor _classname  com.tencent.kinda.framework.widget.base.MMKRichText _interface kText
03-22 12:57:18.748 D/[KindaLib] JniHelper(10195): map_interface_default_constructor _classname  com.tencent.kinda.framework.widget.base.MMMoneyInputText _interface kMoneyInputText
03-22 12:57:18.748 D/[KindaLib] JniHelper(10195): map_interface_default_constructor _classname  com.tencent.kinda.framework.widget.base.KindaDatePickerView _interface kDatePickerView
03-22 12:57:18.748 D/[KindaLib] JniHelper(10195): map_interface_default_constructor _classname  com.tencent.kinda.framework.widget.base.KCountryCallingCodeViewImpl _interface kCountryCallingCodeView
03-22 12:57:18.748 D/[KindaLib] JniHelper(10195): map_interface_default_constructor _classname  com.tencent.kinda.framework.widget.base.KindaTableViewImpl _interface kTableView
03-22 12:57:18.748 D/[KindaLib] JniHelper(10195): map_interface_default_constructor _classname  com.tencent.kinda.framework.widget.base.MMKLoadingImage _interface kLoadingImage
03-22 12:57:18.748 D/[KindaLib] JniHelper(10195): map_interface_default_constructor _classname  com.tencent.kinda.framework.widget.base.KindaBarCodeViewImpl _interface KBarCodeView
03-22 12:57:18.749 D/[KindaLib] JniHelper(10195): map_interface_default_constructor _classname  com.tencent.kinda.framework.widget.base.MMKImageView _interface kImageView
03-22 12:57:18.749 D/[KindaLib] JniHelper(10195): map_interface_default_constructor _classname  com.tencent.kinda.framework.widget.base.KindaQRCodeViewImpl _interface KQRCodeView
03-22 12:57:18.749 D/[KindaLib] JniHelper(10195): map_interface_default_constructor _classname  com.tencent.kinda.framework.widget.base.MMKView _interface kView
03-22 12:57:18.749 D/[KindaLib] JniHelper(10195): map_interface_default_constructor _classname  com.tencent.kinda.framework.widget.base.MMKButton _interface kButton
03-22 12:57:18.749 D/[KindaLib] JniHelper(10195): map_interface_default_constructor _classname  com.tencent.kinda.framework.widget.base.MMInputTipAlert _interface kInputTipAlert
03-22 12:57:18.749 D/[KindaLib] JniHelper(10195): map_interface_default_constructor _classname  com.tencent.kinda.framework.widget.base.AlertDialogImpl _interface kAlertDialog
03-22 12:57:18.749 D/[KindaLib] JniHelper(10195): map_interface_default_constructor _classname  com.tencent.kinda.framework.widget.base.MMKImage _interface kImage
03-22 12:57:19.242 E/xweb:fake_dlfcn(10195): /data/app/~~Ctpq1SGMi6kjQZ7PKmjxlQ==/com.tencent.mm-s-a54Cb-XyiFvGEBJs3KWQ==/lib/arm64/libwechatxlog.so not found in my userspace
03-22 12:57:19.242 E/XWeb.Core(10195): [0322/125719.242647:ERROR:xweb_common_logic.cc(66)] [XWEB] initNativeXlog fake_dlopen fail
03-22 12:57:19.326 E/nt.mm:appbrand(10428): Not starting debugger since process cannot load the jdwp agent.
03-22 12:57:19.611 E/nt.mm:appbrand(10461): Not starting debugger since process cannot load the jdwp agent.
03-22 12:57:20.127 D/HARDCODER(10461): [com_tencent_mm_hardcoder_HardCoderJNI.cpp,Java_com_tencent_mm_hardcoder_HardCoderJNI_setDebug:415]"setDebug: 1"
03-22 12:57:20.130 D/HARDCODER(10461): [com_tencent_mm_hardcoder_HardCoderJNI.cpp,Java_com_tencent_mm_hardcoder_HardCoderJNI_setHCEnable:400]"setEnable: 1"
03-22 12:57:20.130 D/HARDCODER(10461): [client.h,setEnable:422]"setEnable 1 to 1, restart:0"
03-22 12:57:20.131 I/chromium(10461): [0322/125720.131623:INFO:com_tencent_mars_cdn_CronetLogic_Java2C.cc(42)] cronet vfs init rv 0
03-22 12:57:20.135 D/HARDCODER(10461): [com_tencent_mm_hardcoder_HardCoderJNI.cpp,Java_com_tencent_mm_hardcoder_HardCoderJNI_initHardCoder:152]"initHardCoder, start."
03-22 12:57:20.135 D/HARDCODER(10461): [client.h,init:476]"init m_remote:mmServer, HEADER_VERSION:4"
03-22 12:57:20.136 D/HARDCODER(10461): [client.h,tryStartEngine:370]"tryStartEngine, TimeDiff:-1317201528, remote:mmServer, running:-1"
03-22 12:57:20.136 W/HARDCODER(10461): [localsocket.h,uninit:215]"uninit, pipe:[0,0], m_fd:0, queue:0, flag:1"
03-22 12:57:20.136 D/HARDCODER(10461): [localsocket.h,createSocket:249]"createSocket, localPath: com.tencent.mm.hardcoder.client.sock, remotePath: mmServer"
03-22 12:57:20.136 W/HARDCODER(10461): [localsocket.h,createSocket:310]"createSocket, connect socket, ret:0, local:com.tencent.mm.hardcoder.client.sock, remote:mmServer"
03-22 12:57:20.136 W/HARDCODER(10461): [localsocket.h,createSocket:353]"create ClientProtocal socket:124 local:com.tencent.mm.hardcoder.client.sock remote:mmServer"
03-22 12:57:20.136 D/HARDCODER(10461): [com_tencent_mm_hardcoder_HardCoderJNI.cpp,Java_com_tencent_mm_hardcoder_HardCoderJNI_initHardCoder:157]"initHardCoder, end."
03-22 12:57:20.136 D/HARDCODER(10461): [localsocket.h,loop:126]"loop, m_fd:124, maxfd:124, isServer:0"
03-22 12:57:20.145 I/Luggage.Utils.Profile(10428): [, , 10547]:runProfiled:log:WeChatMultiProcessInitDelegateImpl<init> cost 17 ms result: isMainThread: false 
03-22 12:57:20.163 I/chromium(10428): [0322/125720.163784:INFO:cronet_core.cc(38)] -> CronetCore
03-22 12:57:20.163 I/chromium(10428): [0322/125720.163907:INFO:cronet_task_manager.cc(48)] -> CronetTaskManager
03-22 12:57:20.163 I/chromium(10428): [0322/125720.163924:INFO:cronet_task_manager.cc(48)] <- CronetTaskManager +0
03-22 12:57:20.163 I/chromium(10428): [0322/125720.163933:INFO:http_with_cronet.cc(96)] cronet chromium SetUserCertVerify
03-22 12:57:20.163 I/chromium(10428): [0322/125720.163944:INFO:cronet_core.cc(38)] <- CronetCore +0
03-22 12:57:20.230 I/chromium(10195): [0322/125720.230752:INFO:cronet_core.cc(38)] -> CronetCore
03-22 12:57:20.231 I/chromium(10195): [0322/125720.231075:INFO:cronet_task_manager.cc(48)] -> CronetTaskManager
03-22 12:57:20.231 I/chromium(10195): [0322/125720.231124:INFO:cronet_task_manager.cc(48)] <- CronetTaskManager +0
03-22 12:57:20.231 I/chromium(10195): [0322/125720.231155:INFO:http_with_cronet.cc(96)] cronet chromium SetUserCertVerify
03-22 12:57:20.231 I/chromium(10195): [0322/125720.231187:INFO:cronet_core.cc(38)] <- CronetCore +1
03-22 12:57:20.293 I/MicroMsg.CoreService(3914): [, , 3914]:deal with notify sync to mm by broast, isLogin:true, isMMProcessExist:true, isInNotifyMode:false
03-22 12:57:20.309 I/skiacanvas(10428): setLogHandler
03-22 12:57:20.310 I/MicroMsg.MMServiceHelper(3914): [, , 3914]:startService() ClassName = com.tencent.mm.booter.NotifyReceiver$NotifyReceiverService ProcessName = mm bindService_result = true
03-22 12:57:20.315 I/Luggage.Utils.Profile(10461): [, , 10639]:runProfiled:log:WeChatMultiProcessInitDelegateImpl<init> cost 10 ms result: isMainThread: false 
03-22 12:57:20.322 I/MicroMsg.SDK.SyncTask(3914): [, , 31040]:sync task exec...
03-22 12:57:20.326 I/MicroMsg.MMNativeNetTaskAdapter(3914): [, , 3914]:mmcgi startTask inQueue netid:0 hash[8025,81258587] net:3 cgi:/cgi-bin/micromsg-bin/newsync needAuthed:true
03-22 12:57:20.336 I/chromium(10461): [0322/125720.336135:INFO:cronet_core.cc(38)] -> CronetCore
03-22 12:57:20.336 I/chromium(10461): [0322/125720.336266:INFO:cronet_task_manager.cc(48)] -> CronetTaskManager
03-22 12:57:20.336 I/chromium(10461): [0322/125720.336284:INFO:cronet_task_manager.cc(48)] <- CronetTaskManager +0
03-22 12:57:20.336 I/chromium(10461): [0322/125720.336293:INFO:http_with_cronet.cc(96)] cronet chromium SetUserCertVerify
03-22 12:57:20.336 I/chromium(10461): [0322/125720.336300:INFO:cronet_core.cc(38)] <- CronetCore +0
03-22 12:57:20.468 W/[GT]ColdPool#9(10461): type=1400 audit(0.0:9375832): avc: granted { execute } for path="/data/user/0/com.tencent.mm/app_xwalk_2889/apk/oat/arm64/base.odex" dev="dm-10" ino=229777 scontext=u:r:untrusted_app_29:s0:c0,c257,c512,c768 tcontext=u:object_r:app_data_file:s0:c0,c257,c512,c768 tclass=file app=com.tencent.mm
03-22 12:57:20.472 W/[GT]ColdPool#9(10461): type=1400 audit(0.0:9375833): avc: granted { execute } for path="/data/user/0/com.tencent.mm/app_xwalk_2889/apk/oat/arm64/base.odex" dev="dm-10" ino=229777 scontext=u:r:untrusted_app_29:s0:c0,c257,c512,c768 tcontext=u:object_r:app_data_file:s0:c0,c257,c512,c768 tclass=file app=com.tencent.mm
03-22 12:57:20.492 W/[GT]ColdPool#9(10461): type=1400 audit(0.0:9375834): avc: granted { execute } for path="/data/user/0/com.tencent.mm/app_xwalk_2889/extracted_xwalkcore/libxwalkcore.so" dev="dm-10" ino=293671 scontext=u:r:untrusted_app_29:s0:c0,c257,c512,c768 tcontext=u:object_r:app_data_file:s0:c0,c257,c512,c768 tclass=file app=com.tencent.mm
03-22 12:57:20.374 I/mars::stn(3914): [longlink_connect_monitor.cc, OnHeartbeatAlarmSet, 470]:longlink_progress on_heartbeat_set, time: 500832995, time interval:210000
03-22 12:57:20.474 W/nt.mm:appbrand(10461): Can't mmap dex file /data/user/0/com.tencent.mm/app_xwalk_2889/apk/base.apk!classes.dex directly; please zipalign to 4 bytes. Falling back to extracting file.
03-22 12:57:20.495 D/XWeb.Core.XWalkViewDelegate(10461): [XWalkViewDelegate.java:556] load :/data/user/0/com.tencent.mm/app_xwalk_2889/extracted_xwalkcore/libxwalkcore.so
03-22 12:57:20.503 I/Luggage.LockStepNativeInstallHelper(10428): [, , 10755]:createLockStepBinding
03-22 12:57:20.503 I/XWeb.Core(10461): [0322/125720.503413:INFO:webview_entry_point.cc(25)] JNI_OnLoad
03-22 12:57:20.503 D/XWeb.Core.XWalkViewDelegate(10461): [XWalkViewDelegate.java:568] Native library is built for ARM
03-22 12:57:20.503 D/XWeb.Core.XWalkViewDelegate(10461): [XWalkViewDelegate.java:733] Device ABI: arm64-v8a
03-22 12:57:20.507 W/nt.mm:appbrand(10461): Accessing hidden field Landroid/view/LayoutInflater;->mFactorySet:Z (max-target-p, reflection, denied)
03-22 12:57:20.522 I/SysUtils(10461): setLocalStoragePatthSuffix = com.tencent.mm.appbrand0.9052
03-22 12:57:20.532 I/XWeb.Core(10461): [0322/125720.532634:INFO:xweb_common_logic.cc(63)] [XWEB] DIR_MODULE:/data/app/~~Ctpq1SGMi6kjQZ7PKmjxlQ==/com.tencent.mm-s-a54Cb-XyiFvGEBJs3KWQ==/lib/arm64/libwechatxlog.so
03-22 12:57:20.535 E/xweb:fake_dlfcn(10461): /data/app/~~Ctpq1SGMi6kjQZ7PKmjxlQ==/com.tencent.mm-s-a54Cb-XyiFvGEBJs3KWQ==/lib/arm64/libwechatxlog.so not found in my userspace
03-22 12:57:20.535 E/XWeb.Core(10461): [0322/125720.535805:ERROR:xweb_common_logic.cc(66)] [XWEB] initNativeXlog fake_dlopen fail
03-22 12:57:20.559 I/AdrenoGLES-0(10428): QUALCOMM build                   : a6fd1c3b35, I3c0bc64a9d
03-22 12:57:20.559 I/AdrenoGLES-0(10428): Build Date                       : 11/10/21
03-22 12:57:20.559 I/AdrenoGLES-0(10428): OpenGL ES Shader Compiler Version: EV************
03-22 12:57:20.559 I/AdrenoGLES-0(10428): Local Branch                     : 
03-22 12:57:20.559 I/AdrenoGLES-0(10428): Remote Branch                    : 
03-22 12:57:20.559 I/AdrenoGLES-0(10428): Remote Branch                    : 
03-22 12:57:20.559 I/AdrenoGLES-0(10428): Reconstruct Branch               : 
03-22 12:57:20.559 I/AdrenoGLES-0(10428): Build Config                     : S P 10.0.7 AArch64
03-22 12:57:20.559 I/AdrenoGLES-0(10428): Driver Path                      : /vendor/lib64/egl/libGLESv2_adreno.so
03-22 12:57:20.565 I/AdrenoGLES-0(10428): PFP: 0x016dc094, ME: 0x00000000
03-22 12:57:20.665 I/Hardcoder.HardCoderJNI(10195): [, , 10264]:hcPerfManager startPerformance:5841183, scene:201
03-22 12:57:20.684 W/nt.mm:appbrand(10461): Can't mmap dex file /data/user/0/com.tencent.mm/app_xwalk_2889/extracted_xwalkcore/media_player_extension.apk!classes.dex directly; please zipalign to 4 bytes. Falling back to extracting file.
03-22 12:57:20.720 I/skiacanvas(10461): setLogHandler
03-22 12:57:20.732 W/nt.mm:appbrand(10461): Accessing hidden field Landroid/view/LayoutInflater;->mFactorySet:Z (max-target-p, reflection, denied)
03-22 12:57:20.733 I/MicroMsg.FriendLogic(10195): [, , 10264]:isUpload false stat 34045991
03-22 12:57:20.760 D/CompatibilityChangeReporter(10461): Compat change id reported: 171228096; UID 10256; state: ENABLED
03-22 12:57:20.836 W/[GT]ColdPool#9(10428): type=1400 audit(0.0:9375835): avc: granted { execute } for path="/data/user/0/com.tencent.mm/app_xwalk_2889/apk/oat/arm64/base.odex" dev="dm-10" ino=229777 scontext=u:r:untrusted_app_29:s0:c0,c257,c512,c768 tcontext=u:object_r:app_data_file:s0:c0,c257,c512,c768 tclass=file app=com.tencent.mm
03-22 12:57:20.839 W/nt.mm:appbrand(10428): Can't mmap dex file /data/user/0/com.tencent.mm/app_xwalk_2889/apk/base.apk!classes.dex directly; please zipalign to 4 bytes. Falling back to extracting file.
03-22 12:57:20.836 W/[GT]ColdPool#9(10428): type=1400 audit(0.0:9375836): avc: granted { execute } for path="/data/user/0/com.tencent.mm/app_xwalk_2889/apk/oat/arm64/base.odex" dev="dm-10" ino=229777 scontext=u:r:untrusted_app_29:s0:c0,c257,c512,c768 tcontext=u:object_r:app_data_file:s0:c0,c257,c512,c768 tclass=file app=com.tencent.mm
03-22 12:57:20.908 E/NTransXweb(10461): NTransManager_Bind xweb78 bind to 0x0x7832fff240
03-22 12:57:20.908 E/xxx     (10461): xweb 78 bind native manager 0x32fff240
03-22 13:15:08.466 E/PlayCommon(4305): [53] ayxy.h(172): Failed to connect to server for log upload.
03-22 14:06:33.782 E/velrekun.rekad(14310): Not starting debugger since process cannot load the jdwp agent.
03-22 14:11:45.541 E/mozilla.firefo(14823): Not starting debugger since process cannot load the jdwp agent.
03-22 14:11:45.748 E/GeckoLibLoad(14823): Load sqlite start
03-22 14:11:45.748 E/GeckoLibLoad(14823): Load sqlite done
03-22 14:11:45.756 E/GeckoLibLoad(14823): Load nss start
03-22 14:11:45.756 E/GeckoLibLoad(14823): Load nss done
03-22 14:11:45.761 E/GeckoLibLoad(14823): Loaded libs in 4.425104ms total, 1ms(9ms) user, 0ms(5ms) system, 0(0) faults
03-22 14:11:45.922 E/a.firefox:tab2(15045): Not starting debugger since process cannot load the jdwp agent.
03-22 14:11:49.628 E/GeckoLibLoad(15045): Load sqlite start
03-22 14:11:49.628 E/GeckoLibLoad(15045): Load sqlite done
03-22 14:11:49.628 E/GeckoLibLoad(15045): Load nss start
03-22 14:11:49.628 E/GeckoLibLoad(15045): Load nss done
03-22 14:11:49.628 E/GeckoLibLoad(15045): Loaded libs in 0.215834ms total, 0ms(0ms) user, 0ms(0ms) system, 0(0) faults
03-22 14:11:50.283 E/ConstraintLayout(14823): layout_constraintHeight_default="wrap" is deprecated.
03-22 14:11:50.283 E/ConstraintLayout(14823): Use layout_height="WRAP_CONTENT" and layout_constrainedHeight="true" instead.
03-22 14:11:50.348 E/a.firefox:tab3(15321): Not starting debugger since process cannot load the jdwp agent.
03-22 14:11:50.422 E/GeckoLibLoad(15321): Load sqlite start
03-22 14:11:50.423 E/GeckoLibLoad(15321): Load sqlite done
03-22 14:11:50.423 E/GeckoLibLoad(15321): Load nss start
03-22 14:11:50.423 E/GeckoLibLoad(15321): Load nss done
03-22 14:11:50.425 E/GeckoLibLoad(15321): Loaded libs in 0.347760ms total, 0ms(0ms) user, 0ms(0ms) system, 0(0) faults
03-22 14:11:52.738 E/ConstraintLayout(14823): layout_constraintHeight_default="wrap" is deprecated.
03-22 14:11:52.738 E/ConstraintLayout(14823): Use layout_height="WRAP_CONTENT" and layout_constrainedHeight="true" instead.
03-22 14:17:59.874 E/android.youtub(15858): Not starting debugger since process cannot load the jdwp agent.
03-22 14:17:59.993 E/gle.android.gm(15914): Not starting debugger since process cannot load the jdwp agent.
03-22 14:18:00.119 E/ActivityThread(15858): Failed to find provider info for com.mgoogle.android.gms.chimera
03-22 14:18:00.122 E/GmsClient(15858): unable to connect to service: com.google.android.gms.gmscompliance.service.START on com.mgoogle.android.gms
03-22 14:18:00.214 E/ActivityThread(15858): Failed to find provider info for com.mgoogle.android.gms.chimera
03-22 14:18:00.255 E/.gms:persisten(16294): Not starting debugger since process cannot load the jdwp agent.
03-22 14:18:00.345 E/YouTube (15858): Failed to get advertising id
03-22 14:18:00.345 E/YouTube (15858): java.io.IOException: Connection failure
03-22 14:18:00.345 E/YouTube (15858): 	at pti.c(PG:26)
03-22 14:18:00.345 E/YouTube (15858): 	at pti.a(PG:3)
03-22 14:18:00.345 E/YouTube (15858): 	at wnh.a(PG:1)
03-22 14:18:00.345 E/YouTube (15858): 	at wnv.run(PG:1)
03-22 14:18:00.345 E/YouTube (15858): 	at sfp.run(PG:5)
03-22 14:18:00.345 E/YouTube (15858): 	at java.util.concurrent.ThreadPoolExecutor.runWorker(ThreadPoolExecutor.java:1167)
03-22 14:18:00.345 E/YouTube (15858): 	at java.util.concurrent.ThreadPoolExecutor$Worker.run(ThreadPoolExecutor.java:641)
03-22 14:18:00.345 E/YouTube (15858): 	at sfb.run(PG:2)
03-22 14:18:00.345 E/YouTube (15858): 	at ser.run(PG:2)
03-22 14:18:00.345 E/YouTube (15858): 	at java.lang.Thread.run(Thread.java:922)
03-22 14:18:00.375 E/GmsClient(15858): unable to connect to service: com.google.android.gms.icing.APP_INDEXING_SERVICE on com.mgoogle.android.gms
03-22 14:18:00.432 E/xup     (15858): No overlay to dismiss.
03-22 14:18:00.436 E/YouTube (15858): Null interactionLoggingScreen found when removeInteractionLoggingScreen.
03-22 14:18:00.898 E/FirebaseMessaging(15858): Topic operation failed: SERVICE_NOT_AVAILABLE. Will retry Topic operation.
03-22 14:18:00.900 E/FirebaseMessaging(15858): Topic operation failed: SERVICE_NOT_AVAILABLE. Will retry Topic operation.
03-22 14:18:00.916 E/Notifications(15858): [ChimeWorker] Work finished with PERMANENT_FAILURE. Job key: 'RPC_STORE_TARGET'
03-22 14:18:00.916 E/Notifications(15858): java.util.concurrent.ExecutionException: bzn
03-22 14:18:00.916 E/Notifications(15858): 	at amov.s(PG:6)
03-22 14:18:00.916 E/Notifications(15858): 	at amov.get(PG:13)
03-22 14:18:00.916 E/Notifications(15858): 	at afmf.a(PG:6)
03-22 14:18:00.916 E/Notifications(15858): 	at uae.a(PG:25)
03-22 14:18:00.916 E/Notifications(15858): 	at uad.h(PG:2)
03-22 14:18:00.916 E/Notifications(15858): 	at twu.h(PG:9)
03-22 14:18:00.916 E/Notifications(15858): 	at txr.a(PG:4)
03-22 14:18:00.916 E/Notifications(15858): 	at txp.e(PG:6)
03-22 14:18:00.916 E/Notifications(15858): 	at com.google.android.libraries.notifications.scheduled.impl.workmanager.ChimeScheduledTaskWorker.i(PG:26)
03-22 14:18:00.916 E/Notifications(15858): 	at blu.run(PG:1)
03-22 14:18:00.916 E/Notifications(15858): 	at sfp.run(PG:5)
03-22 14:18:00.916 E/Notifications(15858): 	at java.util.concurrent.ThreadPoolExecutor.runWorker(ThreadPoolExecutor.java:1167)
03-22 14:18:00.916 E/Notifications(15858): 	at java.util.concurrent.ThreadPoolExecutor$Worker.run(ThreadPoolExecutor.java:641)
03-22 14:18:00.916 E/Notifications(15858): 	at sfb.run(PG:2)
03-22 14:18:00.916 E/Notifications(15858): 	at ser.run(PG:2)
03-22 14:18:00.916 E/Notifications(15858): 	at java.lang.Thread.run(Thread.java:922)
03-22 14:18:00.916 E/Notifications(15858): Caused by: bzn
03-22 14:18:00.916 E/Notifications(15858): 	at yiy.run(PG:14)
03-22 14:18:00.916 E/Notifications(15858): 	at java.util.concurrent.ThreadPoolExecutor.runWorker(ThreadPoolExecutor.java:1167)
03-22 14:18:00.916 E/Notifications(15858): 	at java.util.concurrent.ThreadPoolExecutor$Worker.run(ThreadPoolExecutor.java:641)
03-22 14:18:00.916 E/Notifications(15858): 	at ybg.run(PG:12)
03-22 14:18:00.916 E/Notifications(15858): 	... 1 more
03-22 14:18:01.771 E/ActivityThread(15858): Failed to find provider info for com.google.android.apps.wellbeing.api
03-22 14:18:03.298 E/YT.mlplayer(15858): MedialibPlayer.stopVideo()
03-22 14:18:03.357 E/YouTube (15858): Media progress reported outside media playback: PLAYBACK_PENDING
03-22 14:18:03.675 E/YT.mlplayer(15858): MedialibPlayer.loadVideo(cpn=UKArpa2QIhNzT13- playWhenReady=true positionMs=0 playerEvents=[30] videoId=scrubbed mediaView=107712733(0,0,0,0) volume=0.0)
03-22 14:18:03.698 E/GmsClient(15858): unable to connect to service: com.google.android.gms.icing.APP_INDEXING_SERVICE on com.mgoogle.android.gms
03-22 14:18:03.849 E/ion     (15858): ioctl c0044901 failed with code -1: Inappropriate ioctl for device
03-22 14:18:05.132 E/ActivityThread(15858): Failed to find provider info for com.mgoogle.android.gms.chimera
03-22 14:18:05.135 E/GmsClient(15858): unable to connect to service: com.google.android.gms.common.telemetry.service.START on com.mgoogle.android.gms
03-22 14:18:05.730 E/YT.mlplayer(15858): MedialibPlayer.stopVideo()
03-22 14:18:05.736 E/YT.mlplayer(15858): MedialibPlayer.stopVideo()
03-22 14:18:05.737 E/YT.mlplayer(15858): MedialibPlayer.stopVideo()
03-22 14:18:05.742 E/YT.mlplayer(15858): MedialibPlayer.stopVideo()
03-22 14:18:05.750 E/BufferQueueProducer(15858): [SurfaceView[com.vanced.android.youtube/com.google.android.apps.youtube.app.watchwhile.WatchWhileActivity]#1(BLAST Consumer)1](id:3df200000001,api:3,p:15858,c:15858) detachBuffer: slot 0 is not owned by the producer (state = FREE)
03-22 14:18:05.750 E/BufferQueueProducer(15858): [SurfaceView[com.vanced.android.youtube/com.google.android.apps.youtube.app.watchwhile.WatchWhileActivity]#1(BLAST Consumer)1](id:3df200000001,api:3,p:15858,c:15858) detachBuffer: slot 1 is not owned by the producer (state = FREE)
03-22 14:18:05.751 E/BufferQueueProducer(15858): [SurfaceView[com.vanced.android.youtube/com.google.android.apps.youtube.app.watchwhile.WatchWhileActivity]#1(BLAST Consumer)1](id:3df200000001,api:3,p:15858,c:15858) detachBuffer: slot 2 is not owned by the producer (state = FREE)
03-22 14:18:05.751 E/BufferQueueProducer(15858): [SurfaceView[com.vanced.android.youtube/com.google.android.apps.youtube.app.watchwhile.WatchWhileActivity]#1(BLAST Consumer)1](id:3df200000001,api:3,p:15858,c:15858) detachBuffer: slot 3 is not owned by the producer (state = FREE)
03-22 14:18:05.751 E/BufferQueueProducer(15858): [SurfaceView[com.vanced.android.youtube/com.google.android.apps.youtube.app.watchwhile.WatchWhileActivity]#1(BLAST Consumer)1](id:3df200000001,api:3,p:15858,c:15858) detachBuffer: slot 4 is not owned by the producer (state = FREE)
03-22 14:18:05.751 E/BufferQueueProducer(15858): [SurfaceView[com.vanced.android.youtube/com.google.android.apps.youtube.app.watchwhile.WatchWhileActivity]#1(BLAST Consumer)1](id:3df200000001,api:3,p:15858,c:15858) detachBuffer: slot 5 is not owned by the producer (state = ACQUIRED)
03-22 14:18:05.751 E/BufferQueueProducer(15858): [SurfaceView[com.vanced.android.youtube/com.google.android.apps.youtube.app.watchwhile.WatchWhileActivity]#1(BLAST Consumer)1](id:3df200000001,api:3,p:15858,c:15858) detachBuffer: slot 6 is not owned by the producer (state = FREE)
03-22 14:18:05.751 E/BufferQueueProducer(15858): [SurfaceView[com.vanced.android.youtube/com.google.android.apps.youtube.app.watchwhile.WatchWhileActivity]#1(BLAST Consumer)1](id:3df200000001,api:3,p:15858,c:15858) detachBuffer: slot 7 is not owned by the producer (state = FREE)
03-22 14:18:05.751 E/BufferQueueProducer(15858): [SurfaceView[com.vanced.android.youtube/com.google.android.apps.youtube.app.watchwhile.WatchWhileActivity]#1(BLAST Consumer)1](id:3df200000001,api:3,p:15858,c:15858) detachBuffer: slot 8 is not owned by the producer (state = ACQUIRED)
03-22 14:18:05.751 E/BufferQueueProducer(15858): [SurfaceView[com.vanced.android.youtube/com.google.android.apps.youtube.app.watchwhile.WatchWhileActivity]#1(BLAST Consumer)1](id:3df200000001,api:3,p:15858,c:15858) detachBuffer: slot 9 is not owned by the producer (state = FREE)
03-22 14:18:05.751 E/BufferQueueProducer(15858): [SurfaceView[com.vanced.android.youtube/com.google.android.apps.youtube.app.watchwhile.WatchWhileActivity]#1(BLAST Consumer)1](id:3df200000001,api:3,p:15858,c:15858) detachBuffer: slot 10 is not owned by the producer (state = FREE)
03-22 14:18:05.751 E/BufferQueueProducer(15858): [SurfaceView[com.vanced.android.youtube/com.google.android.apps.youtube.app.watchwhile.WatchWhileActivity]#1(BLAST Consumer)1](id:3df200000001,api:3,p:15858,c:15858) detachBuffer: slot 11 is not owned by the producer (state = FREE)
03-22 14:18:05.751 E/BufferQueueProducer(15858): [SurfaceView[com.vanced.android.youtube/com.google.android.apps.youtube.app.watchwhile.WatchWhileActivity]#1(BLAST Consumer)1](id:3df200000001,api:3,p:15858,c:15858) detachBuffer: slot 12 is not owned by the producer (state = FREE)
03-22 14:18:05.751 E/BufferQueueProducer(15858): [SurfaceView[com.vanced.android.youtube/com.google.android.apps.youtube.app.watchwhile.WatchWhileActivity]#1(BLAST Consumer)1](id:3df200000001,api:3,p:15858,c:15858) detachBuffer: slot 13 is not owned by the producer (state = FREE)
03-22 14:18:05.751 E/BufferQueueProducer(15858): [SurfaceView[com.vanced.android.youtube/com.google.android.apps.youtube.app.watchwhile.WatchWhileActivity]#1(BLAST Consumer)1](id:3df200000001,api:3,p:15858,c:15858) detachBuffer: slot 14 is not owned by the producer (state = FREE)
03-22 14:18:05.751 E/BufferQueueProducer(15858): [SurfaceView[com.vanced.android.youtube/com.google.android.apps.youtube.app.watchwhile.WatchWhileActivity]#1(BLAST Consumer)1](id:3df200000001,api:3,p:15858,c:15858) detachBuffer: slot 15 is not owned by the producer (state = FREE)
03-22 14:18:05.752 E/BufferQueueProducer(15858): [SurfaceView[com.vanced.android.youtube/com.google.android.apps.youtube.app.watchwhile.WatchWhileActivity]#1(BLAST Consumer)1](id:3df200000001,api:3,p:15858,c:15858) detachBuffer: slot 16 is not owned by the producer (state = FREE)
03-22 14:18:05.752 E/BufferQueueProducer(15858): [SurfaceView[com.vanced.android.youtube/com.google.android.apps.youtube.app.watchwhile.WatchWhileActivity]#1(BLAST Consumer)1](id:3df200000001,api:3,p:15858,c:15858) detachBuffer: slot 17 is not owned by the producer (state = FREE)
03-22 14:18:05.752 E/BufferQueueProducer(15858): [SurfaceView[com.vanced.android.youtube/com.google.android.apps.youtube.app.watchwhile.WatchWhileActivity]#1(BLAST Consumer)1](id:3df200000001,api:3,p:15858,c:15858) detachBuffer: slot 18 is not owned by the producer (state = FREE)
03-22 14:18:05.752 E/BufferQueueProducer(15858): [SurfaceView[com.vanced.android.youtube/com.google.android.apps.youtube.app.watchwhile.WatchWhileActivity]#1(BLAST Consumer)1](id:3df200000001,api:3,p:15858,c:15858) detachBuffer: slot 19 is not owned by the producer (state = FREE)
03-22 14:18:05.752 E/BufferQueueProducer(15858): [SurfaceView[com.vanced.android.youtube/com.google.android.apps.youtube.app.watchwhile.WatchWhileActivity]#1(BLAST Consumer)1](id:3df200000001,api:3,p:15858,c:15858) detachBuffer: slot 20 is not owned by the producer (state = FREE)
03-22 14:18:05.752 E/BufferQueueProducer(15858): [SurfaceView[com.vanced.android.youtube/com.google.android.apps.youtube.app.watchwhile.WatchWhileActivity]#1(BLAST Consumer)1](id:3df200000001,api:3,p:15858,c:15858) detachBuffer: slot 21 is not owned by the producer (state = FREE)
03-22 14:18:05.752 E/BufferQueueProducer(15858): [SurfaceView[com.vanced.android.youtube/com.google.android.apps.youtube.app.watchwhile.WatchWhileActivity]#1(BLAST Consumer)1](id:3df200000001,api:3,p:15858,c:15858) detachBuffer: slot 22 is not owned by the producer (state = FREE)
03-22 14:18:05.752 E/BufferQueueProducer(15858): [SurfaceView[com.vanced.android.youtube/com.google.android.apps.youtube.app.watchwhile.WatchWhileActivity]#1(BLAST Consumer)1](id:3df200000001,api:3,p:15858,c:15858) detachBuffer: slot 23 is not owned by the producer (state = FREE)
03-22 14:18:05.752 E/BufferQueueProducer(15858): [SurfaceView[com.vanced.android.youtube/com.google.android.apps.youtube.app.watchwhile.WatchWhileActivity]#1(BLAST Consumer)1](id:3df200000001,api:3,p:15858,c:15858) detachBuffer: slot 24 is not owned by the producer (state = FREE)
03-22 14:18:05.752 E/BufferQueueProducer(15858): [SurfaceView[com.vanced.android.youtube/com.google.android.apps.youtube.app.watchwhile.WatchWhileActivity]#1(BLAST Consumer)1](id:3df200000001,api:3,p:15858,c:15858) detachBuffer: slot 25 is not owned by the producer (state = FREE)
03-22 14:18:05.752 E/BufferQueueProducer(15858): [SurfaceView[com.vanced.android.youtube/com.google.android.apps.youtube.app.watchwhile.WatchWhileActivity]#1(BLAST Consumer)1](id:3df200000001,api:3,p:15858,c:15858) detachBuffer: slot 26 is not owned by the producer (state = FREE)
03-22 14:18:05.752 E/BufferQueueProducer(15858): [SurfaceView[com.vanced.android.youtube/com.google.android.apps.youtube.app.watchwhile.WatchWhileActivity]#1(BLAST Consumer)1](id:3df200000001,api:3,p:15858,c:15858) detachBuffer: slot 27 is not owned by the producer (state = FREE)
03-22 14:18:05.752 E/BufferQueueProducer(15858): [SurfaceView[com.vanced.android.youtube/com.google.android.apps.youtube.app.watchwhile.WatchWhileActivity]#1(BLAST Consumer)1](id:3df200000001,api:3,p:15858,c:15858) detachBuffer: slot 28 is not owned by the producer (state = FREE)
03-22 14:18:05.752 E/BufferQueueProducer(15858): [SurfaceView[com.vanced.android.youtube/com.google.android.apps.youtube.app.watchwhile.WatchWhileActivity]#1(BLAST Consumer)1](id:3df200000001,api:3,p:15858,c:15858) detachBuffer: slot 29 is not owned by the producer (state = FREE)
03-22 14:18:05.752 E/BufferQueueProducer(15858): [SurfaceView[com.vanced.android.youtube/com.google.android.apps.youtube.app.watchwhile.WatchWhileActivity]#1(BLAST Consumer)1](id:3df200000001,api:3,p:15858,c:15858) detachBuffer: slot 30 is not owned by the producer (state = FREE)
03-22 14:18:05.752 E/BufferQueueProducer(15858): [SurfaceView[com.vanced.android.youtube/com.google.android.apps.youtube.app.watchwhile.WatchWhileActivity]#1(BLAST Consumer)1](id:3df200000001,api:3,p:15858,c:15858) detachBuffer: slot 31 is not owned by the producer (state = FREE)
03-22 14:18:05.752 E/BufferQueueProducer(15858): [SurfaceView[com.vanced.android.youtube/com.google.android.apps.youtube.app.watchwhile.WatchWhileActivity]#1(BLAST Consumer)1](id:3df200000001,api:3,p:15858,c:15858) detachBuffer: slot 32 is not owned by the producer (state = FREE)
03-22 14:18:05.752 E/BufferQueueProducer(15858): [SurfaceView[com.vanced.android.youtube/com.google.android.apps.youtube.app.watchwhile.WatchWhileActivity]#1(BLAST Consumer)1](id:3df200000001,api:3,p:15858,c:15858) detachBuffer: slot 33 is not owned by the producer (state = FREE)
03-22 14:18:05.752 E/BufferQueueProducer(15858): [SurfaceView[com.vanced.android.youtube/com.google.android.apps.youtube.app.watchwhile.WatchWhileActivity]#1(BLAST Consumer)1](id:3df200000001,api:3,p:15858,c:15858) detachBuffer: slot 34 is not owned by the producer (state = FREE)
03-22 14:18:05.752 E/BufferQueueProducer(15858): [SurfaceView[com.vanced.android.youtube/com.google.android.apps.youtube.app.watchwhile.WatchWhileActivity]#1(BLAST Consumer)1](id:3df200000001,api:3,p:15858,c:15858) detachBuffer: slot 35 is not owned by the producer (state = FREE)
03-22 14:18:05.752 E/BufferQueueProducer(15858): [SurfaceView[com.vanced.android.youtube/com.google.android.apps.youtube.app.watchwhile.WatchWhileActivity]#1(BLAST Consumer)1](id:3df200000001,api:3,p:15858,c:15858) detachBuffer: slot 36 is not owned by the producer (state = FREE)
03-22 14:18:05.752 E/BufferQueueProducer(15858): [SurfaceView[com.vanced.android.youtube/com.google.android.apps.youtube.app.watchwhile.WatchWhileActivity]#1(BLAST Consumer)1](id:3df200000001,api:3,p:15858,c:15858) detachBuffer: slot 37 is not owned by the producer (state = FREE)
03-22 14:18:05.753 E/BufferQueueProducer(15858): [SurfaceView[com.vanced.android.youtube/com.google.android.apps.youtube.app.watchwhile.WatchWhileActivity]#1(BLAST Consumer)1](id:3df200000001,api:3,p:15858,c:15858) detachBuffer: slot 38 is not owned by the producer (state = FREE)
03-22 14:18:05.753 E/BufferQueueProducer(15858): [SurfaceView[com.vanced.android.youtube/com.google.android.apps.youtube.app.watchwhile.WatchWhileActivity]#1(BLAST Consumer)1](id:3df200000001,api:3,p:15858,c:15858) detachBuffer: slot 39 is not owned by the producer (state = FREE)
03-22 14:18:05.753 E/BufferQueueProducer(15858): [SurfaceView[com.vanced.android.youtube/com.google.android.apps.youtube.app.watchwhile.WatchWhileActivity]#1(BLAST Consumer)1](id:3df200000001,api:3,p:15858,c:15858) detachBuffer: slot 40 is not owned by the producer (state = FREE)
03-22 14:18:05.753 E/BufferQueueProducer(15858): [SurfaceView[com.vanced.android.youtube/com.google.android.apps.youtube.app.watchwhile.WatchWhileActivity]#1(BLAST Consumer)1](id:3df200000001,api:3,p:15858,c:15858) detachBuffer: slot 41 is not owned by the producer (state = FREE)
03-22 14:18:05.753 E/BufferQueueProducer(15858): [SurfaceView[com.vanced.android.youtube/com.google.android.apps.youtube.app.watchwhile.WatchWhileActivity]#1(BLAST Consumer)1](id:3df200000001,api:3,p:15858,c:15858) detachBuffer: slot 42 is not owned by the producer (state = FREE)
03-22 14:18:05.753 E/BufferQueueProducer(15858): [SurfaceView[com.vanced.android.youtube/com.google.android.apps.youtube.app.watchwhile.WatchWhileActivity]#1(BLAST Consumer)1](id:3df200000001,api:3,p:15858,c:15858) detachBuffer: slot 43 is not owned by the producer (state = FREE)
03-22 14:18:22.637 E/InputMethodManager(15858): ABORT input: ServedView must be attached to a Window
03-22 14:18:25.444 E/YT.mlplayer(15858): MedialibPlayer.stopVideo()
03-22 14:18:25.490 E/YouTube (15858): Media progress reported outside media playback: PLAYBACK_PENDING
03-22 14:18:25.854 E/YT.mlplayer(15858): MedialibPlayer.loadVideo(cpn=biDioHJ0x1KNXDdm playWhenReady=true positionMs=0 playerEvents=[65] videoId=scrubbed mediaView=107712733(0,0,1080,607) volume=0.0)
03-22 14:18:25.877 E/GmsClient(15858): unable to connect to service: com.google.android.gms.icing.APP_INDEXING_SERVICE on com.mgoogle.android.gms
03-22 14:18:30.006 E/GmsClient(15858): unable to connect to service: com.google.android.gms.droidguard.service.START on com.mgoogle.android.gms
03-22 14:18:31.157 E/FirebaseMessaging(15858): Topic operation failed: SERVICE_NOT_AVAILABLE. Will retry Topic operation.
03-22 14:18:31.180 E/FirebaseMessaging(15858): Topic operation failed: SERVICE_NOT_AVAILABLE. Will retry Topic operation.
03-22 14:18:40.494 E/YT.mlplayer(15858): MedialibPlayer.stopVideo()
03-22 14:18:40.501 E/YT.mlplayer(15858): MedialibPlayer.stopVideo()
03-22 14:18:40.502 E/YT.mlplayer(15858): MedialibPlayer.stopVideo()
03-22 14:18:40.507 E/YT.mlplayer(15858): MedialibPlayer.stopVideo()
03-22 14:18:40.532 E/BufferQueueProducer(15858): [SurfaceView[com.vanced.android.youtube/com.google.android.apps.youtube.app.watchwhile.WatchWhileActivity]#1(BLAST Consumer)1](id:3df200000001,api:3,p:15858,c:15858) detachBuffer: slot 0 is not owned by the producer (state = FREE)
03-22 14:18:40.532 E/BufferQueueProducer(15858): [SurfaceView[com.vanced.android.youtube/com.google.android.apps.youtube.app.watchwhile.WatchWhileActivity]#1(BLAST Consumer)1](id:3df200000001,api:3,p:15858,c:15858) detachBuffer: slot 2 is not owned by the producer (state = ACQUIRED)
03-22 14:18:40.533 E/BufferQueueProducer(15858): [SurfaceView[com.vanced.android.youtube/com.google.android.apps.youtube.app.watchwhile.WatchWhileActivity]#1(BLAST Consumer)1](id:3df200000001,api:3,p:15858,c:15858) detachBuffer: slot 4 is not owned by the producer (state = FREE)
03-22 14:18:40.535 E/BufferQueueProducer(15858): [SurfaceView[com.vanced.android.youtube/com.google.android.apps.youtube.app.watchwhile.WatchWhileActivity]#1(BLAST Consumer)1](id:3df200000001,api:3,p:15858,c:15858) detachBuffer: slot 12 is not owned by the producer (state = FREE)
03-22 14:18:40.536 E/BufferQueueProducer(15858): [SurfaceView[com.vanced.android.youtube/com.google.android.apps.youtube.app.watchwhile.WatchWhileActivity]#1(BLAST Consumer)1](id:3df200000001,api:3,p:15858,c:15858) detachBuffer: slot 14 is not owned by the producer (state = ACQUIRED)
03-22 14:18:40.536 E/BufferQueueProducer(15858): [SurfaceView[com.vanced.android.youtube/com.google.android.apps.youtube.app.watchwhile.WatchWhileActivity]#1(BLAST Consumer)1](id:3df200000001,api:3,p:15858,c:15858) detachBuffer: slot 16 is not owned by the producer (state = FREE)
03-22 14:18:40.537 E/BufferQueueProducer(15858): [SurfaceView[com.vanced.android.youtube/com.google.android.apps.youtube.app.watchwhile.WatchWhileActivity]#1(BLAST Consumer)1](id:3df200000001,api:3,p:15858,c:15858) detachBuffer: slot 19 is not owned by the producer (state = FREE)
03-22 14:18:40.538 E/BufferQueueProducer(15858): [SurfaceView[com.vanced.android.youtube/com.google.android.apps.youtube.app.watchwhile.WatchWhileActivity]#1(BLAST Consumer)1](id:3df200000001,api:3,p:15858,c:15858) detachBuffer: slot 21 is not owned by the producer (state = FREE)
03-22 14:18:40.538 E/BufferQueueProducer(15858): [SurfaceView[com.vanced.android.youtube/com.google.android.apps.youtube.app.watchwhile.WatchWhileActivity]#1(BLAST Consumer)1](id:3df200000001,api:3,p:15858,c:15858) detachBuffer: slot 22 is not owned by the producer (state = FREE)
03-22 14:18:40.538 E/BufferQueueProducer(15858): [SurfaceView[com.vanced.android.youtube/com.google.android.apps.youtube.app.watchwhile.WatchWhileActivity]#1(BLAST Consumer)1](id:3df200000001,api:3,p:15858,c:15858) detachBuffer: slot 24 is not owned by the producer (state = FREE)
03-22 14:18:40.538 E/BufferQueueProducer(15858): [SurfaceView[com.vanced.android.youtube/com.google.android.apps.youtube.app.watchwhile.WatchWhileActivity]#1(BLAST Consumer)1](id:3df200000001,api:3,p:15858,c:15858) detachBuffer: slot 25 is not owned by the producer (state = FREE)
03-22 14:18:40.538 E/BufferQueueProducer(15858): [SurfaceView[com.vanced.android.youtube/com.google.android.apps.youtube.app.watchwhile.WatchWhileActivity]#1(BLAST Consumer)1](id:3df200000001,api:3,p:15858,c:15858) detachBuffer: slot 26 is not owned by the producer (state = FREE)
03-22 14:18:40.538 E/BufferQueueProducer(15858): [SurfaceView[com.vanced.android.youtube/com.google.android.apps.youtube.app.watchwhile.WatchWhileActivity]#1(BLAST Consumer)1](id:3df200000001,api:3,p:15858,c:15858) detachBuffer: slot 27 is not owned by the producer (state = FREE)
03-22 14:18:40.539 E/BufferQueueProducer(15858): [SurfaceView[com.vanced.android.youtube/com.google.android.apps.youtube.app.watchwhile.WatchWhileActivity]#1(BLAST Consumer)1](id:3df200000001,api:3,p:15858,c:15858) detachBuffer: slot 28 is not owned by the producer (state = FREE)
03-22 14:18:40.539 E/BufferQueueProducer(15858): [SurfaceView[com.vanced.android.youtube/com.google.android.apps.youtube.app.watchwhile.WatchWhileActivity]#1(BLAST Consumer)1](id:3df200000001,api:3,p:15858,c:15858) detachBuffer: slot 29 is not owned by the producer (state = FREE)
03-22 14:18:40.539 E/BufferQueueProducer(15858): [SurfaceView[com.vanced.android.youtube/com.google.android.apps.youtube.app.watchwhile.WatchWhileActivity]#1(BLAST Consumer)1](id:3df200000001,api:3,p:15858,c:15858) detachBuffer: slot 30 is not owned by the producer (state = FREE)
03-22 14:18:40.539 E/BufferQueueProducer(15858): [SurfaceView[com.vanced.android.youtube/com.google.android.apps.youtube.app.watchwhile.WatchWhileActivity]#1(BLAST Consumer)1](id:3df200000001,api:3,p:15858,c:15858) detachBuffer: slot 31 is not owned by the producer (state = FREE)
03-22 14:18:40.539 E/BufferQueueProducer(15858): [SurfaceView[com.vanced.android.youtube/com.google.android.apps.youtube.app.watchwhile.WatchWhileActivity]#1(BLAST Consumer)1](id:3df200000001,api:3,p:15858,c:15858) detachBuffer: slot 32 is not owned by the producer (state = FREE)
03-22 14:18:40.539 E/BufferQueueProducer(15858): [SurfaceView[com.vanced.android.youtube/com.google.android.apps.youtube.app.watchwhile.WatchWhileActivity]#1(BLAST Consumer)1](id:3df200000001,api:3,p:15858,c:15858) detachBuffer: slot 33 is not owned by the producer (state = FREE)
03-22 14:18:40.539 E/BufferQueueProducer(15858): [SurfaceView[com.vanced.android.youtube/com.google.android.apps.youtube.app.watchwhile.WatchWhileActivity]#1(BLAST Consumer)1](id:3df200000001,api:3,p:15858,c:15858) detachBuffer: slot 34 is not owned by the producer (state = FREE)
